<html>
<body>
<pre>
<h1>µVision Build Log</h1>
<h2>Tool Versions:</h2>
IDE-Version: ¦ÌVision V5.39.0.0
Copyright (C) 2023 ARM Ltd and ARM Germany GmbH. All rights reserved.
License Information: 11 Lenovo, 22, LIC=UJWP0-B4GU8-74ZS0-BRAUW-BYKSI-V4V5W
 
Tool Versions:
Toolchain:       MDK-ARM Plus  Version: 5.39.0.0
Toolchain Path:  E:\ProgramingDownload\Keil5Download\core\ARM\ARMCLANG\Bin
C Compiler:      ArmClang.exe V6.21
Assembler:       Armasm.exe V6.21
Linker/Locator:  ArmLink.exe V6.21
Library Manager: ArmAr.exe V6.21
Hex Converter:   FromElf.exe V6.21
CPU DLL:         SARMCM3.DLL V5.39.0.0
Dialog DLL:      DCM.DLL V1.17.5.0
Target DLL:      STLink\ST-LINKIII-KEIL_SWO.dll V3.2.0.0
Dialog DLL:      TCM.DLL V1.56.4.0
 
<h2>Project:</h2>
E:\Volleyball_Robot\R1_test_copy\R1_cocontroladd_world\MDK-ARM\F407_whole_car.uvprojx
Project File Date:  07/01/2025

<h2>Output:</h2>
*** Using Compiler 'V6.21', folder: 'E:\ProgramingDownload\Keil5Download\core\ARM\ARMCLANG\Bin'
Rebuild target 'F407_whole_car'
assembling startup_stm32f407xx.s...
compiling stm32f4xx_hal_flash_ramfunc.c...
compiling stm32f4xx_it.c...
compiling gpio.c...
compiling stm32f4xx_hal_msp.c...
compiling tim.c...
compiling usart.c...
compiling can.c...
compiling stm32f4xx_hal_rcc_ex.c...
compiling stm32f4xx_hal_flash.c...
compiling stm32f4xx_hal_flash_ex.c...
compiling stm32f4xx_hal_gpio.c...
compiling stm32f4xx_hal_dma_ex.c...
compiling main.c...
compiling stm32f4xx_hal_rcc.c...
compiling stm32f4xx_hal_can.c...
compiling stm32f4xx_hal_pwr.c...
compiling stm32f4xx_hal_pwr_ex.c...
compiling stm32f4xx_hal_dma.c...
compiling system_stm32f4xx.c...
compiling stm32f4xx_hal.c...
compiling stm32f4xx_hal_exti.c...
compiling bsp_can.c...
compiling stm32f4xx_hal_cortex.c...
compiling pid.c...
compiling bsp_delay.c...
compiling pid_user.c...
compiling CAN_receive.c...
compiling F_XandY.c...
compiling velocity_calc.c...
compiling hwt605.c...
compiling stm32f4xx_hal_tim_ex.c...
compiling displacement_PID.c...
compiling timer_app.c...
compiling uart_app.c...
compiling delta_clac.c...
compiling stm32f4xx_hal_uart.c...
compiling main_app.c...
compiling function_for_uart.c...
compiling automatic_control_promote.c...
compiling stm32f4xx_hal_tim.c...
compiling Mi.c...
linking...
Program Size: Code=28872 RO-data=744 RW-data=364 ZI-data=9204  
FromELF: creating hex file...
"F407_whole_car\F407_whole_car.axf" - 0 Error(s), 0 Warning(s).

<h2>Software Packages used:</h2>

Package Vendor: ARM
                http://www.keil.com/pack/ARM.CMSIS.5.9.0.pack
                ARM::CMSIS@5.9.0
                CMSIS (Common Microcontroller Software Interface Standard)
   * Component: CORE Version: 5.6.0

Package Vendor: Keil
                https://www.keil.com/pack/Keil.STM32F4xx_DFP.3.0.0.pack
                Keil::STM32F4xx_DFP@3.0.0
                STMicroelectronics STM32F4 Series Device Support

<h2>Collection of Component include folders:</h2>
  ./RTE/_F407_whole_car
  E:/ProgramingDownload/Keil5Download/pack/ARM/CMSIS/5.9.0/CMSIS/Core/Include

<h2>Collection of Component Files used:</h2>

   * Component: ARM::CMSIS:CORE@5.6.0
      Include file:  CMSIS/Core/Include/tz_context.h
Build Time Elapsed:  00:00:02
</pre>
</body>
</html>
