Component: Arm Compiler for Embedded 6.21 Tool: armlink [5ec1fa00]

==============================================================================

Section Cross References

    startup_stm32f407xx.o(STACK) refers (Special) to heapauxi.o(.text) for __use_two_region_memory
    startup_stm32f407xx.o(HEAP) refers (Special) to heapauxi.o(.text) for __use_two_region_memory
    startup_stm32f407xx.o(RESET) refers (Special) to heapauxi.o(.text) for __use_two_region_memory
    startup_stm32f407xx.o(RESET) refers to startup_stm32f407xx.o(STACK) for __initial_sp
    startup_stm32f407xx.o(RESET) refers to startup_stm32f407xx.o(.text) for Reset_Handler
    startup_stm32f407xx.o(RESET) refers to stm32f4xx_it.o(.text.NMI_Handler) for NMI_Handler
    startup_stm32f407xx.o(RESET) refers to stm32f4xx_it.o(.text.HardFault_Handler) for HardFault_Handler
    startup_stm32f407xx.o(RESET) refers to stm32f4xx_it.o(.text.MemManage_Handler) for MemManage_Handler
    startup_stm32f407xx.o(RESET) refers to stm32f4xx_it.o(.text.BusFault_Handler) for BusFault_Handler
    startup_stm32f407xx.o(RESET) refers to stm32f4xx_it.o(.text.UsageFault_Handler) for UsageFault_Handler
    startup_stm32f407xx.o(RESET) refers to stm32f4xx_it.o(.text.SVC_Handler) for SVC_Handler
    startup_stm32f407xx.o(RESET) refers to stm32f4xx_it.o(.text.DebugMon_Handler) for DebugMon_Handler
    startup_stm32f407xx.o(RESET) refers to stm32f4xx_it.o(.text.PendSV_Handler) for PendSV_Handler
    startup_stm32f407xx.o(RESET) refers to stm32f4xx_it.o(.text.SysTick_Handler) for SysTick_Handler
    startup_stm32f407xx.o(RESET) refers to stm32f4xx_it.o(.text.CAN1_TX_IRQHandler) for CAN1_TX_IRQHandler
    startup_stm32f407xx.o(RESET) refers to stm32f4xx_it.o(.text.CAN1_RX0_IRQHandler) for CAN1_RX0_IRQHandler
    startup_stm32f407xx.o(RESET) refers to stm32f4xx_it.o(.text.CAN1_RX1_IRQHandler) for CAN1_RX1_IRQHandler
    startup_stm32f407xx.o(RESET) refers to stm32f4xx_it.o(.text.CAN1_SCE_IRQHandler) for CAN1_SCE_IRQHandler
    startup_stm32f407xx.o(RESET) refers to stm32f4xx_it.o(.text.TIM2_IRQHandler) for TIM2_IRQHandler
    startup_stm32f407xx.o(RESET) refers to stm32f4xx_it.o(.text.USART1_IRQHandler) for USART1_IRQHandler
    startup_stm32f407xx.o(RESET) refers to stm32f4xx_it.o(.text.USART2_IRQHandler) for USART2_IRQHandler
    startup_stm32f407xx.o(RESET) refers to stm32f4xx_it.o(.text.UART4_IRQHandler) for UART4_IRQHandler
    startup_stm32f407xx.o(RESET) refers to stm32f4xx_it.o(.text.CAN2_TX_IRQHandler) for CAN2_TX_IRQHandler
    startup_stm32f407xx.o(RESET) refers to stm32f4xx_it.o(.text.CAN2_RX0_IRQHandler) for CAN2_RX0_IRQHandler
    startup_stm32f407xx.o(.text) refers (Special) to heapauxi.o(.text) for __use_two_region_memory
    startup_stm32f407xx.o(.text) refers to system_stm32f4xx.o(.text.SystemInit) for SystemInit
    startup_stm32f407xx.o(.text) refers to __main.o(!!!main) for __main
    startup_stm32f407xx.o(.text) refers to startup_stm32f407xx.o(HEAP) for Heap_Mem
    startup_stm32f407xx.o(.text) refers to startup_stm32f407xx.o(STACK) for Stack_Mem
    main.o(.text.main) refers to stm32f4xx_hal.o(.text.HAL_Init) for HAL_Init
    main.o(.text.main) refers to main.o(.text.SystemClock_Config) for SystemClock_Config
    main.o(.text.main) refers to gpio.o(.text.MX_GPIO_Init) for MX_GPIO_Init
    main.o(.text.main) refers to can.o(.text.MX_CAN1_Init) for MX_CAN1_Init
    main.o(.text.main) refers to can.o(.text.MX_CAN2_Init) for MX_CAN2_Init
    main.o(.text.main) refers to usart.o(.text.MX_USART1_UART_Init) for MX_USART1_UART_Init
    main.o(.text.main) refers to tim.o(.text.MX_TIM2_Init) for MX_TIM2_Init
    main.o(.text.main) refers to usart.o(.text.MX_USART2_UART_Init) for MX_USART2_UART_Init
    main.o(.text.main) refers to usart.o(.text.MX_UART4_Init) for MX_UART4_Init
    main.o(.text.main) refers to main_app.o(.text.user_init) for user_init
    main.o(.text.main) refers to timer_app.o(.bss.time_up) for time_up
    main.o(.text.main) refers to uart_app.o(.data.run_mode) for run_mode
    main.o(.text.main) refers to main_app.o(.text.world_velocity_mode_run) for world_velocity_mode_run
    main.o(.text.main) refers to main_app.o(.text.cybergear_control) for cybergear_control
    main.o(.text.main) refers to main_app.o(.text.msg_control) for msg_control
    main.o(.text.main) refers to main_app.o(.text.delta_control) for delta_control
    main.o(.text.main) refers to main_app.o(.text.local_velocity_mode_run) for local_velocity_mode_run
    main.o(.text.main) refers to main_app.o(.text.world_displacement_mode_run) for world_displacement_mode_run
    main.o(.ARM.exidx.text.main) refers to main.o(.text.main) for [Anonymous Symbol]
    main.o(.text.SystemClock_Config) refers to stm32f4xx_hal_rcc.o(.text.HAL_RCC_OscConfig) for HAL_RCC_OscConfig
    main.o(.text.SystemClock_Config) refers to stm32f4xx_hal_rcc.o(.text.HAL_RCC_ClockConfig) for HAL_RCC_ClockConfig
[...]
    DMA2_Stream2_IRQHandler                  0x080002af   Thumb Code     0  startup_stm32f407xx.o(.text)
    DMA2_Stream3_IRQHandler                  0x080002af   Thumb Code     0  startup_stm32f407xx.o(.text)
    DMA2_Stream4_IRQHandler                  0x080002af   Thumb Code     0  startup_stm32f407xx.o(.text)
    DMA2_Stream5_IRQHandler                  0x080002af   Thumb Code     0  startup_stm32f407xx.o(.text)
    DMA2_Stream6_IRQHandler                  0x080002af   Thumb Code     0  startup_stm32f407xx.o(.text)
    DMA2_Stream7_IRQHandler                  0x080002af   Thumb Code     0  startup_stm32f407xx.o(.text)
    ETH_IRQHandler                           0x080002af   Thumb Code     0  startup_stm32f407xx.o(.text)
    ETH_WKUP_IRQHandler                      0x080002af   Thumb Code     0  startup_stm32f407xx.o(.text)
    EXTI0_IRQHandler                         0x080002af   Thumb Code     0  startup_stm32f407xx.o(.text)
    EXTI15_10_IRQHandler                     0x080002af   Thumb Code     0  startup_stm32f407xx.o(.text)
    EXTI1_IRQHandler                         0x080002af   Thumb Code     0  startup_stm32f407xx.o(.text)
    EXTI2_IRQHandler                         0x080002af   Thumb Code     0  startup_stm32f407xx.o(.text)
    EXTI3_IRQHandler                         0x080002af   Thumb Code     0  startup_stm32f407xx.o(.text)
    EXTI4_IRQHandler                         0x080002af   Thumb Code     0  startup_stm32f407xx.o(.text)
    EXTI9_5_IRQHandler                       0x080002af   Thumb Code     0  startup_stm32f407xx.o(.text)
    FLASH_IRQHandler                         0x080002af   Thumb Code     0  startup_stm32f407xx.o(.text)
    FMC_IRQHandler                           0x080002af   Thumb Code     0  startup_stm32f407xx.o(.text)
    FPU_IRQHandler                           0x080002af   Thumb Code     0  startup_stm32f407xx.o(.text)
    HASH_RNG_IRQHandler                      0x080002af   Thumb Code     0  startup_stm32f407xx.o(.text)
    I2C1_ER_IRQHandler                       0x080002af   Thumb Code     0  startup_stm32f407xx.o(.text)
    I2C1_EV_IRQHandler                       0x080002af   Thumb Code     0  startup_stm32f407xx.o(.text)
    I2C2_ER_IRQHandler                       0x080002af   Thumb Code     0  startup_stm32f407xx.o(.text)
    I2C2_EV_IRQHandler                       0x080002af   Thumb Code     0  startup_stm32f407xx.o(.text)
    I2C3_ER_IRQHandler                       0x080002af   Thumb Code     0  startup_stm32f407xx.o(.text)
    I2C3_EV_IRQHandler                       0x080002af   Thumb Code     0  startup_stm32f407xx.o(.text)
    OTG_FS_IRQHandler                        0x080002af   Thumb Code     0  startup_stm32f407xx.o(.text)
    OTG_FS_WKUP_IRQHandler                   0x080002af   Thumb Code     0  startup_stm32f407xx.o(.text)
    OTG_HS_EP1_IN_IRQHandler                 0x080002af   Thumb Code     0  startup_stm32f407xx.o(.text)
    OTG_HS_EP1_OUT_IRQHandler                0x080002af   Thumb Code     0  startup_stm32f407xx.o(.text)
    OTG_HS_IRQHandler                        0x080002af   Thumb Code     0  startup_stm32f407xx.o(.text)
    OTG_HS_WKUP_IRQHandler                   0x080002af   Thumb Code     0  startup_stm32f407xx.o(.text)
    PVD_IRQHandler                           0x080002af   Thumb Code     0  startup_stm32f407xx.o(.text)
    RCC_IRQHandler                           0x080002af   Thumb Code     0  startup_stm32f407xx.o(.text)
    RTC_Alarm_IRQHandler                     0x080002af   Thumb Code     0  startup_stm32f407xx.o(.text)
    RTC_WKUP_IRQHandler                      0x080002af   Thumb Code     0  startup_stm32f407xx.o(.text)
    SDIO_IRQHandler                          0x080002af   Thumb Code     0  startup_stm32f407xx.o(.text)
    SPI1_IRQHandler                          0x080002af   Thumb Code     0  startup_stm32f407xx.o(.text)
    SPI2_IRQHandler                          0x080002af   Thumb Code     0  startup_stm32f407xx.o(.text)
    SPI3_IRQHandler                          0x080002af   Thumb Code     0  startup_stm32f407xx.o(.text)
    TAMP_STAMP_IRQHandler                    0x080002af   Thumb Code     0  startup_stm32f407xx.o(.text)
    TIM1_BRK_TIM9_IRQHandler                 0x080002af   Thumb Code     0  startup_stm32f407xx.o(.text)
    TIM1_CC_IRQHandler                       0x080002af   Thumb Code     0  startup_stm32f407xx.o(.text)
    TIM1_TRG_COM_TIM11_IRQHandler            0x080002af   Thumb Code     0  startup_stm32f407xx.o(.text)
    TIM1_UP_TIM10_IRQHandler                 0x080002af   Thumb Code     0  startup_stm32f407xx.o(.text)
    TIM3_IRQHandler                          0x080002af   Thumb Code     0  startup_stm32f407xx.o(.text)
    TIM4_IRQHandler                          0x080002af   Thumb Code     0  startup_stm32f407xx.o(.text)
    TIM5_IRQHandler                          0x080002af   Thumb Code     0  startup_stm32f407xx.o(.text)
    TIM6_DAC_IRQHandler                      0x080002af   Thumb Code     0  startup_stm32f407xx.o(.text)
    TIM7_IRQHandler                          0x080002af   Thumb Code     0  startup_stm32f407xx.o(.text)
    TIM8_BRK_TIM12_IRQHandler                0x080002af   Thumb Code     0  startup_stm32f407xx.o(.text)
    TIM8_CC_IRQHandler                       0x080002af   Thumb Code     0  startup_stm32f407xx.o(.text)
    TIM8_TRG_COM_TIM14_IRQHandler            0x080002af   Thumb Code     0  startup_stm32f407xx.o(.text)
    TIM8_UP_TIM13_IRQHandler                 0x080002af   Thumb Code     0  startup_stm32f407xx.o(.text)
    UART5_IRQHandler                         0x080002af   Thumb Code     0  startup_stm32f407xx.o(.text)
    USART3_IRQHandler                        0x080002af   Thumb Code     0  startup_stm32f407xx.o(.text)
    USART6_IRQHandler                        0x080002af   Thumb Code     0  startup_stm32f407xx.o(.text)
    WWDG_IRQHandler                          0x080002af   Thumb Code     0  startup_stm32f407xx.o(.text)
    __user_initial_stackheap                 0x080002b1   Thumb Code     0  startup_stm32f407xx.o(.text)
    __aeabi_uldivmod                         0x080002d5   Thumb Code     0  lludivv7m.o(.text)
    _ll_udiv                                 0x080002d5   Thumb Code   240  lludivv7m.o(.text)
    __aeabi_memcpy                           0x080003c5   Thumb Code     0  rt_memcpy_v6.o(.text)
    __rt_memcpy                              0x080003c5   Thumb Code   138  rt_memcpy_v6.o(.text)
    _memcpy_lastbytes                        0x0800042b   Thumb Code     0  rt_memcpy_v6.o(.text)
    __use_two_region_memory                  0x0800044f   Thumb Code     2  heapauxi.o(.text)
    __rt_heap_escrow$2region                 0x08000451   Thumb Code     2  heapauxi.o(.text)
    __rt_heap_expand$2region                 0x08000453   Thumb Code     2  heapauxi.o(.text)
    __read_errno                             0x08000455   Thumb Code    10  _rserrno.o(.text)
    __set_errno                              0x0800045f   Thumb Code    12  _rserrno.o(.text)
    __aeabi_memcpy4                          0x0800046b   Thumb Code     0  rt_memcpy_w.o(.text)
    __aeabi_memcpy8                          0x0800046b   Thumb Code     0  rt_memcpy_w.o(.text)
    __rt_memcpy_w                            0x0800046b   Thumb Code   100  rt_memcpy_w.o(.text)
    _memcpy_lastbytes_aligned                0x080004b3   Thumb Code     0  rt_memcpy_w.o(.text)
    __aeabi_errno_addr                       0x080004d1   Thumb Code     8  rt_errno_addr_intlibspace.o(.text)
    __errno$intlibspace                      0x080004d1   Thumb Code     0  rt_errno_addr_intlibspace.o(.text)
    __rt_errno_addr$intlibspace              0x080004d1   Thumb Code     0  rt_errno_addr_intlibspace.o(.text)
    __user_libspace                          0x080004d9   Thumb Code     8  libspace.o(.text)
    __user_perproc_libspace                  0x080004d9   Thumb Code     0  libspace.o(.text)
    __user_perthread_libspace                0x080004d9   Thumb Code     0  libspace.o(.text)
    __user_setup_stackheap                   0x080004e1   Thumb Code    74  sys_stackheap_outer.o(.text)
    exit                                     0x0800052b   Thumb Code    18  exit.o(.text)
    _sys_exit                                0x0800053d   Thumb Code     8  sys_exit.o(.text)
    __I$use$semihosting                      0x08000549   Thumb Code     0  use_no_semi.o(.text)
    __use_no_semihosting_swi                 0x08000549   Thumb Code     2  use_no_semi.o(.text)
    __semihosting_library_function           0x0800054b   Thumb Code     0  indicate_semi.o(.text)
    BusFault_Handler                         0x0800054d   Thumb Code     2  stm32f4xx_it.o(.text.BusFault_Handler)
    CAN1_CMD_1                               0x08000551   Thumb Code   104  can_receive.o(.text.CAN1_CMD_1)
    CAN1_CMD_2                               0x080005b9   Thumb Code   104  can_receive.o(.text.CAN1_CMD_2)
    CAN1_Filter_Init                         0x08000621   Thumb Code    44  bsp_can.o(.text.CAN1_Filter_Init)
    CAN1_RX0_IRQHandler                      0x0800064d   Thumb Code    12  stm32f4xx_it.o(.text.CAN1_RX0_IRQHandler)
    CAN1_RX1_IRQHandler                      0x08000659   Thumb Code    12  stm32f4xx_it.o(.text.CAN1_RX1_IRQHandler)
    CAN1_SCE_IRQHandler                      0x08000665   Thumb Code    12  stm32f4xx_it.o(.text.CAN1_SCE_IRQHandler)
    CAN1_TX_IRQHandler                       0x08000671   Thumb Code    12  stm32f4xx_it.o(.text.CAN1_TX_IRQHandler)
    CAN2_Filter_Init                         0x0800067d   Thumb Code    64  bsp_can.o(.text.CAN2_Filter_Init)
    CAN2_RX0_IRQHandler                      0x080006bd   Thumb Code    12  stm32f4xx_it.o(.text.CAN2_RX0_IRQHandler)
    CAN2_TX_IRQHandler                       0x080006c9   Thumb Code    12  stm32f4xx_it.o(.text.CAN2_TX_IRQHandler)
    CAN_Start                                0x080006d5   Thumb Code    30  bsp_can.o(.text.CAN_Start)
    DWT_Init                                 0x080006f5   Thumb Code    38  bsp_delay.o(.text.DWT_Init)
    DebugMon_Handler                         0x0800071d   Thumb Code     2  stm32f4xx_it.o(.text.DebugMon_Handler)
    Error_Handler                            0x08000721   Thumb Code     6  main.o(.text.Error_Handler)
    HAL_CAN_ActivateNotification             0x08000729   Thumb Code    38  stm32f4xx_hal_can.o(.text.HAL_CAN_ActivateNotification)
    HAL_CAN_AddTxMessage                     0x08000751   Thumb Code   150  stm32f4xx_hal_can.o(.text.HAL_CAN_AddTxMessage)
    HAL_CAN_ConfigFilter                     0x080007e9   Thumb Code   222  stm32f4xx_hal_can.o(.text.HAL_CAN_ConfigFilter)
    HAL_CAN_ErrorCallback                    0x080008c9   Thumb Code     2  stm32f4xx_hal_can.o(.text.HAL_CAN_ErrorCallback)
    HAL_CAN_GetRxMessage                     0x080008cd   Thumb Code   282  stm32f4xx_hal_can.o(.text.HAL_CAN_GetRxMessage)
    HAL_CAN_GetTxMailboxesFreeLevel          0x080009e9   Thumb Code    40  stm32f4xx_hal_can.o(.text.HAL_CAN_GetTxMailboxesFreeLevel)
    HAL_CAN_IRQHandler                       0x08000a11   Thumb Code   578  stm32f4xx_hal_can.o(.text.HAL_CAN_IRQHandler)
    HAL_CAN_Init                             0x08000c55   Thumb Code   244  stm32f4xx_hal_can.o(.text.HAL_CAN_Init)
    HAL_CAN_MspInit                          0x08000d49   Thumb Code   358  can.o(.text.HAL_CAN_MspInit)
    HAL_CAN_RxFifo0FullCallback              0x08000eb1   Thumb Code     2  stm32f4xx_hal_can.o(.text.HAL_CAN_RxFifo0FullCallback)
    HAL_CAN_RxFifo0MsgPendingCallback        0x08000eb5   Thumb Code   576  can_receive.o(.text.HAL_CAN_RxFifo0MsgPendingCallback)
    HAL_CAN_RxFifo1FullCallback              0x080010f5   Thumb Code     2  stm32f4xx_hal_can.o(.text.HAL_CAN_RxFifo1FullCallback)
    HAL_CAN_RxFifo1MsgPendingCallback        0x080010f9   Thumb Code     2  stm32f4xx_hal_can.o(.text.HAL_CAN_RxFifo1MsgPendingCallback)
    HAL_CAN_SleepCallback                    0x080010fd   Thumb Code     2  stm32f4xx_hal_can.o(.text.HAL_CAN_SleepCallback)
    HAL_CAN_Start                            0x08001101   Thumb Code    90  stm32f4xx_hal_can.o(.text.HAL_CAN_Start)
    HAL_CAN_TxMailbox0AbortCallback          0x0800115d   Thumb Code     2  stm32f4xx_hal_can.o(.text.HAL_CAN_TxMailbox0AbortCallback)
    HAL_CAN_TxMailbox0CompleteCallback       0x08001161   Thumb Code     2  stm32f4xx_hal_can.o(.text.HAL_CAN_TxMailbox0CompleteCallback)
    HAL_CAN_TxMailbox1AbortCallback          0x08001165   Thumb Code     2  stm32f4xx_hal_can.o(.text.HAL_CAN_TxMailbox1AbortCallback)
    HAL_CAN_TxMailbox1CompleteCallback       0x08001169   Thumb Code     2  stm32f4xx_hal_can.o(.text.HAL_CAN_TxMailbox1CompleteCallback)
    HAL_CAN_TxMailbox2AbortCallback          0x0800116d   Thumb Code     2  stm32f4xx_hal_can.o(.text.HAL_CAN_TxMailbox2AbortCallback)
    HAL_CAN_TxMailbox2CompleteCallback       0x08001171   Thumb Code     2  stm32f4xx_hal_can.o(.text.HAL_CAN_TxMailbox2CompleteCallback)
    HAL_CAN_WakeUpFromRxMsgCallback          0x08001175   Thumb Code     2  stm32f4xx_hal_can.o(.text.HAL_CAN_WakeUpFromRxMsgCallback)
    HAL_DMA_Abort                            0x08001179   Thumb Code   128  stm32f4xx_hal_dma.o(.text.HAL_DMA_Abort)
    HAL_DMA_Abort_IT                         0x080011f9   Thumb Code    36  stm32f4xx_hal_dma.o(.text.HAL_DMA_Abort_IT)
    HAL_Delay                                0x0800121d   Thumb Code    40  stm32f4xx_hal.o(.text.HAL_Delay)
    HAL_GPIO_Init                            0x08001245   Thumb Code   414  stm32f4xx_hal_gpio.o(.text.HAL_GPIO_Init)
    HAL_GetTick                              0x080013e5   Thumb Code    12  stm32f4xx_hal.o(.text.HAL_GetTick)
    HAL_IncTick                              0x080013f1   Thumb Code    26  stm32f4xx_hal.o(.text.HAL_IncTick)
    HAL_Init                                 0x0800140d   Thumb Code    54  stm32f4xx_hal.o(.text.HAL_Init)
    HAL_InitTick                             0x08001445   Thumb Code    80  stm32f4xx_hal.o(.text.HAL_InitTick)
    HAL_MspInit                              0x08001495   Thumb Code    56  stm32f4xx_hal_msp.o(.text.HAL_MspInit)
    HAL_NVIC_EnableIRQ                       0x080014cd   Thumb Code    34  stm32f4xx_hal_cortex.o(.text.HAL_NVIC_EnableIRQ)
    HAL_NVIC_SetPriority                     0x080014f1   Thumb Code    86  stm32f4xx_hal_cortex.o(.text.HAL_NVIC_SetPriority)
    HAL_NVIC_SetPriorityGrouping             0x08001549   Thumb Code    32  stm32f4xx_hal_cortex.o(.text.HAL_NVIC_SetPriorityGrouping)
    HAL_RCC_ClockConfig                      0x08001569   Thumb Code   352  stm32f4xx_hal_rcc.o(.text.HAL_RCC_ClockConfig)
    HAL_RCC_GetPCLK1Freq                     0x080016c9   Thumb Code    38  stm32f4xx_hal_rcc.o(.text.HAL_RCC_GetPCLK1Freq)
    HAL_RCC_GetPCLK2Freq                     0x080016f1   Thumb Code    38  stm32f4xx_hal_rcc.o(.text.HAL_RCC_GetPCLK2Freq)
    HAL_RCC_GetSysClockFreq                  0x08001719   Thumb Code   106  stm32f4xx_hal_rcc.o(.text.HAL_RCC_GetSysClockFreq)
    HAL_RCC_OscConfig                        0x08001785   Thumb Code   884  stm32f4xx_hal_rcc.o(.text.HAL_RCC_OscConfig)
    HAL_SYSTICK_Config                       0x08001af9   Thumb Code    44  stm32f4xx_hal_cortex.o(.text.HAL_SYSTICK_Config)
    HAL_TIMEx_BreakCallback                  0x08001b25   Thumb Code     2  stm32f4xx_hal_tim_ex.o(.text.HAL_TIMEx_BreakCallback)
    HAL_TIMEx_CommutCallback                 0x08001b29   Thumb Code     2  stm32f4xx_hal_tim_ex.o(.text.HAL_TIMEx_CommutCallback)
    HAL_TIMEx_MasterConfigSynchronization    0x08001b2d   Thumb Code   182  stm32f4xx_hal_tim_ex.o(.text.HAL_TIMEx_MasterConfigSynchronization)
    HAL_TIM_Base_Init                        0x08001be5   Thumb Code    90  stm32f4xx_hal_tim.o(.text.HAL_TIM_Base_Init)
    HAL_TIM_Base_MspInit                     0x08001c41   Thumb Code    66  tim.o(.text.HAL_TIM_Base_MspInit)
    HAL_TIM_Base_Start_IT                    0x08001c85   Thumb Code   168  stm32f4xx_hal_tim.o(.text.HAL_TIM_Base_Start_IT)
    HAL_TIM_ConfigClockSource                0x08001d2d   Thumb Code   412  stm32f4xx_hal_tim.o(.text.HAL_TIM_ConfigClockSource)
    HAL_TIM_IC_CaptureCallback               0x08001ec9   Thumb Code     2  stm32f4xx_hal_tim.o(.text.HAL_TIM_IC_CaptureCallback)
    HAL_TIM_IRQHandler                       0x08001ecd   Thumb Code   330  stm32f4xx_hal_tim.o(.text.HAL_TIM_IRQHandler)
    HAL_TIM_OC_DelayElapsedCallback          0x08002019   Thumb Code     2  stm32f4xx_hal_tim.o(.text.HAL_TIM_OC_DelayElapsedCallback)
    HAL_TIM_PWM_PulseFinishedCallback        0x0800201d   Thumb Code     2  stm32f4xx_hal_tim.o(.text.HAL_TIM_PWM_PulseFinishedCallback)
    HAL_TIM_PeriodElapsedCallback            0x08002021   Thumb Code    14  timer_app.o(.text.HAL_TIM_PeriodElapsedCallback)
    HAL_TIM_TriggerCallback                  0x08002031   Thumb Code     2  stm32f4xx_hal_tim.o(.text.HAL_TIM_TriggerCallback)
    HAL_UARTEx_RxEventCallback               0x08002035   Thumb Code     2  stm32f4xx_hal_uart.o(.text.HAL_UARTEx_RxEventCallback)
    HAL_UART_ErrorCallback                   0x08002039   Thumb Code     2  stm32f4xx_hal_uart.o(.text.HAL_UART_ErrorCallback)
    HAL_UART_IRQHandler                      0x0800203d   Thumb Code  1380  stm32f4xx_hal_uart.o(.text.HAL_UART_IRQHandler)
    HAL_UART_Init                            0x080025a1   Thumb Code    96  stm32f4xx_hal_uart.o(.text.HAL_UART_Init)
    HAL_UART_MspInit                         0x08002601   Thumb Code   336  usart.o(.text.HAL_UART_MspInit)
    HAL_UART_Receive_IT                      0x08002751   Thumb Code    82  stm32f4xx_hal_uart.o(.text.HAL_UART_Receive_IT)
    HAL_UART_RxCpltCallback                  0x080027a5   Thumb Code   780  uart_app.o(.text.HAL_UART_RxCpltCallback)
    HAL_UART_Transmit                        0x08002abd   Thumb Code   228  stm32f4xx_hal_uart.o(.text.HAL_UART_Transmit)
    HAL_UART_Transmit_IT                     0x08002ba1   Thumb Code    56  stm32f4xx_hal_uart.o(.text.HAL_UART_Transmit_IT)
    HAL_UART_TxCpltCallback                  0x08002bd9   Thumb Code     2  stm32f4xx_hal_uart.o(.text.HAL_UART_TxCpltCallback)
    HardFault_Handler                        0x08002bdd   Thumb Code     2  stm32f4xx_it.o(.text.HardFault_Handler)
    MI_motor_Control                         0x08002be1   Thumb Code   588  mi.o(.text.MI_motor_Control)
    MI_motor_Enable                          0x08002e3d   Thumb Code   108  mi.o(.text.MI_motor_Enable)
    MI_motor_Init                            0x08002ea9   Thumb Code     6  mi.o(.text.MI_motor_Init)
    MI_motor_ModeSwitch                      0x08002eb1   Thumb Code   112  mi.o(.text.MI_motor_ModeSwitch)
    MI_motor_RxDecode                        0x08002f21   Thumb Code   164  mi.o(.text.MI_motor_RxDecode)
    MI_motor_SetMechPositionToZero           0x08002fd9   Thumb Code   112  mi.o(.text.MI_motor_SetMechPositionToZero)
    MX_CAN1_Init                             0x08003049   Thumb Code    58  can.o(.text.MX_CAN1_Init)
    MX_CAN2_Init                             0x08003085   Thumb Code    58  can.o(.text.MX_CAN2_Init)
    MX_GPIO_Init                             0x080030c1   Thumb Code    76  gpio.o(.text.MX_GPIO_Init)
    MX_TIM2_Init                             0x0800310d   Thumb Code   112  tim.o(.text.MX_TIM2_Init)
    MX_UART4_Init                            0x0800317d   Thumb Code    60  usart.o(.text.MX_UART4_Init)
    MX_USART1_UART_Init                      0x080031b9   Thumb Code    60  usart.o(.text.MX_USART1_UART_Init)
    MX_USART2_UART_Init                      0x080031f5   Thumb Code    60  usart.o(.text.MX_USART2_UART_Init)
    MemManage_Handler                        0x08003231   Thumb Code     2  stm32f4xx_it.o(.text.MemManage_Handler)
    NMI_Handler                              0x08003235   Thumb Code     2  stm32f4xx_it.o(.text.NMI_Handler)
    PID_calc                                 0x08003239   Thumb Code   324  pid.o(.text.PID_calc)
    PID_delta_call_down                      0x08003381   Thumb Code    96  pid_user.o(.text.PID_delta_call_down)
    PID_delta_call_up                        0x080033e1   Thumb Code    96  pid_user.o(.text.PID_delta_call_up)
    PID_delta_init                           0x08003441   Thumb Code   872  pid_user.o(.text.PID_delta_init)
    PID_devices_Init                         0x080037c9   Thumb Code   916  pid_user.o(.text.PID_devices_Init)
    PID_init                                 0x08003b8d   Thumb Code    60  pid.o(.text.PID_init)
    PID_velocity_realize_1                   0x08003bc9   Thumb Code    78  pid_user.o(.text.PID_velocity_realize_1)
    PendSV_Handler                           0x08003c19   Thumb Code     2  stm32f4xx_it.o(.text.PendSV_Handler)
    SVC_Handler                              0x08003c1d   Thumb Code     2  stm32f4xx_it.o(.text.SVC_Handler)
    SysTick_Handler                          0x08003c21   Thumb Code     4  stm32f4xx_it.o(.text.SysTick_Handler)
    SystemClock_Config                       0x08003c25   Thumb Code   166  main.o(.text.SystemClock_Config)
    SystemInit                               0x08003ccd   Thumb Code    18  system_stm32f4xx.o(.text.SystemInit)
    TIM2_IRQHandler                          0x08003ce1   Thumb Code    12  stm32f4xx_it.o(.text.TIM2_IRQHandler)
    TIM_Base_SetConfig                       0x08003ced   Thumb Code   308  stm32f4xx_hal_tim.o(.text.TIM_Base_SetConfig)
    UART4_IRQHandler                         0x08003e21   Thumb Code    12  stm32f4xx_it.o(.text.UART4_IRQHandler)
    USART1_IRQHandler                        0x0800401d   Thumb Code    12  stm32f4xx_it.o(.text.USART1_IRQHandler)
    USART2_IRQHandler                        0x08004029   Thumb Code    12  stm32f4xx_it.o(.text.USART2_IRQHandler)
    UsageFault_Handler                       0x08004035   Thumb Code     2  stm32f4xx_it.o(.text.UsageFault_Handler)
    angular_displacement_PID                 0x08004039   Thumb Code   188  hwt605.o(.text.angular_displacement_PID)
    angular_velocity_PID                     0x080040f5   Thumb Code   188  hwt605.o(.text.angular_velocity_PID)
    commander_package_analysis               0x080041b1   Thumb Code   216  function_for_uart.o(.text.commander_package_analysis)
    crc                                      0x08004289   Thumb Code   292  function_for_uart.o(.text.crc)
    crc8_inspecting                          0x080043ad   Thumb Code    90  function_for_uart.o(.text.crc8_inspecting)
    cybergear_control                        0x08004409   Thumb Code    96  main_app.o(.text.cybergear_control)
    delta_control                            0x08004481   Thumb Code   508  main_app.o(.text.delta_control)
    displacement_control_with_omega          0x08004699   Thumb Code   540  displacement_pid.o(.text.displacement_control_with_omega)
    displacement_pid_config                  0x080048b9   Thumb Code    16  displacement_pid.o(.text.displacement_pid_config)
    feedforword_control                      0x080048c9   Thumb Code   320  automatic_control_promote.o(.text.feedforword_control)
    get_delta_position                       0x08004a15   Thumb Code    30  delta_clac.o(.text.get_delta_position)
    get_rnd_count_and_diaplacement           0x08004a39   Thumb Code   184  displacement_pid.o(.text.get_rnd_count_and_diaplacement)
    got_it_the_point                         0x08004af9   Thumb Code    32  uart_app.o(.text.got_it_the_point)
    gyro_acc_filter                          0x08004b19   Thumb Code   126  function_for_uart.o(.text.gyro_acc_filter)
    gyro_omega_filter                        0x08004b99   Thumb Code    62  function_for_uart.o(.text.gyro_omega_filter)
    gyro_position_filter                     0x08004bd9   Thumb Code    62  function_for_uart.o(.text.gyro_position_filter)
    hwt605_init                              0x08004c19   Thumb Code    68  hwt605.o(.text.hwt605_init)
    inverse_solution_matrix_init             0x08004c5d   Thumb Code    30  velocity_calc.o(.text.inverse_solution_matrix_init)
    judgement_of_declearation                0x08004c7d   Thumb Code    68  function_for_uart.o(.text.judgement_of_declearation)
    local_velocity_mode_run                  0x08004cc1   Thumb Code   192  main_app.o(.text.local_velocity_mode_run)
    main                                     0x08004d85   Thumb Code   110  main.o(.text.main)
    matrix_multiply                          0x08004df5   Thumb Code   146  velocity_calc.o(.text.matrix_multiply)
    msg_control                              0x08004e89   Thumb Code    58  main_app.o(.text.msg_control)
    not_got_it_the_point_yet                 0x08004ec5   Thumb Code    28  uart_app.o(.text.not_got_it_the_point_yet)
    pid_call_1                               0x08004ee1   Thumb Code    96  pid_user.o(.text.pid_call_1)
    receiving_datas                          0x08004f41   Thumb Code   168  function_for_uart.o(.text.receiving_datas)
    reset_motor_position                     0x08004fe9   Thumb Code    22  can_receive.o(.text.reset_motor_position)
    rotate_matrix_calc                       0x08005001   Thumb Code   124  velocity_calc.o(.text.rotate_matrix_calc)
    solution_matrix_init                     0x0800507d   Thumb Code    30  velocity_calc.o(.text.solution_matrix_init)
    spatium_designer_init                    0x0800509d   Thumb Code    18  automatic_control_promote.o(.text.spatium_designer_init)
    spatium_designer_set_target              0x080050b1   Thumb Code   116  automatic_control_promote.o(.text.spatium_designer_set_target)
    spatium_designer_update                  0x08005129   Thumb Code   816  automatic_control_promote.o(.text.spatium_designer_update)
    toresult                                 0x0800546d   Thumb Code   340  function_for_uart.o(.text.toresult)
    triple_spatium_designer_init             0x080055c9   Thumb Code    48  automatic_control_promote.o(.text.triple_spatium_designer_init)
    user_init                                0x080055f9   Thumb Code   272  main_app.o(.text.user_init)
    vel_PID_calc                             0x08005729   Thumb Code   344  pid.o(.text.vel_PID_calc)
    vel_designer_init                        0x08005885   Thumb Code    14  automatic_control_promote.o(.text.vel_designer_init)
    waiting_for_pack_head                    0x08005895   Thumb Code   112  function_for_uart.o(.text.waiting_for_pack_head)
    waiting_for_package_tail                 0x08005905   Thumb Code    48  function_for_uart.o(.text.waiting_for_package_tail)
    world_displacement_mode_run              0x08005935   Thumb Code   560  main_app.o(.text.world_displacement_mode_run)
    world_velocity_mode_run                  0x08005b69   Thumb Code   248  main_app.o(.text.world_velocity_mode_run)
    __ARM_fpclassify                         0x08005c71   Thumb Code    48  fpclassify.o(i.__ARM_fpclassify)
    __hardfp_cos                             0x08005ca1   Thumb Code   180  cos.o(i.__hardfp_cos)
    __hardfp_fmodf                           0x08005d69   Thumb Code   176  fmodf.o(i.__hardfp_fmodf)
    __hardfp_sin                             0x08005e19   Thumb Code   180  sin.o(i.__hardfp_sin)
    __ieee754_rem_pio2                       0x08005ee1   Thumb Code   938  rred.o(i.__ieee754_rem_pio2)
    __kernel_cos                             0x08006319   Thumb Code   322  cos_i.o(i.__kernel_cos)
    __kernel_poly                            0x08006489   Thumb Code   248  poly.o(i.__kernel_poly)
    __kernel_sin                             0x08006581   Thumb Code   280  sin_i.o(i.__kernel_sin)
    __mathlib_dbl_infnan                     0x080066b1   Thumb Code    20  dunder.o(i.__mathlib_dbl_infnan)
    __mathlib_dbl_invalid                    0x080066c9   Thumb Code    24  dunder.o(i.__mathlib_dbl_invalid)
    __mathlib_dbl_underflow                  0x080066e9   Thumb Code    24  dunder.o(i.__mathlib_dbl_underflow)
    __mathlib_flt_invalid                    0x08006709   Thumb Code    10  funder.o(i.__mathlib_flt_invalid)
    fabs                                     0x08006719   Thumb Code    24  fabs.o(i.fabs)
    __aeabi_dneg                             0x08006731   Thumb Code     0  basic.o(x$fpl$basic)
    _dneg                                    0x08006731   Thumb Code     6  basic.o(x$fpl$basic)
    __aeabi_fneg                             0x08006737   Thumb Code     0  basic.o(x$fpl$basic)
    _fneg                                    0x08006737   Thumb Code     6  basic.o(x$fpl$basic)
    _dabs                                    0x0800673d   Thumb Code     6  basic.o(x$fpl$basic)
    _fabs                                    0x08006743   Thumb Code     6  basic.o(x$fpl$basic)
    __aeabi_d2f                              0x08006749   Thumb Code     0  d2f.o(x$fpl$d2f)
    _d2f                                     0x08006749   Thumb Code    98  d2f.o(x$fpl$d2f)
    __aeabi_dadd                             0x080067ad   Thumb Code     0  daddsub_clz.o(x$fpl$dadd)
    _dadd                                    0x080067ad   Thumb Code   332  daddsub_clz.o(x$fpl$dadd)
    __aeabi_ddiv                             0x080068fd   Thumb Code     0  ddiv.o(x$fpl$ddiv)
    _ddiv                                    0x080068fd   Thumb Code   556  ddiv.o(x$fpl$ddiv)
    __aeabi_d2iz                             0x08006bb1   Thumb Code     0  dfix.o(x$fpl$dfix)
    _dfix                                    0x08006bb1   Thumb Code    94  dfix.o(x$fpl$dfix)
    __aeabi_i2d                              0x08006c0f   Thumb Code     0  dflt_clz.o(x$fpl$dflt)
    _dflt                                    0x08006c0f   Thumb Code    46  dflt_clz.o(x$fpl$dflt)
    __aeabi_ui2d                             0x08006c3d   Thumb Code     0  dflt_clz.o(x$fpl$dfltu)
    _dfltu                                   0x08006c3d   Thumb Code    38  dflt_clz.o(x$fpl$dfltu)
    __aeabi_dmul                             0x08006c65   Thumb Code     0  dmul.o(x$fpl$dmul)
    _dmul                                    0x08006c65   Thumb Code   332  dmul.o(x$fpl$dmul)
    __fpl_dnaninf                            0x08006db9   Thumb Code   156  dnaninf.o(x$fpl$dnaninf)
    __fpl_dretinf                            0x08006e55   Thumb Code    12  dretinf.o(x$fpl$dretinf)
    __aeabi_drsub                            0x08006e61   Thumb Code     0  daddsub_clz.o(x$fpl$drsb)
    _drsb                                    0x08006e61   Thumb Code    22  daddsub_clz.o(x$fpl$drsb)
    __aeabi_dsub                             0x08006e79   Thumb Code     0  daddsub_clz.o(x$fpl$dsub)
    _dsub                                    0x08006e79   Thumb Code   472  daddsub_clz.o(x$fpl$dsub)
    __aeabi_f2d                              0x08007055   Thumb Code     0  f2d.o(x$fpl$f2d)
    _f2d                                     0x08007055   Thumb Code    86  f2d.o(x$fpl$f2d)
    __fpl_fnaninf                            0x080070ab   Thumb Code   140  fnaninf.o(x$fpl$fnaninf)
    _fp_init                                 0x08007137   Thumb Code    26  fpinit.o(x$fpl$fpinit)
    __fplib_config_fpu_vfp                   0x0800714f   Thumb Code     0  fpinit.o(x$fpl$fpinit)
    __fplib_config_pureend_doubles           0x0800714f   Thumb Code     0  fpinit.o(x$fpl$fpinit)
    _frem                                    0x08007151   Thumb Code   240  frem_clz.o(x$fpl$frem)
    __fpl_fretinf                            0x08007245   Thumb Code    10  fretinf.o(x$fpl$fretinf)
    __I$use$fp                               0x0800724e   Number         0  usenofp.o(x$fpl$usenofp)
    AHBPrescTable                            0x08007378   Data          16  system_stm32f4xx.o(.rodata.AHBPrescTable)
    APBPrescTable                            0x08007388   Data           8  system_stm32f4xx.o(.rodata.APBPrescTable)
    Region$$Table$$Base                      0x08007390   Number         0  anon$$obj.o(Region$$Table)
    Region$$Table$$Limit                     0x080073b0   Number         0  anon$$obj.o(Region$$Table)
    MI_MASTERID                              0x20000000   Data           1  mi.o(.data.MI_MASTERID)
    SystemCoreClock                          0x20000004   Data           4  system_stm32f4xx.o(.data.SystemCoreClock)
    angular_displacement_PID_config          0x20000008   Data          20  hwt605.o(.data.angular_displacement_PID_config)
    angular_velocity_PID_config              0x2000001c   Data          20  hwt605.o(.data.angular_velocity_PID_config)
    delta_position_down_pid                  0x20000030   Data          16  pid_user.o(.data.delta_position_down_pid)
    delta_position_up_pid                    0x20000040   Data          16  pid_user.o(.data.delta_position_up_pid)
    delta_speed_down_pid                     0x20000050   Data          16  pid_user.o(.data.delta_speed_down_pid)
    delta_speed_up_pid                       0x20000060   Data          16  pid_user.o(.data.delta_speed_up_pid)
    inverse_solution_matrix                  0x20000070   Data          36  velocity_calc.o(.data.inverse_solution_matrix)
    motor_position_2006_pid                  0x20000094   Data          16  pid_user.o(.data.motor_position_2006_pid)
    motor_position_classic0_pid              0x200000a4   Data          16  pid_user.o(.data.motor_position_classic0_pid)
    motor_position_classic12_pid             0x200000b4   Data          16  pid_user.o(.data.motor_position_classic12_pid)
    motor_position_delta_pid                 0x200000c4   Data          16  pid_user.o(.data.motor_position_delta_pid)
    motor_speed_2006_pid                     0x200000d4   Data          16  pid_user.o(.data.motor_speed_2006_pid)
    motor_speed_classic0_pid                 0x200000e4   Data          16  pid_user.o(.data.motor_speed_classic0_pid)
    motor_speed_classic12_pid                0x200000f4   Data          16  pid_user.o(.data.motor_speed_classic12_pid)
    motor_speed_delta_pid                    0x20000104   Data          16  pid_user.o(.data.motor_speed_delta_pid)
    msg_mode                                 0x20000114   Data           1  uart_app.o(.data.msg_mode)
    rotate_matrix                            0x20000118   Data          36  velocity_calc.o(.data.rotate_matrix)
    run_mode                                 0x2000013c   Data           1  uart_app.o(.data.run_mode)
    solution_matrix                          0x20000140   Data          36  velocity_calc.o(.data.solution_matrix)
    uwTickFreq                               0x20000164   Data           1  stm32f4xx_hal.o(.data.uwTickFreq)
    uwTickPrio                               0x20000168   Data           4  stm32f4xx_hal.o(.data.uwTickPrio)
    __libspace_start                         0x20000170   Data          96  libspace.o(.bss)
    CAN_TxHeader_MI                          0x200001d0   Data          24  mi.o(.bss.CAN_TxHeader_MI)
    __temporary_stack_top$libspace           0x200001d0   Data           0  libspace.o(.bss)
    MI_Motor                                 0x200001f0   Data         360  mi.o(.bss.MI_Motor)
    OutputData                               0x20000358   Data         155  mi.o(.bss.OutputData)
    angle_buffer                             0x200003f3   Data          10  uart_app.o(.bss.angle_buffer)
    angular_displacement_PID_struct          0x20000400   Data          32  hwt605.o(.bss.angular_displacement_PID_struct)
    angular_velocity_PID_struct              0x20000420   Data          32  hwt605.o(.bss.angular_velocity_PID_struct)
    body_acc_design                          0x20000444   Data          48  automatic_control_promote.o(.bss.body_acc_design)
    body_accs                                0x20000474   Data          12  automatic_control_promote.o(.bss.body_accs)
    body_feedforword                         0x20000480   Data          12  automatic_control_promote.o(.bss.body_feedforword)
    buffer                                   0x2000048c   Data           4  uart_app.o(.bss.buffer)
    calc_buffer                              0x20000490   Data          12  velocity_calc.o(.bss.calc_buffer)
    calc_buffer_2nd                          0x2000049c   Data          12  velocity_calc.o(.bss.calc_buffer_2nd)
    calculatied_velocity                     0x200004a8   Data          12  velocity_calc.o(.bss.calculatied_velocity)
    can_send_data                            0x200004b4   Data           8  can_receive.o(.bss.can_send_data)
    can_tx_message                           0x200004bc   Data          24  can_receive.o(.bss.can_tx_message)
    change_mode_flag                         0x200004d4   Data           1  uart_app.o(.bss.change_mode_flag)
    cnt_ykq                                  0x200004d8   Data           4  uart_app.o(.bss.cnt_ykq)
    controller                               0x200004dc   Data           1  uart_app.o(.bss.controller)
    count                                    0x200004dd   Data           1  uart_app.o(.bss.count)
    crc_code                                 0x200004de   Data           1  uart_app.o(.bss.crc_code)
    cyber_gear_knock_flag                    0x200004df   Data           1  uart_app.o(.bss.cyber_gear_knock_flag)
    declearation                             0x200004e0   Data           1  uart_app.o(.bss.declearation)
    delta_designer                           0x200004e4   Data          60  automatic_control_promote.o(.bss.delta_designer)
    delta_mode                               0x20000520   Data           1  uart_app.o(.bss.delta_mode)
    delta_position                           0x20000524   Data          12  delta_clac.o(.bss.delta_position)
    displace_buffer                          0x20000530   Data          12  displacement_pid.o(.bss.displace_buffer)
    hcan1                                    0x20000558   Data          40  can.o(.bss.hcan1)
    hcan2                                    0x20000580   Data          40  can.o(.bss.hcan2)
    htim2                                    0x200005a8   Data          72  tim.o(.bss.htim2)
    huart1                                   0x200005f0   Data          72  usart.o(.bss.huart1)
    huart2                                   0x20000638   Data          72  usart.o(.bss.huart2)
    huart4                                   0x20000680   Data          72  usart.o(.bss.huart4)
    hwt_tx_buffer                            0x200006c8   Data           5  hwt605.o(.bss.hwt_tx_buffer)
    motor_can1                               0x200006d0   Data         224  can_receive.o(.bss.motor_can1)
    motor_can2                               0x200007b0   Data         224  can_receive.o(.bss.motor_can2)
    motors_rnd                               0x20000890   Data          12  displacement_pid.o(.bss.motors_rnd)
    my_angle_measure                         0x2000089c   Data          72  uart_app.o(.bss.my_angle_measure)
    my_displacement_pid                      0x200008e4   Data         104  displacement_pid.o(.bss.my_displacement_pid)
    pid_pos_1                                0x2000094c   Data         672  pid_user.o(.bss.pid_pos_1)
    pid_pos_2                                0x20000bec   Data         672  pid_user.o(.bss.pid_pos_2)
    pid_pos_down                             0x20000e8c   Data         672  pid_user.o(.bss.pid_pos_down)
    pid_pos_up                               0x2000112c   Data         672  pid_user.o(.bss.pid_pos_up)
    pid_v_1                                  0x200013cc   Data         672  pid_user.o(.bss.pid_v_1)
    pid_v_2                                  0x2000166c   Data         672  pid_user.o(.bss.pid_v_2)
    pid_v_down                               0x2000190c   Data         672  pid_user.o(.bss.pid_v_down)
    pid_v_up                                 0x20001bac   Data         672  pid_user.o(.bss.pid_v_up)
    receive_data                             0x20001e4c   Data          24  uart_app.o(.bss.receive_data)
    rx_buffs_ykq                             0x20001e64   Data          12  uart_app.o(.bss.rx_buffs_ykq)
    step                                     0x20001e70   Data           1  uart_app.o(.bss.step)
    step_ykq                                 0x20001e74   Data           4  uart_app.o(.bss.step_ykq)
    sum_ykq                                  0x20001e78   Data           1  uart_app.o(.bss.sum_ykq)
    time_up                                  0x20001e79   Data           1  timer_app.o(.bss.time_up)
    tx_buffer                                0x20001e88   Data           6  uart_app.o(.bss.tx_buffer)
    uwTick                                   0x20001e90   Data           4  stm32f4xx_hal.o(.bss.uwTick)
    xyw_spatium_designer                     0x20001ea0   Data         180  automatic_control_promote.o(.bss.xyw_spatium_designer)
    ykq_xyw                                  0x20001f54   Data          12  function_for_uart.o(.bss.ykq_xyw)



==============================================================================

Memory Map of the image

  Image Entry point : 0x08000189

  Load Region LR_IROM1 (Base: 0x08000000, Size: 0x00007520, Max: 0x00080000, ABSOLUTE, COMPRESSED[0x00007430])

    Execution Region ER_IROM1 (Exec base: 0x08000000, Load base: 0x08000000, Size: 0x000073b0, Max: 0x00080000, ABSOLUTE)

    Exec Addr    Load Addr    Size         Type   Attr      Idx    E Section Name        Object

    0x08000000   0x08000000   0x00000188   Data   RO            3    RESET               startup_stm32f407xx.o
    0x08000188   0x08000188   0x00000008   Code   RO         1528  * !!!main             c_w.l(__main.o)
    0x08000190   0x08000190   0x0000005c   Code   RO         1836    !!!scatter          c_w.l(__scatter.o)
    0x080001ec   0x080001ec   0x0000005a   Code   RO         1834    !!dczerorl2         c_w.l(__dczerorl2.o)
    0x08000246   0x08000246   0x00000002   PAD
    0x08000248   0x08000248   0x00000002   Code   RO         1837    !!handler_null      c_w.l(__scatter.o)
    0x0800024a   0x0800024a   0x00000002   PAD
    0x0800024c   0x0800024c   0x0000001c   Code   RO         1840    !!handler_zi        c_w.l(__scatter_zi.o)
    0x08000268   0x08000268   0x00000002   Code   RO         1699    .ARM.Collect$$libinit$$00000000  c_w.l(libinit.o)
    0x0800026a   0x0800026a   0x00000004   Code   RO         1708    .ARM.Collect$$libinit$$00000001  c_w.l(libinit2.o)
    0x0800026e   0x0800026e   0x00000000   Code   RO         1711    .ARM.Collect$$libinit$$00000004  c_w.l(libinit2.o)
    0x0800026e   0x0800026e   0x00000000   Code   RO         1713    .ARM.Collect$$libinit$$00000006  c_w.l(libinit2.o)
    0x0800026e   0x0800026e   0x00000000   Code   RO         1716    .ARM.Collect$$libinit$$0000000C  c_w.l(libinit2.o)
    0x0800026e   0x0800026e   0x00000000   Code   RO         1718    .ARM.Collect$$libinit$$0000000E  c_w.l(libinit2.o)
    0x0800026e   0x0800026e   0x00000000   Code   RO         1720    .ARM.Collect$$libinit$$00000010  c_w.l(libinit2.o)
    0x0800026e   0x0800026e   0x00000000   Code   RO         1723    .ARM.Collect$$libinit$$00000013  c_w.l(libinit2.o)
    0x0800026e   0x0800026e   0x00000000   Code   RO         1725    .ARM.Collect$$libinit$$00000015  c_w.l(libinit2.o)
    0x0800026e   0x0800026e   0x00000000   Code   RO         1727    .ARM.Collect$$libinit$$00000017  c_w.l(libinit2.o)
    0x0800026e   0x0800026e   0x00000000   Code   RO         1729    .ARM.Collect$$libinit$$00000019  c_w.l(libinit2.o)
    0x0800026e   0x0800026e   0x00000000   Code   RO         1731    .ARM.Collect$$libinit$$0000001B  c_w.l(libinit2.o)
    0x0800026e   0x0800026e   0x00000000   Code   RO         1733    .ARM.Collect$$libinit$$0000001D  c_w.l(libinit2.o)
    0x0800026e   0x0800026e   0x00000000   Code   RO         1735    .ARM.Collect$$libinit$$0000001F  c_w.l(libinit2.o)
    0x0800026e   0x0800026e   0x00000000   Code   RO         1737    .ARM.Collect$$libinit$$00000021  c_w.l(libinit2.o)
    0x0800026e   0x0800026e   0x00000000   Code   RO         1739    .ARM.Collect$$libinit$$00000023  c_w.l(libinit2.o)
    0x0800026e   0x0800026e   0x00000000   Code   RO         1741    .ARM.Collect$$libinit$$00000025  c_w.l(libinit2.o)
    0x0800026e   0x0800026e   0x00000000   Code   RO         1743    .ARM.Collect$$libinit$$00000027  c_w.l(libinit2.o)
    0x0800026e   0x0800026e   0x00000000   Code   RO         1747    .ARM.Collect$$libinit$$0000002E  c_w.l(libinit2.o)
    0x0800026e   0x0800026e   0x00000000   Code   RO         1749    .ARM.Collect$$libinit$$00000030  c_w.l(libinit2.o)
    0x0800026e   0x0800026e   0x00000000   Code   RO         1751    .ARM.Collect$$libinit$$00000032  c_w.l(libinit2.o)
    0x0800026e   0x0800026e   0x00000000   Code   RO         1753    .ARM.Collect$$libinit$$00000034  c_w.l(libinit2.o)
    0x0800026e   0x0800026e   0x00000002   Code   RO         1754    .ARM.Collect$$libinit$$00000035  c_w.l(libinit2.o)
    0x08000270   0x08000270   0x00000002   Code   RO         1789    .ARM.Collect$$libshutdown$$00000000  c_w.l(libshutdown.o)
    0x08000272   0x08000272   0x00000000   Code   RO         1817    .ARM.Collect$$libshutdown$$00000002  c_w.l(libshutdown2.o)
    0x08000272   0x08000272   0x00000000   Code   RO         1819    .ARM.Collect$$libshutdown$$00000004  c_w.l(libshutdown2.o)
    0x08000272   0x08000272   0x00000000   Code   RO         1822    .ARM.Collect$$libshutdown$$00000007  c_w.l(libshutdown2.o)
    0x08000272   0x08000272   0x00000000   Code   RO         1825    .ARM.Collect$$libshutdown$$0000000A  c_w.l(libshutdown2.o)
    0x08000272   0x08000272   0x00000000   Code   RO         1827    .ARM.Collect$$libshutdown$$0000000C  c_w.l(libshutdown2.o)
    0x08000272   0x08000272   0x00000000   Code   RO         1830    .ARM.Collect$$libshutdown$$0000000F  c_w.l(libshutdown2.o)
    0x08000272   0x08000272   0x00000002   Code   RO         1831    .ARM.Collect$$libshutdown$$00000010  c_w.l(libshutdown2.o)
    0x08000274   0x08000274   0x00000000   Code   RO         1576    .ARM.Collect$$rtentry$$00000000  c_w.l(__rtentry.o)
    0x08000274   0x08000274   0x00000000   Code   RO         1642    .ARM.Collect$$rtentry$$00000002  c_w.l(__rtentry2.o)
    0x08000274   0x08000274   0x00000006   Code   RO         1654    .ARM.Collect$$rtentry$$00000004  c_w.l(__rtentry4.o)
    0x0800027a   0x0800027a   0x00000000   Code   RO         1644    .ARM.Collect$$rtentry$$00000009  c_w.l(__rtentry2.o)
    0x0800027a   0x0800027a   0x00000004   Code   RO         1645    .ARM.Collect$$rtentry$$0000000A  c_w.l(__rtentry2.o)
    0x0800027e   0x0800027e   0x00000000   Code   RO         1647    .ARM.Collect$$rtentry$$0000000C  c_w.l(__rtentry2.o)
    0x0800027e   0x0800027e   0x00000008   Code   RO         1648    .ARM.Collect$$rtentry$$0000000D  c_w.l(__rtentry2.o)
    0x08000286   0x08000286   0x00000002   Code   RO         1700    .ARM.Collect$$rtexit$$00000000  c_w.l(rtexit.o)
    0x08000288   0x08000288   0x00000000   Code   RO         1760    .ARM.Collect$$rtexit$$00000002  c_w.l(rtexit2.o)
    0x08000288   0x08000288   0x00000004   Code   RO         1761    .ARM.Collect$$rtexit$$00000003  c_w.l(rtexit2.o)
    0x0800028c   0x0800028c   0x00000006   Code   RO         1762    .ARM.Collect$$rtexit$$00000004  c_w.l(rtexit2.o)
    0x08000292   0x08000292   0x00000002   PAD
    0x08000294   0x08000294   0x00000040   Code   RO            4    .text               startup_stm32f407xx.o
    0x080002d4   0x080002d4   0x000000f0   Code   RO         1522    .text               c_w.l(lludivv7m.o)
    0x080003c4   0x080003c4   0x0000008a   Code   RO         1524    .text               c_w.l(rt_memcpy_v6.o)
    0x0800044e   0x0800044e   0x00000006   Code   RO         1526    .text               c_w.l(heapauxi.o)
    0x08000454   0x08000454   0x00000016   Code   RO         1581    .text               c_w.l(_rserrno.o)
    0x0800046a   0x0800046a   0x00000064   Code   RO         1583    .text               c_w.l(rt_memcpy_w.o)
    0x080004ce   0x080004ce   0x00000002   PAD
    0x080004d0   0x080004d0   0x00000008   Code   RO         1661    .text               c_w.l(rt_errno_addr_intlibspace.o)
    0x080004d8   0x080004d8   0x00000008   Code   RO         1683    .text               c_w.l(libspace.o)
    0x080004e0   0x080004e0   0x0000004a   Code   RO         1686    .text               c_w.l(sys_stackheap_outer.o)
    0x0800052a   0x0800052a   0x00000012   Code   RO         1688    .text               c_w.l(exit.o)
    0x0800053c   0x0800053c   0x0000000c   Code   RO         1755    .text               c_w.l(sys_exit.o)
    0x08000548   0x08000548   0x00000002   Code   RO         1778    .text               c_w.l(use_no_semi.o)
    0x0800054a   0x0800054a   0x00000000   Code   RO         1780    .text               c_w.l(indicate_semi.o)
    0x0800054a   0x0800054a   0x00000002   PAD
    0x0800054c   0x0800054c   0x00000002   Code   RO           95    .text.BusFault_Handler  stm32f4xx_it.o
    0x0800054e   0x0800054e   0x00000002   PAD
    0x08000550   0x08000550   0x00000068   Code   RO         1108    .text.CAN1_CMD_1    can_receive.o
    0x080005b8   0x080005b8   0x00000068   Code   RO         1110    .text.CAN1_CMD_2    can_receive.o
    0x08000620   0x08000620   0x0000002c   Code   RO         1086    .text.CAN1_Filter_Init  bsp_can.o
    0x0800064c   0x0800064c   0x0000000c   Code   RO          109    .text.CAN1_RX0_IRQHandler  stm32f4xx_it.o
    0x08000658   0x08000658   0x0000000c   Code   RO          111    .text.CAN1_RX1_IRQHandler  stm32f4xx_it.o
    0x08000664   0x08000664   0x0000000c   Code   RO          113    .text.CAN1_SCE_IRQHandler  stm32f4xx_it.o
    0x08000670   0x08000670   0x0000000c   Code   RO          107    .text.CAN1_TX_IRQHandler  stm32f4xx_it.o
    0x0800067c   0x0800067c   0x00000040   Code   RO         1088    .text.CAN2_Filter_Init  bsp_can.o
    0x080006bc   0x080006bc   0x0000000c   Code   RO          125    .text.CAN2_RX0_IRQHandler  stm32f4xx_it.o
    0x080006c8   0x080006c8   0x0000000c   Code   RO          123    .text.CAN2_TX_IRQHandler  stm32f4xx_it.o
    0x080006d4   0x080006d4   0x0000001e   Code   RO         1084    .text.CAN_Start     bsp_can.o
    0x080006f2   0x080006f2   0x00000002   PAD
    0x080006f4   0x080006f4   0x00000026   Code   RO         1064    .text.DWT_Init      bsp_delay.o
    0x0800071a   0x0800071a   0x00000002   PAD
    0x0800071c   0x0800071c   0x00000002   Code   RO          101    .text.DebugMon_Handler  stm32f4xx_it.o
    0x0800071e   0x0800071e   0x00000002   PAD
    0x08000720   0x08000720   0x00000006   Code   RO           15    .text.Error_Handler  main.o
    0x08000726   0x08000726   0x00000002   PAD
    0x08000728   0x08000728   0x00000026   Code   RO          176    .text.HAL_CAN_ActivateNotification  stm32f4xx_hal_can.o
    0x0800074e   0x0800074e   0x00000002   PAD
    0x08000750   0x08000750   0x00000096   Code   RO          162    .text.HAL_CAN_AddTxMessage  stm32f4xx_hal_can.o
    0x080007e6   0x080007e6   0x00000002   PAD
    0x080007e8   0x080007e8   0x000000de   Code   RO          152    .text.HAL_CAN_ConfigFilter  stm32f4xx_hal_can.o
    0x080008c6   0x080008c6   0x00000002   PAD
    0x080008c8   0x080008c8   0x00000002   Code   RO          206    .text.HAL_CAN_ErrorCallback  stm32f4xx_hal_can.o
    0x080008ca   0x080008ca   0x00000002   PAD
    0x080008cc   0x080008cc   0x0000011a   Code   RO          172    .text.HAL_CAN_GetRxMessage  stm32f4xx_hal_can.o
    0x080009e6   0x080009e6   0x00000002   PAD
    0x080009e8   0x080009e8   0x00000028   Code   RO          166    .text.HAL_CAN_GetTxMailboxesFreeLevel  stm32f4xx_hal_can.o
    0x08000a10   0x08000a10   0x00000242   Code   RO          180    .text.HAL_CAN_IRQHandler  stm32f4xx_hal_can.o
    0x08000c52   0x08000c52   0x00000002   PAD
    0x08000c54   0x08000c54   0x000000f4   Code   RO          142    .text.HAL_CAN_Init  stm32f4xx_hal_can.o
    0x08000d48   0x08000d48   0x00000166   Code   RO           38    .text.HAL_CAN_MspInit  can.o
    0x08000eae   0x08000eae   0x00000002   PAD
    0x08000eb0   0x08000eb0   0x00000002   Code   RO          194    .text.HAL_CAN_RxFifo0FullCallback  stm32f4xx_hal_can.o
    0x08000eb2   0x08000eb2   0x00000002   PAD
    0x08000eb4   0x08000eb4   0x00000240   Code   RO         1106    .text.HAL_CAN_RxFifo0MsgPendingCallback  can_receive.o
    0x080010f4   0x080010f4   0x00000002   Code   RO          198    .text.HAL_CAN_RxFifo1FullCallback  stm32f4xx_hal_can.o
    0x080010f6   0x080010f6   0x00000002   PAD
    0x080010f8   0x080010f8   0x00000002   Code   RO          200    .text.HAL_CAN_RxFifo1MsgPendingCallback  stm32f4xx_hal_can.o
    0x080010fa   0x080010fa   0x00000002   PAD
    0x080010fc   0x080010fc   0x00000002   Code   RO          202    .text.HAL_CAN_SleepCallback  stm32f4xx_hal_can.o
    0x080010fe   0x080010fe   0x00000002   PAD
    0x08001100   0x08001100   0x0000005a   Code   RO          154    .text.HAL_CAN_Start  stm32f4xx_hal_can.o
    0x0800115a   0x0800115a   0x00000002   PAD
    0x0800115c   0x0800115c   0x00000002   Code   RO          184    .text.HAL_CAN_TxMailbox0AbortCallback  stm32f4xx_hal_can.o
    0x0800115e   0x0800115e   0x00000002   PAD
    0x08001160   0x08001160   0x00000002   Code   RO          182    .text.HAL_CAN_TxMailbox0CompleteCallback  stm32f4xx_hal_can.o
    0x08001162   0x08001162   0x00000002   PAD
    0x08001164   0x08001164   0x00000002   Code   RO          188    .text.HAL_CAN_TxMailbox1AbortCallback  stm32f4xx_hal_can.o
    0x08001166   0x08001166   0x00000002   PAD
    0x08001168   0x08001168   0x00000002   Code   RO          186    .text.HAL_CAN_TxMailbox1CompleteCallback  stm32f4xx_hal_can.o
    0x0800116a   0x0800116a   0x00000002   PAD
    0x0800116c   0x0800116c   0x00000002   Code   RO          192    .text.HAL_CAN_TxMailbox2AbortCallback  stm32f4xx_hal_can.o
    0x0800116e   0x0800116e   0x00000002   PAD
    0x08001170   0x08001170   0x00000002   Code   RO          190    .text.HAL_CAN_TxMailbox2CompleteCallback  stm32f4xx_hal_can.o
    0x08001172   0x08001172   0x00000002   PAD
    0x08001174   0x08001174   0x00000002   Code   RO          204    .text.HAL_CAN_WakeUpFromRxMsgCallback  stm32f4xx_hal_can.o
    0x08001176   0x08001176   0x00000002   PAD
    0x08001178   0x08001178   0x00000080   Code   RO          378    .text.HAL_DMA_Abort  stm32f4xx_hal_dma.o
    0x080011f8   0x080011f8   0x00000024   Code   RO          380    .text.HAL_DMA_Abort_IT  stm32f4xx_hal_dma.o
    0x0800121c   0x0800121c   0x00000028   Code   RO          537    .text.HAL_Delay     stm32f4xx_hal.o
    0x08001244   0x08001244   0x0000019e   Code   RO          332    .text.HAL_GPIO_Init  stm32f4xx_hal_gpio.o
    0x080013e2   0x080013e2   0x00000002   PAD
    0x080013e4   0x080013e4   0x0000000c   Code   RO          529    .text.HAL_GetTick   stm32f4xx_hal.o
    0x080013f0   0x080013f0   0x0000001a   Code   RO          527    .text.HAL_IncTick   stm32f4xx_hal.o
    0x0800140a   0x0800140a   0x00000002   PAD
    0x0800140c   0x0800140c   0x00000036   Code   RO          517    .text.HAL_Init      stm32f4xx_hal.o
    0x08001442   0x08001442   0x00000002   PAD
    0x08001444   0x08001444   0x00000050   Code   RO          519    .text.HAL_InitTick  stm32f4xx_hal.o
    0x08001494   0x08001494   0x00000038   Code   RO          134    .text.HAL_MspInit   stm32f4xx_hal_msp.o
    0x080014cc   0x080014cc   0x00000022   Code   RO          469    .text.HAL_NVIC_EnableIRQ  stm32f4xx_hal_cortex.o
    0x080014ee   0x080014ee   0x00000002   PAD
    0x080014f0   0x080014f0   0x00000056   Code   RO          467    .text.HAL_NVIC_SetPriority  stm32f4xx_hal_cortex.o
    0x08001546   0x08001546   0x00000002   PAD
    0x08001548   0x08001548   0x00000020   Code   RO          465    .text.HAL_NVIC_SetPriorityGrouping  stm32f4xx_hal_cortex.o
    0x08001568   0x08001568   0x00000160   Code   RO          226    .text.HAL_RCC_ClockConfig  stm32f4xx_hal_rcc.o
    0x080016c8   0x080016c8   0x00000026   Code   RO          238    .text.HAL_RCC_GetPCLK1Freq  stm32f4xx_hal_rcc.o
    0x080016ee   0x080016ee   0x00000002   PAD
    0x080016f0   0x080016f0   0x00000026   Code   RO          240    .text.HAL_RCC_GetPCLK2Freq  stm32f4xx_hal_rcc.o
    0x08001716   0x08001716   0x00000002   PAD
    0x08001718   0x08001718   0x0000006a   Code   RO          228    .text.HAL_RCC_GetSysClockFreq  stm32f4xx_hal_rcc.o
    0x08001782   0x08001782   0x00000002   PAD
    0x08001784   0x08001784   0x00000374   Code   RO          224    .text.HAL_RCC_OscConfig  stm32f4xx_hal_rcc.o
    0x08001af8   0x08001af8   0x0000002c   Code   RO          477    .text.HAL_SYSTICK_Config  stm32f4xx_hal_cortex.o
    0x08001b24   0x08001b24   0x00000002   Code   RO          913    .text.HAL_TIMEx_BreakCallback  stm32f4xx_hal_tim_ex.o
    0x08001b26   0x08001b26   0x00000002   PAD
    0x08001b28   0x08001b28   0x00000002   Code   RO          909    .text.HAL_TIMEx_CommutCallback  stm32f4xx_hal_tim_ex.o
    0x08001b2a   0x08001b2a   0x00000002   PAD
    0x08001b2c   0x08001b2c   0x000000b6   Code   RO          903    .text.HAL_TIMEx_MasterConfigSynchronization  stm32f4xx_hal_tim_ex.o
    0x08001be2   0x08001be2   0x00000002   PAD
    0x08001be4   0x08001be4   0x0000005a   Code   RO          608    .text.HAL_TIM_Base_Init  stm32f4xx_hal_tim.o
    0x08001c3e   0x08001c3e   0x00000002   PAD
    0x08001c40   0x08001c40   0x00000042   Code   RO           55    .text.HAL_TIM_Base_MspInit  tim.o
    0x08001c82   0x08001c82   0x00000002   PAD
    0x08001c84   0x08001c84   0x000000a8   Code   RO          622    .text.HAL_TIM_Base_Start_IT  stm32f4xx_hal_tim.o
    0x08001d2c   0x08001d2c   0x0000019c   Code   RO          788    .text.HAL_TIM_ConfigClockSource  stm32f4xx_hal_tim.o
    0x08001ec8   0x08001ec8   0x00000002   Code   RO          744    .text.HAL_TIM_IC_CaptureCallback  stm32f4xx_hal_tim.o
    0x08001eca   0x08001eca   0x00000002   PAD
    0x08001ecc   0x08001ecc   0x0000014a   Code   RO          742    .text.HAL_TIM_IRQHandler  stm32f4xx_hal_tim.o
    0x08002016   0x08002016   0x00000002   PAD
    0x08002018   0x08002018   0x00000002   Code   RO          746    .text.HAL_TIM_OC_DelayElapsedCallback  stm32f4xx_hal_tim.o
    0x0800201a   0x0800201a   0x00000002   PAD
    0x0800201c   0x0800201c   0x00000002   Code   RO          748    .text.HAL_TIM_PWM_PulseFinishedCallback  stm32f4xx_hal_tim.o
    0x0800201e   0x0800201e   0x00000002   PAD
    0x08002020   0x08002020   0x0000000e   Code   RO         1386    .text.HAL_TIM_PeriodElapsedCallback  timer_app.o
    0x0800202e   0x0800202e   0x00000002   PAD
    0x08002030   0x08002030   0x00000002   Code   RO          752    .text.HAL_TIM_TriggerCallback  stm32f4xx_hal_tim.o
    0x08002032   0x08002032   0x00000002   PAD
    0x08002034   0x08002034   0x00000002   Code   RO         1013    .text.HAL_UARTEx_RxEventCallback  stm32f4xx_hal_uart.o
    0x08002036   0x08002036   0x00000002   PAD
    0x08002038   0x08002038   0x00000002   Code   RO         1011    .text.HAL_UART_ErrorCallback  stm32f4xx_hal_uart.o
    0x0800203a   0x0800203a   0x00000002   PAD
    0x0800203c   0x0800203c   0x00000564   Code   RO         1005    .text.HAL_UART_IRQHandler  stm32f4xx_hal_uart.o
    0x080025a0   0x080025a0   0x00000060   Code   RO          927    .text.HAL_UART_Init  stm32f4xx_hal_uart.o
    0x08002600   0x08002600   0x00000150   Code   RO           74    .text.HAL_UART_MspInit  usart.o
    0x08002750   0x08002750   0x00000052   Code   RO          949    .text.HAL_UART_Receive_IT  stm32f4xx_hal_uart.o
    0x080027a2   0x080027a2   0x00000002   PAD
    0x080027a4   0x080027a4   0x00000318   Code   RO         1296    .text.HAL_UART_RxCpltCallback  uart_app.o
    0x08002abc   0x08002abc   0x000000e4   Code   RO          943    .text.HAL_UART_Transmit  stm32f4xx_hal_uart.o
    0x08002ba0   0x08002ba0   0x00000038   Code   RO          947    .text.HAL_UART_Transmit_IT  stm32f4xx_hal_uart.o
    0x08002bd8   0x08002bd8   0x00000002   Code   RO         1015    .text.HAL_UART_TxCpltCallback  stm32f4xx_hal_uart.o
    0x08002bda   0x08002bda   0x00000002   PAD
    0x08002bdc   0x08002bdc   0x00000002   Code   RO           91    .text.HardFault_Handler  stm32f4xx_it.o
    0x08002bde   0x08002bde   0x00000002   PAD
    0x08002be0   0x08002be0   0x0000025c   Code   RO         1479    .text.MI_motor_Control  mi.o
    0x08002e3c   0x08002e3c   0x0000006c   Code   RO         1483    .text.MI_motor_Enable  mi.o
    0x08002ea8   0x08002ea8   0x00000006   Code   RO         1473    .text.MI_motor_Init  mi.o
    0x08002eae   0x08002eae   0x00000002   PAD
    0x08002eb0   0x08002eb0   0x00000070   Code   RO         1493    .text.MI_motor_ModeSwitch  mi.o
    0x08002f20   0x08002f20   0x000000b8   Code   RO         1481    .text.MI_motor_RxDecode  mi.o
    0x08002fd8   0x08002fd8   0x00000070   Code   RO         1487    .text.MI_motor_SetMechPositionToZero  mi.o
    0x08003048   0x08003048   0x0000003a   Code   RO           34    .text.MX_CAN1_Init  can.o
    0x08003082   0x08003082   0x00000002   PAD
    0x08003084   0x08003084   0x0000003a   Code   RO           36    .text.MX_CAN2_Init  can.o
    0x080030be   0x080030be   0x00000002   PAD
    0x080030c0   0x080030c0   0x0000004c   Code   RO           26    .text.MX_GPIO_Init  gpio.o
    0x0800310c   0x0800310c   0x00000070   Code   RO           53    .text.MX_TIM2_Init  tim.o
    0x0800317c   0x0800317c   0x0000003c   Code   RO           68    .text.MX_UART4_Init  usart.o
    0x080031b8   0x080031b8   0x0000003c   Code   RO           70    .text.MX_USART1_UART_Init  usart.o
    0x080031f4   0x080031f4   0x0000003c   Code   RO           72    .text.MX_USART2_UART_Init  usart.o
    0x08003230   0x08003230   0x00000002   Code   RO           93    .text.MemManage_Handler  stm32f4xx_it.o
    0x08003232   0x08003232   0x00000002   PAD
    0x08003234   0x08003234   0x00000002   Code   RO           89    .text.NMI_Handler   stm32f4xx_it.o
    0x08003236   0x08003236   0x00000002   PAD
    0x08003238   0x08003238   0x00000148   Code   RO         1131    .text.PID_calc      pid.o
    0x08003380   0x08003380   0x00000060   Code   RO         1157    .text.PID_delta_call_down  pid_user.o
    0x080033e0   0x080033e0   0x00000060   Code   RO         1151    .text.PID_delta_call_up  pid_user.o
    0x08003440   0x08003440   0x00000388   Code   RO         1145    .text.PID_delta_init  pid_user.o
    0x080037c8   0x080037c8   0x000003c4   Code   RO         1159    .text.PID_devices_Init  pid_user.o
    0x08003b8c   0x08003b8c   0x0000003c   Code   RO         1129    .text.PID_init      pid.o
    0x08003bc8   0x08003bc8   0x0000004e   Code   RO         1161    .text.PID_velocity_realize_1  pid_user.o
    0x08003c16   0x08003c16   0x00000002   PAD
    0x08003c18   0x08003c18   0x00000002   Code   RO          103    .text.PendSV_Handler  stm32f4xx_it.o
    0x08003c1a   0x08003c1a   0x00000002   PAD
    0x08003c1c   0x08003c1c   0x00000002   Code   RO           99    .text.SVC_Handler   stm32f4xx_it.o
    0x08003c1e   0x08003c1e   0x00000002   PAD
    0x08003c20   0x08003c20   0x00000004   Code   RO          105    .text.SysTick_Handler  stm32f4xx_it.o
    0x08003c24   0x08003c24   0x000000a6   Code   RO           13    .text.SystemClock_Config  main.o
    0x08003cca   0x08003cca   0x00000002   PAD
    0x08003ccc   0x08003ccc   0x00000012   Code   RO         1049    .text.SystemInit    system_stm32f4xx.o
    0x08003cde   0x08003cde   0x00000002   PAD
    0x08003ce0   0x08003ce0   0x0000000c   Code   RO          115    .text.TIM2_IRQHandler  stm32f4xx_it.o
    0x08003cec   0x08003cec   0x00000134   Code   RO          612    .text.TIM_Base_SetConfig  stm32f4xx_hal_tim.o
    0x08003e20   0x08003e20   0x0000000c   Code   RO          121    .text.UART4_IRQHandler  stm32f4xx_it.o
    0x08003e2c   0x08003e2c   0x0000000c   Code   RO         1009    .text.UART_DMAAbortOnError  stm32f4xx_hal_uart.o
    0x08003e38   0x08003e38   0x000000fa   Code   RO         1007    .text.UART_Receive_IT  stm32f4xx_hal_uart.o
    0x08003f32   0x08003f32   0x00000002   PAD
    0x08003f34   0x08003f34   0x000000e8   Code   RO          931    .text.UART_SetConfig  stm32f4xx_hal_uart.o
    0x0800401c   0x0800401c   0x0000000c   Code   RO          117    .text.USART1_IRQHandler  stm32f4xx_it.o
    0x08004028   0x08004028   0x0000000c   Code   RO          119    .text.USART2_IRQHandler  stm32f4xx_it.o
    0x08004034   0x08004034   0x00000002   Code   RO           97    .text.UsageFault_Handler  stm32f4xx_it.o
    0x08004036   0x08004036   0x00000002   PAD
    0x08004038   0x08004038   0x000000bc   Code   RO         1258    .text.angular_displacement_PID  hwt605.o
    0x080040f4   0x080040f4   0x000000bc   Code   RO         1260    .text.angular_velocity_PID  hwt605.o
    0x080041b0   0x080041b0   0x000000d8   Code   RO         1412    .text.commander_package_analysis  function_for_uart.o
    0x08004288   0x08004288   0x00000124   Code   RO         1398    .text.crc           function_for_uart.o
    0x080043ac   0x080043ac   0x0000005a   Code   RO         1408    .text.crc8_inspecting  function_for_uart.o
    0x08004406   0x08004406   0x00000002   PAD
    0x08004408   0x08004408   0x00000078   Code   RO         1343    .text.cybergear_control  main_app.o
    0x08004480   0x08004480   0x00000218   Code   RO         1349    .text.delta_control  main_app.o
    0x08004698   0x08004698   0x00000220   Code   RO         1283    .text.displacement_control_with_omega  displacement_pid.o
    0x080048b8   0x080048b8   0x00000010   Code   RO         1279    .text.displacement_pid_config  displacement_pid.o
    0x080048c8   0x080048c8   0x0000014c   Code   RO         1446    .text.feedforword_control  automatic_control_promote.o
    0x08004a14   0x08004a14   0x0000001e   Code   RO         1362    .text.get_delta_position  delta_clac.o
    0x08004a32   0x08004a32   0x00000006   PAD
    0x08004a38   0x08004a38   0x000000c0   Code   RO         1277    .text.get_rnd_count_and_diaplacement  displacement_pid.o
    0x08004af8   0x08004af8   0x00000020   Code   RO         1300    .text.got_it_the_point  uart_app.o
    0x08004b18   0x08004b18   0x0000007e   Code   RO         1418    .text.gyro_acc_filter  function_for_uart.o
    0x08004b96   0x08004b96   0x00000002   PAD
    0x08004b98   0x08004b98   0x0000003e   Code   RO         1416    .text.gyro_omega_filter  function_for_uart.o
    0x08004bd6   0x08004bd6   0x00000002   PAD
    0x08004bd8   0x08004bd8   0x0000003e   Code   RO         1414    .text.gyro_position_filter  function_for_uart.o
    0x08004c16   0x08004c16   0x00000002   PAD
    0x08004c18   0x08004c18   0x00000044   Code   RO         1254    .text.hwt605_init   hwt605.o
    0x08004c5c   0x08004c5c   0x0000001e   Code   RO         1205    .text.inverse_solution_matrix_init  velocity_calc.o
    0x08004c7a   0x08004c7a   0x00000002   PAD
    0x08004c7c   0x08004c7c   0x00000044   Code   RO         1404    .text.judgement_of_declearation  function_for_uart.o
    0x08004cc0   0x08004cc0   0x000000c4   Code   RO         1337    .text.local_velocity_mode_run  main_app.o
    0x08004d84   0x08004d84   0x0000006e   Code   RO           11    .text.main          main.o
    0x08004df2   0x08004df2   0x00000002   PAD
    0x08004df4   0x08004df4   0x00000092   Code   RO         1209    .text.matrix_multiply  velocity_calc.o
    0x08004e86   0x08004e86   0x00000002   PAD
    0x08004e88   0x08004e88   0x0000003a   Code   RO         1345    .text.msg_control   main_app.o
    0x08004ec2   0x08004ec2   0x00000002   PAD
    0x08004ec4   0x08004ec4   0x0000001c   Code   RO         1302    .text.not_got_it_the_point_yet  uart_app.o
    0x08004ee0   0x08004ee0   0x00000060   Code   RO         1167    .text.pid_call_1    pid_user.o
    0x08004f40   0x08004f40   0x000000a8   Code   RO         1406    .text.receiving_datas  function_for_uart.o
    0x08004fe8   0x08004fe8   0x00000016   Code   RO         1104    .text.reset_motor_position  can_receive.o
    0x08004ffe   0x08004ffe   0x00000002   PAD
    0x08005000   0x08005000   0x0000007c   Code   RO         1211    .text.rotate_matrix_calc  velocity_calc.o
    0x0800507c   0x0800507c   0x0000001e   Code   RO         1207    .text.solution_matrix_init  velocity_calc.o
    0x0800509a   0x0800509a   0x00000002   PAD
    0x0800509c   0x0800509c   0x00000012   Code   RO         1448    .text.spatium_designer_init  automatic_control_promote.o
    0x080050ae   0x080050ae   0x00000002   PAD
    0x080050b0   0x080050b0   0x00000078   Code   RO         1452    .text.spatium_designer_set_target  automatic_control_promote.o
    0x08005128   0x08005128   0x00000344   Code   RO         1454    .text.spatium_designer_update  automatic_control_promote.o
    0x0800546c   0x0800546c   0x0000015c   Code   RO         1396    .text.toresult      function_for_uart.o
    0x080055c8   0x080055c8   0x00000030   Code   RO         1450    .text.triple_spatium_designer_init  automatic_control_promote.o
    0x080055f8   0x080055f8   0x00000130   Code   RO         1335    .text.user_init     main_app.o
    0x08005728   0x08005728   0x0000015c   Code   RO         1133    .text.vel_PID_calc  pid.o
    0x08005884   0x08005884   0x0000000e   Code   RO         1442    .text.vel_designer_init  automatic_control_promote.o
    0x08005892   0x08005892   0x00000002   PAD
    0x08005894   0x08005894   0x00000070   Code   RO         1402    .text.waiting_for_pack_head  function_for_uart.o
    0x08005904   0x08005904   0x00000030   Code   RO         1410    .text.waiting_for_package_tail  function_for_uart.o
    0x08005934   0x08005934   0x00000234   Code   RO         1341    .text.world_displacement_mode_run  main_app.o
    0x08005b68   0x08005b68   0x00000108   Code   RO         1339    .text.world_velocity_mode_run  main_app.o
    0x08005c70   0x08005c70   0x00000030   Code   RO         1679    i.__ARM_fpclassify  m_wm.l(fpclassify.o)
    0x08005ca0   0x08005ca0   0x000000c8   Code   RO         1552    i.__hardfp_cos      m_wm.l(cos.o)
    0x08005d68   0x08005d68   0x000000b0   Code   RO         1558    i.__hardfp_fmodf    m_wm.l(fmodf.o)
    0x08005e18   0x08005e18   0x000000c8   Code   RO         1564    i.__hardfp_sin      m_wm.l(sin.o)
    0x08005ee0   0x08005ee0   0x00000438   Code   RO         1633    i.__ieee754_rem_pio2  m_wm.l(rred.o)
    0x08006318   0x08006318   0x00000170   Code   RO         1600    i.__kernel_cos      m_wm.l(cos_i.o)
    0x08006488   0x08006488   0x000000f8   Code   RO         1681    i.__kernel_poly     m_wm.l(poly.o)
    0x08006580   0x08006580   0x00000130   Code   RO         1638    i.__kernel_sin      m_wm.l(sin_i.o)
    0x080066b0   0x080066b0   0x00000014   Code   RO         1604    i.__mathlib_dbl_infnan  m_wm.l(dunder.o)
    0x080066c4   0x080066c4   0x00000004   PAD
    0x080066c8   0x080066c8   0x00000020   Code   RO         1606    i.__mathlib_dbl_invalid  m_wm.l(dunder.o)
    0x080066e8   0x080066e8   0x00000020   Code   RO         1609    i.__mathlib_dbl_underflow  m_wm.l(dunder.o)
    0x08006708   0x08006708   0x00000010   Code   RO         1622    i.__mathlib_flt_invalid  m_wm.l(funder.o)
    0x08006718   0x08006718   0x00000018   Code   RO         1675    i.fabs              m_wm.l(fabs.o)
    0x08006730   0x08006730   0x00000018   Code   RO         1585    x$fpl$basic         fz_wm.l(basic.o)
    0x08006748   0x08006748   0x00000062   Code   RO         1530    x$fpl$d2f           fz_wm.l(d2f.o)
    0x080067aa   0x080067aa   0x00000002   PAD
    0x080067ac   0x080067ac   0x00000150   Code   RO         1532    x$fpl$dadd          fz_wm.l(daddsub_clz.o)
    0x080068fc   0x080068fc   0x000002b4   Code   RO         1539    x$fpl$ddiv          fz_wm.l(ddiv.o)
    0x08006bb0   0x08006bb0   0x0000005e   Code   RO         1663    x$fpl$dfix          fz_wm.l(dfix.o)
    0x08006c0e   0x08006c0e   0x0000002e   Code   RO         1668    x$fpl$dflt          fz_wm.l(dflt_clz.o)
    0x08006c3c   0x08006c3c   0x00000026   Code   RO         1667    x$fpl$dfltu         fz_wm.l(dflt_clz.o)
    0x08006c62   0x08006c62   0x00000002   PAD
    0x08006c64   0x08006c64   0x00000154   Code   RO         1542    x$fpl$dmul          fz_wm.l(dmul.o)
    0x08006db8   0x08006db8   0x0000009c   Code   RO         1587    x$fpl$dnaninf       fz_wm.l(dnaninf.o)
    0x08006e54   0x08006e54   0x0000000c   Code   RO         1589    x$fpl$dretinf       fz_wm.l(dretinf.o)
    0x08006e60   0x08006e60   0x00000016   Code   RO         1533    x$fpl$drsb          fz_wm.l(daddsub_clz.o)
    0x08006e76   0x08006e76   0x00000002   PAD
    0x08006e78   0x08006e78   0x000001dc   Code   RO         1534    x$fpl$dsub          fz_wm.l(daddsub_clz.o)
    0x08007054   0x08007054   0x00000056   Code   RO         1544    x$fpl$f2d           fz_wm.l(f2d.o)
    0x080070aa   0x080070aa   0x0000008c   Code   RO         1593    x$fpl$fnaninf       fz_wm.l(fnaninf.o)
    0x08007136   0x08007136   0x0000001a   Code   RO         1772    x$fpl$fpinit        fz_wm.l(fpinit.o)
    0x08007150   0x08007150   0x000000f4   Code   RO         1595    x$fpl$frem          fz_wm.l(frem_clz.o)
    0x08007244   0x08007244   0x0000000a   Code   RO         1597    x$fpl$fretinf       fz_wm.l(fretinf.o)
    0x0800724e   0x0800724e   0x00000000   Code   RO         1599    x$fpl$usenofp       fz_wm.l(usenofp.o)
    0x0800724e   0x0800724e   0x00000002   PAD
    0x08007250   0x08007250   0x00000030   Data   RO         1601    .constdata          m_wm.l(cos_i.o)
    0x08007280   0x08007280   0x000000cc   Data   RO         1635    .constdata          m_wm.l(rred.o)
    0x0800734c   0x0800734c   0x00000004   PAD
    0x08007350   0x08007350   0x00000028   Data   RO         1639    .constdata          m_wm.l(sin_i.o)
    0x08007378   0x08007378   0x00000010   Data   RO         1054    .rodata.AHBPrescTable  system_stm32f4xx.o
    0x08007388   0x08007388   0x00000008   Data   RO         1055    .rodata.APBPrescTable  system_stm32f4xx.o
    0x08007390   0x08007390   0x00000020   Data   RO         1833    Region$$Table       anon$$obj.o


    Execution Region RW_IRAM1 (Exec base: 0x20000000, Load base: 0x080073b0, Size: 0x00002560, Max: 0x0001c000, ABSOLUTE, COMPRESSED[0x00000080])

    Exec Addr    Load Addr    Size         Type   Attr      Idx    E Section Name        Object

    0x20000000   COMPRESSED   0x00000001   Data   RW         1509    .data.MI_MASTERID   mi.o
    0x20000001   COMPRESSED   0x00000003   PAD
    0x20000004   COMPRESSED   0x00000004   Data   RW         1053    .data.SystemCoreClock  system_stm32f4xx.o
    0x20000008   COMPRESSED   0x00000014   Data   RW         1265    .data.angular_displacement_PID_config  hwt605.o
    0x2000001c   COMPRESSED   0x00000014   Data   RW         1266    .data.angular_velocity_PID_config  hwt605.o
    0x20000030   COMPRESSED   0x00000010   Data   RW         1188    .data.delta_position_down_pid  pid_user.o
    0x20000040   COMPRESSED   0x00000010   Data   RW         1186    .data.delta_position_up_pid  pid_user.o
    0x20000050   COMPRESSED   0x00000010   Data   RW         1187    .data.delta_speed_down_pid  pid_user.o
    0x20000060   COMPRESSED   0x00000010   Data   RW         1185    .data.delta_speed_up_pid  pid_user.o
    0x20000070   COMPRESSED   0x00000024   Data   RW         1216    .data.inverse_solution_matrix  velocity_calc.o
    0x20000094   COMPRESSED   0x00000010   Data   RW         1184    .data.motor_position_2006_pid  pid_user.o
    0x200000a4   COMPRESSED   0x00000010   Data   RW         1178    .data.motor_position_classic0_pid  pid_user.o
    0x200000b4   COMPRESSED   0x00000010   Data   RW         1180    .data.motor_position_classic12_pid  pid_user.o
    0x200000c4   COMPRESSED   0x00000010   Data   RW         1182    .data.motor_position_delta_pid  pid_user.o
    0x200000d4   COMPRESSED   0x00000010   Data   RW         1183    .data.motor_speed_2006_pid  pid_user.o
    0x200000e4   COMPRESSED   0x00000010   Data   RW         1177    .data.motor_speed_classic0_pid  pid_user.o
    0x200000f4   COMPRESSED   0x00000010   Data   RW         1179    .data.motor_speed_classic12_pid  pid_user.o
    0x20000104   COMPRESSED   0x00000010   Data   RW         1181    .data.motor_speed_delta_pid  pid_user.o
    0x20000114   COMPRESSED   0x00000001   Data   RW         1310    .data.msg_mode      uart_app.o
    0x20000115   COMPRESSED   0x00000003   PAD
    0x20000118   COMPRESSED   0x00000024   Data   RW         1217    .data.rotate_matrix  velocity_calc.o
    0x2000013c   COMPRESSED   0x00000001   Data   RW         1307    .data.run_mode      uart_app.o
    0x2000013d   COMPRESSED   0x00000003   PAD
    0x20000140   COMPRESSED   0x00000024   Data   RW         1215    .data.solution_matrix  velocity_calc.o
    0x20000164   COMPRESSED   0x00000001   Data   RW          572    .data.uwTickFreq    stm32f4xx_hal.o
    0x20000165   COMPRESSED   0x00000003   PAD
    0x20000168   COMPRESSED   0x00000004   Data   RW          571    .data.uwTickPrio    stm32f4xx_hal.o
    0x2000016c   COMPRESSED   0x00000004   PAD
    0x20000170        -       0x00000060   Zero   RW         1684    .bss                c_w.l(libspace.o)
    0x200001d0        -       0x00000018   Zero   RW         1510    .bss.CAN_TxHeader_MI  mi.o
    0x200001e8        -       0x00000004   Zero   RW           44    .bss.HAL_RCC_CAN1_CLK_ENABLED  can.o
    0x200001ec        -       0x00000001   Zero   RW         1324    .bss.HAL_UART_RxCpltCallback.data_type  uart_app.o
    0x200001ed        -       0x00000001   Zero   RW         1323    .bss.HAL_UART_RxCpltCallback.step_uart2  uart_app.o
    0x200001ee   COMPRESSED   0x00000002   PAD
    0x200001f0        -       0x00000168   Zero   RW         1511    .bss.MI_Motor       mi.o
    0x20000358        -       0x0000009b   Zero   RW         1512    .bss.OutputData     mi.o
    0x200003f3        -       0x0000000a   Zero   RW         1315    .bss.angle_buffer   uart_app.o
    0x200003fd   COMPRESSED   0x00000003   PAD
    0x20000400        -       0x00000020   Zero   RW         1267    .bss.angular_displacement_PID_struct  hwt605.o
    0x20000420        -       0x00000020   Zero   RW         1268    .bss.angular_velocity_PID_struct  hwt605.o
    0x20000440        -       0x00000001   Zero   RW         1424    .bss.anjian         function_for_uart.o
    0x20000441   COMPRESSED   0x00000003   PAD
    0x20000444        -       0x00000030   Zero   RW         1456    .bss.body_acc_design  automatic_control_promote.o
    0x20000474        -       0x0000000c   Zero   RW         1458    .bss.body_accs      automatic_control_promote.o
    0x20000480        -       0x0000000c   Zero   RW         1457    .bss.body_feedforword  automatic_control_promote.o
    0x2000048c        -       0x00000004   Zero   RW         1314    .bss.buffer         uart_app.o
    0x20000490        -       0x0000000c   Zero   RW         1221    .bss.calc_buffer    velocity_calc.o
    0x2000049c        -       0x0000000c   Zero   RW         1222    .bss.calc_buffer_2nd  velocity_calc.o
    0x200004a8        -       0x0000000c   Zero   RW         1220    .bss.calculatied_velocity  velocity_calc.o
    0x200004b4        -       0x00000008   Zero   RW         1119    .bss.can_send_data  can_receive.o
    0x200004bc        -       0x00000018   Zero   RW         1118    .bss.can_tx_message  can_receive.o
    0x200004d4        -       0x00000001   Zero   RW         1322    .bss.change_mode_flag  uart_app.o
    0x200004d5   COMPRESSED   0x00000003   PAD
    0x200004d8        -       0x00000004   Zero   RW         1321    .bss.cnt_ykq        uart_app.o
    0x200004dc        -       0x00000001   Zero   RW         1308    .bss.controller     uart_app.o
    0x200004dd        -       0x00000001   Zero   RW         1313    .bss.count          uart_app.o
    0x200004de        -       0x00000001   Zero   RW         1311    .bss.crc_code       uart_app.o
    0x200004df        -       0x00000001   Zero   RW         1317    .bss.cyber_gear_knock_flag  uart_app.o
    0x200004e0        -       0x00000001   Zero   RW         1312    .bss.declearation   uart_app.o
    0x200004e1   COMPRESSED   0x00000003   PAD
    0x200004e4        -       0x0000003c   Zero   RW         1460    .bss.delta_designer  automatic_control_promote.o
    0x20000520        -       0x00000001   Zero   RW         1309    .bss.delta_mode     uart_app.o
    0x20000521   COMPRESSED   0x00000003   PAD
    0x20000524        -       0x0000000c   Zero   RW         1370    .bss.delta_position  delta_clac.o
    0x20000530        -       0x0000000c   Zero   RW         1286    .bss.displace_buffer  displacement_pid.o
    0x2000053c        -       0x00000004   Zero   RW         1429    .bss.gyro_acc_filter.filtered_buffer_xacc.0  function_for_uart.o
    0x20000540        -       0x00000004   Zero   RW         1430    .bss.gyro_acc_filter.filtered_buffer_yacc.0  function_for_uart.o
    0x20000544        -       0x00000004   Zero   RW         1431    .bss.gyro_acc_filter.filtered_buffer_zacc.0  function_for_uart.o
    0x20000548        -       0x00000004   Zero   RW         1427    .bss.gyro_omega_filter.filter_buffer_yaw_omega.0  function_for_uart.o
    0x2000054c        -       0x00000004   Zero   RW         1428    .bss.gyro_omega_filter.filter_buffer_yaw_omega.1  function_for_uart.o
    0x20000550        -       0x00000004   Zero   RW         1425    .bss.gyro_position_filter.filter_buffer_yaw.0  function_for_uart.o
    0x20000554        -       0x00000004   Zero   RW         1426    .bss.gyro_position_filter.filter_buffer_yaw.1  function_for_uart.o
    0x20000558        -       0x00000028   Zero   RW           42    .bss.hcan1          can.o
    0x20000580        -       0x00000028   Zero   RW           43    .bss.hcan2          can.o
    0x200005a8        -       0x00000048   Zero   RW           59    .bss.htim2          tim.o
    0x200005f0        -       0x00000048   Zero   RW           79    .bss.huart1         usart.o
    0x20000638        -       0x00000048   Zero   RW           80    .bss.huart2         usart.o
    0x20000680        -       0x00000048   Zero   RW           78    .bss.huart4         usart.o
    0x200006c8        -       0x00000005   Zero   RW         1264    .bss.hwt_tx_buffer  hwt605.o
    0x200006cd   COMPRESSED   0x00000003   PAD
    0x200006d0        -       0x000000e0   Zero   RW         1116    .bss.motor_can1     can_receive.o
    0x200007b0        -       0x000000e0   Zero   RW         1117    .bss.motor_can2     can_receive.o
    0x20000890        -       0x0000000c   Zero   RW         1285    .bss.motors_rnd     displacement_pid.o
    0x2000089c        -       0x00000048   Zero   RW         1318    .bss.my_angle_measure  uart_app.o
    0x200008e4        -       0x00000068   Zero   RW         1287    .bss.my_displacement_pid  displacement_pid.o
    0x2000094c        -       0x000002a0   Zero   RW         1194    .bss.pid_pos_1      pid_user.o
    0x20000bec        -       0x000002a0   Zero   RW         1196    .bss.pid_pos_2      pid_user.o
    0x20000e8c        -       0x000002a0   Zero   RW         1192    .bss.pid_pos_down   pid_user.o
    0x2000112c        -       0x000002a0   Zero   RW         1190    .bss.pid_pos_up     pid_user.o
    0x200013cc        -       0x000002a0   Zero   RW         1193    .bss.pid_v_1        pid_user.o
    0x2000166c        -       0x000002a0   Zero   RW         1195    .bss.pid_v_2        pid_user.o
    0x2000190c        -       0x000002a0   Zero   RW         1191    .bss.pid_v_down     pid_user.o
    0x20001bac        -       0x000002a0   Zero   RW         1189    .bss.pid_v_up       pid_user.o
    0x20001e4c        -       0x00000018   Zero   RW         1316    .bss.receive_data   uart_app.o
    0x20001e64        -       0x0000000c   Zero   RW         1325    .bss.rx_buffs_ykq   uart_app.o
    0x20001e70        -       0x00000001   Zero   RW         1306    .bss.step           uart_app.o
    0x20001e71   COMPRESSED   0x00000003   PAD
    0x20001e74        -       0x00000004   Zero   RW         1320    .bss.step_ykq       uart_app.o
    0x20001e78        -       0x00000001   Zero   RW         1319    .bss.sum_ykq        uart_app.o
    0x20001e79        -       0x00000001   Zero   RW         1388    .bss.time_up        timer_app.o
    0x20001e7a   COMPRESSED   0x00000002   PAD
    0x20001e7c        -       0x00000004   Zero   RW         1421    .bss.toresult.xyzf.0  function_for_uart.o
    0x20001e80        -       0x00000004   Zero   RW         1422    .bss.toresult.xyzf.1  function_for_uart.o
    0x20001e84        -       0x00000004   Zero   RW         1423    .bss.toresult.xyzf.2  function_for_uart.o
    0x20001e88        -       0x00000006   Zero   RW         1326    .bss.tx_buffer      uart_app.o
    0x20001e8e   COMPRESSED   0x00000002   PAD
    0x20001e90        -       0x00000004   Zero   RW          573    .bss.uwTick         stm32f4xx_hal.o
    0x20001e94        -       0x00000004   Zero   RW         1351    .bss.world_displacement_mode_run.last_target.0  main_app.o
    0x20001e98        -       0x00000004   Zero   RW         1352    .bss.world_displacement_mode_run.last_target.1  main_app.o
    0x20001e9c        -       0x00000004   Zero   RW         1353    .bss.world_displacement_mode_run.last_target.2  main_app.o
    0x20001ea0        -       0x000000b4   Zero   RW         1459    .bss.xyw_spatium_designer  automatic_control_promote.o
    0x20001f54        -       0x0000000c   Zero   RW         1420    .bss.ykq_xyw        function_for_uart.o
    0x20001f60        -       0x00000200   Zero   RW            2    HEAP                startup_stm32f407xx.o
    0x20002160        -       0x00000400   Zero   RW            1    STACK               startup_stm32f407xx.o


    Execution Region RW_IRAM2 (Exec base: 0x2001c000, Load base: 0x08007430, Size: 0x00000000, Max: 0x00004000, ABSOLUTE)

    **** No section assigned to this execution region ****


==============================================================================

Image component sizes


      Code (inc. data)   RO Data    RW Data    ZI Data      Debug   Object Name

      1368         36          0          0        312       4902   automatic_control_promote.o
       138          0          0          0          0       3588   bsp_can.o
        38          0          0          0          0       2957   bsp_delay.o
       474          0          0          0         84       6651   can.o
       806          0          0          0        480       8826   can_receive.o
        30          0          0          0         12       3399   delta_clac.o
       752         12          0          0        128       3399   displacement_pid.o
      1592         38          0          0         53       7238   function_for_uart.o
        76          0          0          0          0       1496   gpio.o
       444          0          0         40         69       5087   hwt605.o
       282          0          0          0          0       3380   main.o
      2042        108          0          0         12       9205   main_app.o
      1126         36          0          1        539      15697   mi.o
       736          8          0          0          0       2509   pid.o
      2234         80          0        192       5376       7443   pid_user.o
        64         26        392          0       1536        856   startup_stm32f407xx.o
       212          0          0          5          4       7338   stm32f4xx_hal.o
      1668          6          0          0          0      13682   stm32f4xx_hal_can.o
       196          0          0          0          0      10794   stm32f4xx_hal_cortex.o
       164          0          0          0          0      10448   stm32f4xx_hal_dma.o
       414          0          0          0          0       5368   stm32f4xx_hal_gpio.o
        56          0          0          0          0       1495   stm32f4xx_hal_msp.o
      1418          0          0          0          0       7448   stm32f4xx_hal_rcc.o
      1316          0          0          0          0      55156   stm32f4xx_hal_tim.o
       186          0          0          0          0      20916   stm32f4xx_hal_tim_ex.o
      2342          0          0          0          0      30908   stm32f4xx_hal_uart.o
       140          0          0          0          0       8146   stm32f4xx_it.o
        18          0         24          4          0       2684   system_stm32f4xx.o
       178          0          0          0         72       7370   tim.o
        14          0          0          0          1       3762   timer_app.o
       852         18          0          2        147       6093   uart_app.o
       516          0          0          0        216       7519   usart.o
       330          0          0        108         36       2241   velocity_calc.o

    ----------------------------------------------------------------------
     22372        368        448        364       9108     288001   Object Totals
         0          0         32          0          0          0   (incl. Generated)
       150          0          0         12         31          0   (incl. Padding)

    ----------------------------------------------------------------------

      Code (inc. data)   RO Data    RW Data    ZI Data      Debug   Library Member Name

        90          0          0          0          0          0   __dczerorl2.o
         8          0          0          0          0         68   __main.o
         0          0          0          0          0          0   __rtentry.o
        12          0          0          0          0          0   __rtentry2.o
         6          0          0          0          0          0   __rtentry4.o
        94          8          0          0          0          0   __scatter.o
        28          0          0          0          0          0   __scatter_zi.o
        22          0          0          0          0        100   _rserrno.o
        18          0          0          0          0         80   exit.o
         6          0          0          0          0        152   heapauxi.o
         0          0          0          0          0          0   indicate_semi.o
         2          0          0          0          0          0   libinit.o
         6          0          0          0          0          0   libinit2.o
         2          0          0          0          0          0   libshutdown.o
         2          0          0          0          0          0   libshutdown2.o
         8          4          0          0         96         68   libspace.o
       240          0          0          0          0        100   lludivv7m.o
         8          4          0          0          0         68   rt_errno_addr_intlibspace.o
       138          0          0          0          0         68   rt_memcpy_v6.o
       100          0          0          0          0         80   rt_memcpy_w.o
         2          0          0          0          0          0   rtexit.o
        10          0          0          0          0          0   rtexit2.o
        12          4          0          0          0         68   sys_exit.o
        74          0          0          0          0         80   sys_stackheap_outer.o
         2          0          0          0          0         68   use_no_semi.o
        24          0          0          0          0        164   basic.o
        98          4          0          0          0        140   d2f.o
       834         16          0          0          0        516   daddsub_clz.o
       692        140          0          0          0        264   ddiv.o
        94          4          0          0          0        140   dfix.o
        84          0          0          0          0        232   dflt_clz.o
       340         12          0          0          0        152   dmul.o
       156          4          0          0          0        140   dnaninf.o
        12          0          0          0          0        116   dretinf.o
        86          4          0          0          0        132   f2d.o
       140          4          0          0          0        132   fnaninf.o
        26          0          0          0          0        116   fpinit.o
       244          8          0          0          0        132   frem_clz.o
        10          0          0          0          0        116   fretinf.o
         0          0          0          0          0          0   usenofp.o
       200         20          0          0          0        164   cos.o
       368         46         48          0          0        200   cos_i.o
        84         16          0          0          0        372   dunder.o
        24          0          0          0          0        124   fabs.o
       176          0          0          0          0        168   fmodf.o
        48          0          0          0          0        124   fpclassify.o
        16          6          0          0          0        116   funder.o
       248          0          0          0          0        152   poly.o
      1080        142        204          0          0        188   rred.o
       200         20          0          0          0        164   sin.o
       304         24         40          0          0        208   sin_i.o

    ----------------------------------------------------------------------
      6500        490        296          0         96       5472   Library Totals
        22          0          4          0          0          0   (incl. Padding)

    ----------------------------------------------------------------------

      Code (inc. data)   RO Data    RW Data    ZI Data      Debug   Library Name

       890         20          0          0         96       1000   c_w.l
      2840        196          0          0          0       2492   fz_wm.l
      2748        274        292          0          0       1980   m_wm.l

    ----------------------------------------------------------------------
      6500        490        296          0         96       5472   Library Totals

    ----------------------------------------------------------------------

==============================================================================


      Code (inc. data)   RO Data    RW Data    ZI Data      Debug   

     28872        858        744        364       9204     289705   Grand Totals
     28872        858        744        128       9204     289705   ELF Image Totals (compressed)
     28872        858        744        128          0          0   ROM Totals

==============================================================================

    Total RO  Size (Code + RO Data)                29616 (  28.92kB)
    Total RW  Size (RW Data + ZI Data)              9568 (   9.34kB)
    Total ROM Size (Code + RO Data + RW Data)      29744 (  29.05kB)

==============================================================================

