<html>
<body>
<pre>
<h1>µVision Build Log</h1>
<h2>Tool Versions:</h2>
IDE-Version: ¦ÌVision V5.39.0.0
Copyright (C) 2023 ARM Ltd and ARM Germany GmbH. All rights reserved.
License Information: 11 Lenovo, 22, LIC=UJWP0-B4GU8-74ZS0-BRAUW-BYKSI-V4V5W
 
Tool Versions:
Toolchain:       MDK-ARM Plus  Version: 5.39.0.0
Toolchain Path:  E:\ProgramingDownload\Keil5Download\core\ARM\ACMSIS\Bin
C Compiler:      Armcc.exe V5.06 update 7 (build 960)
Assembler:       Armasm.exe V5.06 update 7 (build 960)
Linker/Locator:  ArmLink.exe V5.06 update 7 (build 960)
Library Manager: ArmAr.exe V5.06 update 7 (build 960)
Hex Converter:   FromElf.exe V5.06 update 7 (build 960)
CPU DLL:         SARMCM3.DLL V5.39.0.0
Dialog DLL:      DCM.DLL V1.17.5.0
Target DLL:      STLink\ST-LINKIII-KEIL_SWO.dll V3.2.0.0
Dialog DLL:      TCM.DLL V1.56.4.0
 
<h2>Project:</h2>
E:\STM32Project\CubeMX_Project\delta_test_8MHz\MDK-ARM\delta_test.uvprojx
Project File Date:  07/12/2025

<h2>Output:</h2>
*** Using Compiler 'V5.06 update 7 (build 960)', folder: 'E:\ProgramingDownload\Keil5Download\core\ARM\ACMSIS\Bin'
Rebuild target 'delta_test'
assembling startup_stm32f407xx.s...
compiling stm32f4xx_it.c...
compiling gpio.c...
compiling stm32f4xx_hal_flash_ramfunc.c...
compiling can.c...
compiling stm32f4xx_hal_can.c...
compiling usart.c...
compiling stm32f4xx_hal_rcc_ex.c...
compiling stm32f4xx_hal_flash.c...
compiling stm32f4xx_hal_rcc.c...
compiling main.c...
../Core/Src/main.c(147): warning:  #177-D: variable "move_zero"  was declared but never referenced
  double move_zero = 78/360*8191*3591/187;
../Core/Src/main.c: 1 warning, 0 errors
compiling stm32f4xx_hal_msp.c...
compiling tim.c...
compiling stm32f4xx_hal_flash_ex.c...
compiling stm32f4xx_hal_gpio.c...
compiling stm32f4xx_hal_dma_ex.c...
compiling XandY.c...
compiling F_XandY.c...
..\applications\classic\Src\F_XandY.c(12): warning:  #550-D: parameter "vl_omega"  was set but never used
  void set_vl_omega(float vl_omega, float val) {
..\applications\classic\Src\F_XandY.c(15): warning:  #550-D: parameter "vl_r"  was set but never used
  void set_vl_r(float vl_r, float val) {
..\applications\classic\Src\F_XandY.c(18): warning:  #550-D: parameter "angle"  was set but never used
  void set_offset_angle(float angle, float val) {
..\applications\classic\Src\F_XandY.c: 3 warnings, 0 errors
compiling stm32f4xx_hal_pwr_ex.c...
compiling stm32f4xx_hal_pwr.c...
compiling stm32f4xx_hal.c...
compiling pid.c...
compiling system_stm32f4xx.c...
compiling stm32f4xx_hal_dma.c...
compiling stm32f4xx_hal_exti.c...
compiling pid_user.c...
compiling stm32f4xx_hal_cortex.c...
compiling CAN_receive.c...
compiling hwt605_driver.c...
compiling TIM1_handler.c...
compiling stm32f4xx_hal_uart.c...
compiling stm32f4xx_hal_tim_ex.c...
compiling stm32f4xx_hal_tim.c...
compiling bsp_delay.c...
compiling bsp_can.c...
compiling delta_clac.c...
..\applications\delta\Src\delta_clac.c(19): warning:  #1035-D: single-precision operand implicitly converted to double-precision
          if (input > 90.0)     
..\applications\delta\Src\delta_clac.c(66): warning:  #1035-D: single-precision operand implicitly converted to double-precision
      theta[0] = deltaLimitMax(2 * atanf(theta_list[0]) * 180.0 / delta_PI);
..\applications\delta\Src\delta_clac.c(67): warning:  #1035-D: single-precision operand implicitly converted to double-precision
      theta[1] = deltaLimitMax(2 * atanf(theta_list[1]) * 180.0 / delta_PI);
..\applications\delta\Src\delta_clac.c(68): warning:  #1035-D: single-precision operand implicitly converted to double-precision
      theta[2] = deltaLimitMax(2 * atanf(theta_list[2]) * 180.0 / delta_PI);
..\applications\delta\Src\delta_clac.c: 4 warnings, 0 errors
linking...
Program Size: Code=10144 RO-data=448 RW-data=156 ZI-data=4636  
FromELF: creating hex file...
"delta_test\delta_test.axf" - 0 Error(s), 8 Warning(s).

<h2>Software Packages used:</h2>

Package Vendor: ARM
                http://www.keil.com/pack/ARM.CMSIS.5.9.0.pack
                ARM::CMSIS@5.9.0
                CMSIS (Common Microcontroller Software Interface Standard)
   * Component: CORE Version: 5.6.0

Package Vendor: Keil
                https://www.keil.com/pack/Keil.STM32F4xx_DFP.3.0.0.pack
                Keil::STM32F4xx_DFP@3.0.0
                STMicroelectronics STM32F4 Series Device Support

<h2>Collection of Component include folders:</h2>
  ./RTE/_delta_test
  E:/ProgramingDownload/Keil5Download/pack/ARM/CMSIS/5.9.0/CMSIS/Core/Include

<h2>Collection of Component Files used:</h2>

   * Component: ARM::CMSIS:CORE@5.6.0
      Include file:  CMSIS/Core/Include/tz_context.h
Build Time Elapsed:  00:00:06
</pre>
</body>
</html>
