Component: ARM Compiler 5.06 update 7 (build 960) Tool: armlink [4d3601]

==============================================================================

Section Cross References

    startup_stm32f407xx.o(STACK) refers (Special) to heapauxi.o(.text) for __use_two_region_memory
    startup_stm32f407xx.o(HEAP) refers (Special) to heapauxi.o(.text) for __use_two_region_memory
    startup_stm32f407xx.o(RESET) refers (Special) to heapauxi.o(.text) for __use_two_region_memory
    startup_stm32f407xx.o(RESET) refers to startup_stm32f407xx.o(STACK) for __initial_sp
    startup_stm32f407xx.o(RESET) refers to startup_stm32f407xx.o(.text) for Reset_Handler
    startup_stm32f407xx.o(RESET) refers to stm32f4xx_it.o(i.NMI_Handler) for NMI_Handler
    startup_stm32f407xx.o(RESET) refers to stm32f4xx_it.o(i.HardFault_Handler) for HardFault_Handler
    startup_stm32f407xx.o(RESET) refers to stm32f4xx_it.o(i.MemManage_Handler) for MemManage_Handler
    startup_stm32f407xx.o(RESET) refers to stm32f4xx_it.o(i.BusFault_Handler) for BusFault_Handler
    startup_stm32f407xx.o(RESET) refers to stm32f4xx_it.o(i.UsageFault_Handler) for UsageFault_Handler
    startup_stm32f407xx.o(RESET) refers to stm32f4xx_it.o(i.SVC_Handler) for SVC_Handler
    startup_stm32f407xx.o(RESET) refers to stm32f4xx_it.o(i.DebugMon_Handler) for DebugMon_Handler
    startup_stm32f407xx.o(RESET) refers to stm32f4xx_it.o(i.PendSV_Handler) for PendSV_Handler
    startup_stm32f407xx.o(RESET) refers to stm32f4xx_it.o(i.SysTick_Handler) for SysTick_Handler
    startup_stm32f407xx.o(RESET) refers to stm32f4xx_it.o(i.CAN1_TX_IRQHandler) for CAN1_TX_IRQHandler
    startup_stm32f407xx.o(RESET) refers to stm32f4xx_it.o(i.CAN1_RX0_IRQHandler) for CAN1_RX0_IRQHandler
    startup_stm32f407xx.o(RESET) refers to stm32f4xx_it.o(i.CAN1_RX1_IRQHandler) for CAN1_RX1_IRQHandler
    startup_stm32f407xx.o(RESET) refers to stm32f4xx_it.o(i.CAN1_SCE_IRQHandler) for CAN1_SCE_IRQHandler
    startup_stm32f407xx.o(RESET) refers to stm32f4xx_it.o(i.TIM2_IRQHandler) for TIM2_IRQHandler
    startup_stm32f407xx.o(RESET) refers to stm32f4xx_it.o(i.TIM3_IRQHandler) for TIM3_IRQHandler
    startup_stm32f407xx.o(RESET) refers to stm32f4xx_it.o(i.TIM4_IRQHandler) for TIM4_IRQHandler
    startup_stm32f407xx.o(RESET) refers to stm32f4xx_it.o(i.USART1_IRQHandler) for USART1_IRQHandler
    startup_stm32f407xx.o(RESET) refers to stm32f4xx_it.o(i.USART2_IRQHandler) for USART2_IRQHandler
    startup_stm32f407xx.o(RESET) refers to stm32f4xx_it.o(i.TIM5_IRQHandler) for TIM5_IRQHandler
    startup_stm32f407xx.o(RESET) refers to stm32f4xx_it.o(i.UART4_IRQHandler) for UART4_IRQHandler
    startup_stm32f407xx.o(RESET) refers to stm32f4xx_it.o(i.CAN2_TX_IRQHandler) for CAN2_TX_IRQHandler
    startup_stm32f407xx.o(RESET) refers to stm32f4xx_it.o(i.CAN2_RX0_IRQHandler) for CAN2_RX0_IRQHandler
    startup_stm32f407xx.o(.text) refers (Special) to heapauxi.o(.text) for __use_two_region_memory
    startup_stm32f407xx.o(.text) refers to system_stm32f4xx.o(i.SystemInit) for SystemInit
    startup_stm32f407xx.o(.text) refers to __main.o(!!!main) for __main
    startup_stm32f407xx.o(.text) refers to startup_stm32f407xx.o(HEAP) for Heap_Mem
    startup_stm32f407xx.o(.text) refers to startup_stm32f407xx.o(STACK) for Stack_Mem
    main.o(i.SystemClock_Config) refers to rt_memclr_w.o(.text) for __aeabi_memclr4
    main.o(i.SystemClock_Config) refers to stm32f4xx_hal_rcc.o(i.HAL_RCC_OscConfig) for HAL_RCC_OscConfig
    main.o(i.SystemClock_Config) refers to stm32f4xx_hal_rcc.o(i.HAL_RCC_ClockConfig) for HAL_RCC_ClockConfig
    main.o(i.main) refers to stm32f4xx_hal.o(i.HAL_Init) for HAL_Init
    main.o(i.main) refers to main.o(i.SystemClock_Config) for SystemClock_Config
    main.o(i.main) refers to gpio.o(i.MX_GPIO_Init) for MX_GPIO_Init
    main.o(i.main) refers to can.o(i.MX_CAN1_Init) for MX_CAN1_Init
    main.o(i.main) refers to can.o(i.MX_CAN2_Init) for MX_CAN2_Init
    main.o(i.main) refers to usart.o(i.MX_USART1_UART_Init) for MX_USART1_UART_Init
    main.o(i.main) refers to tim.o(i.MX_TIM2_Init) for MX_TIM2_Init
    main.o(i.main) refers to usart.o(i.MX_USART2_UART_Init) for MX_USART2_UART_Init
    main.o(i.main) refers to usart.o(i.MX_UART4_Init) for MX_UART4_Init
    main.o(i.main) refers to tim.o(i.MX_TIM3_Init) for MX_TIM3_Init
    main.o(i.main) refers to tim.o(i.MX_TIM4_Init) for MX_TIM4_Init
    main.o(i.main) refers to tim.o(i.MX_TIM5_Init) for MX_TIM5_Init
    main.o(i.main) refers to main_app.o(i.user_init) for user_init
    main.o(i.main) refers to pid_user.o(i.PID_velocity_realize_1) for PID_velocity_realize_1
    main.o(i.main) refers to can_receive.o(i.CAN1_CMD_1) for CAN1_CMD_1
    main.o(i.main) refers to main_app.o(i.cybergear_control) for cybergear_control
    main.o(i.main) refers to main_app.o(i.msg_control) for msg_control
    main.o(i.main) refers to main_app.o(i.local_velocity_mode_run_with_angle_displacement) for local_velocity_mode_run_with_angle_displacement
[...]
    __rt_lib_init_rand_1                     0x08000243   Thumb Code     0  libinit2.o(.ARM.Collect$$libinit$$0000000E)
    __rt_lib_init_return                     0x08000243   Thumb Code     0  libinit2.o(.ARM.Collect$$libinit$$00000033)
    __rt_lib_init_signal_1                   0x08000243   Thumb Code     0  libinit2.o(.ARM.Collect$$libinit$$0000001D)
    __rt_lib_init_stdio_1                    0x08000243   Thumb Code     0  libinit2.o(.ARM.Collect$$libinit$$00000025)
    __rt_lib_init_user_alloc_1               0x08000243   Thumb Code     0  libinit2.o(.ARM.Collect$$libinit$$0000000C)
    __rt_lib_shutdown                        0x08000245   Thumb Code     0  libshutdown.o(.ARM.Collect$$libshutdown$$00000000)
    __rt_lib_shutdown_cpp_1                  0x08000247   Thumb Code     0  libshutdown2.o(.ARM.Collect$$libshutdown$$00000004)
    __rt_lib_shutdown_fini_1                 0x08000247   Thumb Code     0  libshutdown2.o(.ARM.Collect$$libshutdown$$00000002)
    __rt_lib_shutdown_fp_trap_1              0x08000247   Thumb Code     0  libshutdown2.o(.ARM.Collect$$libshutdown$$00000009)
    __rt_lib_shutdown_heap_1                 0x08000247   Thumb Code     0  libshutdown2.o(.ARM.Collect$$libshutdown$$00000011)
    __rt_lib_shutdown_return                 0x08000247   Thumb Code     0  libshutdown2.o(.ARM.Collect$$libshutdown$$00000012)
    __rt_lib_shutdown_signal_1               0x08000247   Thumb Code     0  libshutdown2.o(.ARM.Collect$$libshutdown$$0000000C)
    __rt_lib_shutdown_stdio_1                0x08000247   Thumb Code     0  libshutdown2.o(.ARM.Collect$$libshutdown$$00000006)
    __rt_lib_shutdown_user_alloc_1           0x08000247   Thumb Code     0  libshutdown2.o(.ARM.Collect$$libshutdown$$0000000E)
    __rt_entry                               0x08000249   Thumb Code     0  __rtentry.o(.ARM.Collect$$rtentry$$00000000)
    __rt_entry_presh_1                       0x08000249   Thumb Code     0  __rtentry2.o(.ARM.Collect$$rtentry$$00000002)
    __rt_entry_sh                            0x08000249   Thumb Code     0  __rtentry4.o(.ARM.Collect$$rtentry$$00000004)
    __rt_entry_li                            0x0800024f   Thumb Code     0  __rtentry2.o(.ARM.Collect$$rtentry$$0000000A)
    __rt_entry_postsh_1                      0x0800024f   Thumb Code     0  __rtentry2.o(.ARM.Collect$$rtentry$$00000009)
    __rt_entry_main                          0x08000253   Thumb Code     0  __rtentry2.o(.ARM.Collect$$rtentry$$0000000D)
    __rt_entry_postli_1                      0x08000253   Thumb Code     0  __rtentry2.o(.ARM.Collect$$rtentry$$0000000C)
    __rt_exit                                0x0800025b   Thumb Code     0  rtexit.o(.ARM.Collect$$rtexit$$00000000)
    __rt_exit_ls                             0x0800025d   Thumb Code     0  rtexit2.o(.ARM.Collect$$rtexit$$00000003)
    __rt_exit_prels_1                        0x0800025d   Thumb Code     0  rtexit2.o(.ARM.Collect$$rtexit$$00000002)
    __rt_exit_exit                           0x08000261   Thumb Code     0  rtexit2.o(.ARM.Collect$$rtexit$$00000004)
    Reset_Handler                            0x08000269   Thumb Code     8  startup_stm32f407xx.o(.text)
    ADC_IRQHandler                           0x08000283   Thumb Code     0  startup_stm32f407xx.o(.text)
    CAN2_RX1_IRQHandler                      0x08000283   Thumb Code     0  startup_stm32f407xx.o(.text)
    CAN2_SCE_IRQHandler                      0x08000283   Thumb Code     0  startup_stm32f407xx.o(.text)
    DCMI_IRQHandler                          0x08000283   Thumb Code     0  startup_stm32f407xx.o(.text)
    DMA1_Stream0_IRQHandler                  0x08000283   Thumb Code     0  startup_stm32f407xx.o(.text)
    DMA1_Stream1_IRQHandler                  0x08000283   Thumb Code     0  startup_stm32f407xx.o(.text)
    DMA1_Stream2_IRQHandler                  0x08000283   Thumb Code     0  startup_stm32f407xx.o(.text)
    DMA1_Stream3_IRQHandler                  0x08000283   Thumb Code     0  startup_stm32f407xx.o(.text)
    DMA1_Stream4_IRQHandler                  0x08000283   Thumb Code     0  startup_stm32f407xx.o(.text)
    DMA1_Stream5_IRQHandler                  0x08000283   Thumb Code     0  startup_stm32f407xx.o(.text)
    DMA1_Stream6_IRQHandler                  0x08000283   Thumb Code     0  startup_stm32f407xx.o(.text)
    DMA1_Stream7_IRQHandler                  0x08000283   Thumb Code     0  startup_stm32f407xx.o(.text)
    DMA2_Stream0_IRQHandler                  0x08000283   Thumb Code     0  startup_stm32f407xx.o(.text)
    DMA2_Stream1_IRQHandler                  0x08000283   Thumb Code     0  startup_stm32f407xx.o(.text)
    DMA2_Stream2_IRQHandler                  0x08000283   Thumb Code     0  startup_stm32f407xx.o(.text)
    DMA2_Stream3_IRQHandler                  0x08000283   Thumb Code     0  startup_stm32f407xx.o(.text)
    DMA2_Stream4_IRQHandler                  0x08000283   Thumb Code     0  startup_stm32f407xx.o(.text)
    DMA2_Stream5_IRQHandler                  0x08000283   Thumb Code     0  startup_stm32f407xx.o(.text)
    DMA2_Stream6_IRQHandler                  0x08000283   Thumb Code     0  startup_stm32f407xx.o(.text)
    DMA2_Stream7_IRQHandler                  0x08000283   Thumb Code     0  startup_stm32f407xx.o(.text)
    ETH_IRQHandler                           0x08000283   Thumb Code     0  startup_stm32f407xx.o(.text)
    ETH_WKUP_IRQHandler                      0x08000283   Thumb Code     0  startup_stm32f407xx.o(.text)
    EXTI0_IRQHandler                         0x08000283   Thumb Code     0  startup_stm32f407xx.o(.text)
    EXTI15_10_IRQHandler                     0x08000283   Thumb Code     0  startup_stm32f407xx.o(.text)
    EXTI1_IRQHandler                         0x08000283   Thumb Code     0  startup_stm32f407xx.o(.text)
    EXTI2_IRQHandler                         0x08000283   Thumb Code     0  startup_stm32f407xx.o(.text)
    EXTI3_IRQHandler                         0x08000283   Thumb Code     0  startup_stm32f407xx.o(.text)
    EXTI4_IRQHandler                         0x08000283   Thumb Code     0  startup_stm32f407xx.o(.text)
    EXTI9_5_IRQHandler                       0x08000283   Thumb Code     0  startup_stm32f407xx.o(.text)
    FLASH_IRQHandler                         0x08000283   Thumb Code     0  startup_stm32f407xx.o(.text)
    FMC_IRQHandler                           0x08000283   Thumb Code     0  startup_stm32f407xx.o(.text)
    FPU_IRQHandler                           0x08000283   Thumb Code     0  startup_stm32f407xx.o(.text)
    HASH_RNG_IRQHandler                      0x08000283   Thumb Code     0  startup_stm32f407xx.o(.text)
    I2C1_ER_IRQHandler                       0x08000283   Thumb Code     0  startup_stm32f407xx.o(.text)
    I2C1_EV_IRQHandler                       0x08000283   Thumb Code     0  startup_stm32f407xx.o(.text)
    I2C2_ER_IRQHandler                       0x08000283   Thumb Code     0  startup_stm32f407xx.o(.text)
    I2C2_EV_IRQHandler                       0x08000283   Thumb Code     0  startup_stm32f407xx.o(.text)
    I2C3_ER_IRQHandler                       0x08000283   Thumb Code     0  startup_stm32f407xx.o(.text)
    I2C3_EV_IRQHandler                       0x08000283   Thumb Code     0  startup_stm32f407xx.o(.text)
    OTG_FS_IRQHandler                        0x08000283   Thumb Code     0  startup_stm32f407xx.o(.text)
    OTG_FS_WKUP_IRQHandler                   0x08000283   Thumb Code     0  startup_stm32f407xx.o(.text)
    OTG_HS_EP1_IN_IRQHandler                 0x08000283   Thumb Code     0  startup_stm32f407xx.o(.text)
    OTG_HS_EP1_OUT_IRQHandler                0x08000283   Thumb Code     0  startup_stm32f407xx.o(.text)
    OTG_HS_IRQHandler                        0x08000283   Thumb Code     0  startup_stm32f407xx.o(.text)
    OTG_HS_WKUP_IRQHandler                   0x08000283   Thumb Code     0  startup_stm32f407xx.o(.text)
    PVD_IRQHandler                           0x08000283   Thumb Code     0  startup_stm32f407xx.o(.text)
    RCC_IRQHandler                           0x08000283   Thumb Code     0  startup_stm32f407xx.o(.text)
    RTC_Alarm_IRQHandler                     0x08000283   Thumb Code     0  startup_stm32f407xx.o(.text)
    RTC_WKUP_IRQHandler                      0x08000283   Thumb Code     0  startup_stm32f407xx.o(.text)
    SDIO_IRQHandler                          0x08000283   Thumb Code     0  startup_stm32f407xx.o(.text)
    SPI1_IRQHandler                          0x08000283   Thumb Code     0  startup_stm32f407xx.o(.text)
    SPI2_IRQHandler                          0x08000283   Thumb Code     0  startup_stm32f407xx.o(.text)
    SPI3_IRQHandler                          0x08000283   Thumb Code     0  startup_stm32f407xx.o(.text)
    TAMP_STAMP_IRQHandler                    0x08000283   Thumb Code     0  startup_stm32f407xx.o(.text)
    TIM1_BRK_TIM9_IRQHandler                 0x08000283   Thumb Code     0  startup_stm32f407xx.o(.text)
    TIM1_CC_IRQHandler                       0x08000283   Thumb Code     0  startup_stm32f407xx.o(.text)
    TIM1_TRG_COM_TIM11_IRQHandler            0x08000283   Thumb Code     0  startup_stm32f407xx.o(.text)
    TIM1_UP_TIM10_IRQHandler                 0x08000283   Thumb Code     0  startup_stm32f407xx.o(.text)
    TIM6_DAC_IRQHandler                      0x08000283   Thumb Code     0  startup_stm32f407xx.o(.text)
    TIM7_IRQHandler                          0x08000283   Thumb Code     0  startup_stm32f407xx.o(.text)
    TIM8_BRK_TIM12_IRQHandler                0x08000283   Thumb Code     0  startup_stm32f407xx.o(.text)
    TIM8_CC_IRQHandler                       0x08000283   Thumb Code     0  startup_stm32f407xx.o(.text)
    TIM8_TRG_COM_TIM14_IRQHandler            0x08000283   Thumb Code     0  startup_stm32f407xx.o(.text)
    TIM8_UP_TIM13_IRQHandler                 0x08000283   Thumb Code     0  startup_stm32f407xx.o(.text)
    UART5_IRQHandler                         0x08000283   Thumb Code     0  startup_stm32f407xx.o(.text)
    USART3_IRQHandler                        0x08000283   Thumb Code     0  startup_stm32f407xx.o(.text)
    USART6_IRQHandler                        0x08000283   Thumb Code     0  startup_stm32f407xx.o(.text)
    WWDG_IRQHandler                          0x08000283   Thumb Code     0  startup_stm32f407xx.o(.text)
    __user_initial_stackheap                 0x08000285   Thumb Code     0  startup_stm32f407xx.o(.text)
    __aeabi_uldivmod                         0x080002a9   Thumb Code     0  lludivv7m.o(.text)
    _ll_udiv                                 0x080002a9   Thumb Code   238  lludivv7m.o(.text)
    __aeabi_memcpy                           0x08000397   Thumb Code     0  rt_memcpy_v6.o(.text)
    __rt_memcpy                              0x08000397   Thumb Code   138  rt_memcpy_v6.o(.text)
    _memcpy_lastbytes                        0x080003fd   Thumb Code     0  rt_memcpy_v6.o(.text)
    __aeabi_memclr4                          0x08000421   Thumb Code     0  rt_memclr_w.o(.text)
    __aeabi_memclr8                          0x08000421   Thumb Code     0  rt_memclr_w.o(.text)
    __rt_memclr_w                            0x08000421   Thumb Code    78  rt_memclr_w.o(.text)
    _memset_w                                0x08000425   Thumb Code     0  rt_memclr_w.o(.text)
    __use_two_region_memory                  0x0800046f   Thumb Code     2  heapauxi.o(.text)
    __rt_heap_escrow$2region                 0x08000471   Thumb Code     2  heapauxi.o(.text)
    __rt_heap_expand$2region                 0x08000473   Thumb Code     2  heapauxi.o(.text)
    __read_errno                             0x08000475   Thumb Code    10  _rserrno.o(.text)
    __set_errno                              0x0800047f   Thumb Code    12  _rserrno.o(.text)
    __aeabi_memcpy4                          0x0800048b   Thumb Code     0  rt_memcpy_w.o(.text)
    __aeabi_memcpy8                          0x0800048b   Thumb Code     0  rt_memcpy_w.o(.text)
    __rt_memcpy_w                            0x0800048b   Thumb Code   100  rt_memcpy_w.o(.text)
    _memcpy_lastbytes_aligned                0x080004d3   Thumb Code     0  rt_memcpy_w.o(.text)
    __aeabi_errno_addr                       0x080004f1   Thumb Code     8  rt_errno_addr_intlibspace.o(.text)
    __errno$intlibspace                      0x080004f1   Thumb Code     0  rt_errno_addr_intlibspace.o(.text)
    __rt_errno_addr$intlibspace              0x080004f1   Thumb Code     0  rt_errno_addr_intlibspace.o(.text)
    __user_libspace                          0x080004f9   Thumb Code     8  libspace.o(.text)
    __user_perproc_libspace                  0x080004f9   Thumb Code     0  libspace.o(.text)
    __user_perthread_libspace                0x080004f9   Thumb Code     0  libspace.o(.text)
    __user_setup_stackheap                   0x08000501   Thumb Code    74  sys_stackheap_outer.o(.text)
    exit                                     0x0800054b   Thumb Code    18  exit.o(.text)
    _sys_exit                                0x0800055d   Thumb Code     8  sys_exit.o(.text)
    __I$use$semihosting                      0x08000569   Thumb Code     0  use_no_semi.o(.text)
    __use_no_semihosting_swi                 0x08000569   Thumb Code     2  use_no_semi.o(.text)
    BusFault_Handler                         0x0800056b   Thumb Code     2  stm32f4xx_it.o(i.BusFault_Handler)
    __semihosting_library_function           0x0800056b   Thumb Code     0  indicate_semi.o(.text)
    CAN1_CMD_1                               0x0800056d   Thumb Code    60  can_receive.o(i.CAN1_CMD_1)
    CAN1_Filter_Init                         0x080005b5   Thumb Code    38  bsp_can.o(i.CAN1_Filter_Init)
    CAN1_RX0_IRQHandler                      0x080005e1   Thumb Code     6  stm32f4xx_it.o(i.CAN1_RX0_IRQHandler)
    CAN1_RX1_IRQHandler                      0x080005ed   Thumb Code     6  stm32f4xx_it.o(i.CAN1_RX1_IRQHandler)
    CAN1_SCE_IRQHandler                      0x080005f9   Thumb Code     6  stm32f4xx_it.o(i.CAN1_SCE_IRQHandler)
    CAN1_TX_IRQHandler                       0x08000605   Thumb Code     6  stm32f4xx_it.o(i.CAN1_TX_IRQHandler)
    CAN2_Filter_Init                         0x08000611   Thumb Code    56  bsp_can.o(i.CAN2_Filter_Init)
    CAN2_RX0_IRQHandler                      0x0800064d   Thumb Code     6  stm32f4xx_it.o(i.CAN2_RX0_IRQHandler)
    CAN2_TX_IRQHandler                       0x08000659   Thumb Code     6  stm32f4xx_it.o(i.CAN2_TX_IRQHandler)
    CAN_Start                                0x08000665   Thumb Code    30  bsp_can.o(i.CAN_Start)
    DWT_Init                                 0x08000685   Thumb Code    26  bsp_delay.o(i.DWT_Init)
    DebugMon_Handler                         0x080006a9   Thumb Code     2  stm32f4xx_it.o(i.DebugMon_Handler)
    Error_Handler                            0x080006ab   Thumb Code     4  main.o(i.Error_Handler)
    FloatToUint                              0x080006af   Thumb Code    74  mi.o(i.FloatToUint)
    HAL_CAN_ActivateNotification             0x080006f9   Thumb Code    36  stm32f4xx_hal_can.o(i.HAL_CAN_ActivateNotification)
    HAL_CAN_AddTxMessage                     0x0800071d   Thumb Code   208  stm32f4xx_hal_can.o(i.HAL_CAN_AddTxMessage)
    HAL_CAN_ConfigFilter                     0x080007ed   Thumb Code   262  stm32f4xx_hal_can.o(i.HAL_CAN_ConfigFilter)
    HAL_CAN_ErrorCallback                    0x080008f9   Thumb Code     2  stm32f4xx_hal_can.o(i.HAL_CAN_ErrorCallback)
    HAL_CAN_GetRxMessage                     0x080008fb   Thumb Code   244  stm32f4xx_hal_can.o(i.HAL_CAN_GetRxMessage)
    HAL_CAN_GetTxMailboxesFreeLevel          0x080009ef   Thumb Code    44  stm32f4xx_hal_can.o(i.HAL_CAN_GetTxMailboxesFreeLevel)
    HAL_CAN_IRQHandler                       0x08000a1b   Thumb Code   508  stm32f4xx_hal_can.o(i.HAL_CAN_IRQHandler)
    HAL_CAN_Init                             0x08000c17   Thumb Code   282  stm32f4xx_hal_can.o(i.HAL_CAN_Init)
    HAL_CAN_MspInit                          0x08000d31   Thumb Code   292  can.o(i.HAL_CAN_MspInit)
    HAL_CAN_RxFifo0FullCallback              0x08000e6d   Thumb Code     2  stm32f4xx_hal_can.o(i.HAL_CAN_RxFifo0FullCallback)
    HAL_CAN_RxFifo0MsgPendingCallback        0x08000e71   Thumb Code   344  can_receive.o(i.HAL_CAN_RxFifo0MsgPendingCallback)
    HAL_CAN_RxFifo1FullCallback              0x08000fe1   Thumb Code     2  stm32f4xx_hal_can.o(i.HAL_CAN_RxFifo1FullCallback)
    HAL_CAN_RxFifo1MsgPendingCallback        0x08000fe3   Thumb Code     2  stm32f4xx_hal_can.o(i.HAL_CAN_RxFifo1MsgPendingCallback)
    HAL_CAN_SleepCallback                    0x08000fe5   Thumb Code     2  stm32f4xx_hal_can.o(i.HAL_CAN_SleepCallback)
    HAL_CAN_Start                            0x08000fe7   Thumb Code    86  stm32f4xx_hal_can.o(i.HAL_CAN_Start)
    HAL_CAN_TxMailbox0AbortCallback          0x0800103d   Thumb Code     2  stm32f4xx_hal_can.o(i.HAL_CAN_TxMailbox0AbortCallback)
    HAL_CAN_TxMailbox0CompleteCallback       0x0800103f   Thumb Code     2  stm32f4xx_hal_can.o(i.HAL_CAN_TxMailbox0CompleteCallback)
    HAL_CAN_TxMailbox1AbortCallback          0x08001041   Thumb Code     2  stm32f4xx_hal_can.o(i.HAL_CAN_TxMailbox1AbortCallback)
    HAL_CAN_TxMailbox1CompleteCallback       0x08001043   Thumb Code     2  stm32f4xx_hal_can.o(i.HAL_CAN_TxMailbox1CompleteCallback)
    HAL_CAN_TxMailbox2AbortCallback          0x08001045   Thumb Code     2  stm32f4xx_hal_can.o(i.HAL_CAN_TxMailbox2AbortCallback)
    HAL_CAN_TxMailbox2CompleteCallback       0x08001047   Thumb Code     2  stm32f4xx_hal_can.o(i.HAL_CAN_TxMailbox2CompleteCallback)
    HAL_CAN_WakeUpFromRxMsgCallback          0x08001049   Thumb Code     2  stm32f4xx_hal_can.o(i.HAL_CAN_WakeUpFromRxMsgCallback)
    HAL_DMA_Abort                            0x0800104b   Thumb Code   146  stm32f4xx_hal_dma.o(i.HAL_DMA_Abort)
    HAL_DMA_Abort_IT                         0x080010dd   Thumb Code    36  stm32f4xx_hal_dma.o(i.HAL_DMA_Abort_IT)
    HAL_Delay                                0x08001101   Thumb Code    32  stm32f4xx_hal.o(i.HAL_Delay)
    HAL_GPIO_Init                            0x08001125   Thumb Code   418  stm32f4xx_hal_gpio.o(i.HAL_GPIO_Init)
    HAL_GPIO_WritePin                        0x080012f5   Thumb Code    10  stm32f4xx_hal_gpio.o(i.HAL_GPIO_WritePin)
    HAL_GetTick                              0x08001301   Thumb Code     6  stm32f4xx_hal.o(i.HAL_GetTick)
    HAL_IncTick                              0x0800130d   Thumb Code    12  stm32f4xx_hal.o(i.HAL_IncTick)
    HAL_Init                                 0x0800131d   Thumb Code    48  stm32f4xx_hal.o(i.HAL_Init)
    HAL_InitTick                             0x08001351   Thumb Code    54  stm32f4xx_hal.o(i.HAL_InitTick)
    HAL_MspInit                              0x08001391   Thumb Code    42  stm32f4xx_hal_msp.o(i.HAL_MspInit)
    HAL_NVIC_EnableIRQ                       0x080013c1   Thumb Code    26  stm32f4xx_hal_cortex.o(i.HAL_NVIC_EnableIRQ)
    HAL_NVIC_SetPriority                     0x080013dd   Thumb Code    60  stm32f4xx_hal_cortex.o(i.HAL_NVIC_SetPriority)
    HAL_NVIC_SetPriorityGrouping             0x0800141d   Thumb Code    26  stm32f4xx_hal_cortex.o(i.HAL_NVIC_SetPriorityGrouping)
    HAL_RCC_ClockConfig                      0x08001441   Thumb Code   288  stm32f4xx_hal_rcc.o(i.HAL_RCC_ClockConfig)
    HAL_RCC_GetPCLK1Freq                     0x08001575   Thumb Code    20  stm32f4xx_hal_rcc.o(i.HAL_RCC_GetPCLK1Freq)
    HAL_RCC_GetPCLK2Freq                     0x08001595   Thumb Code    20  stm32f4xx_hal_rcc.o(i.HAL_RCC_GetPCLK2Freq)
    HAL_RCC_GetSysClockFreq                  0x080015b5   Thumb Code    88  stm32f4xx_hal_rcc.o(i.HAL_RCC_GetSysClockFreq)
    HAL_RCC_OscConfig                        0x08001615   Thumb Code   836  stm32f4xx_hal_rcc.o(i.HAL_RCC_OscConfig)
    HAL_SYSTICK_Config                       0x0800196d   Thumb Code    40  stm32f4xx_hal_cortex.o(i.HAL_SYSTICK_Config)
    HAL_TIMEx_BreakCallback                  0x08001995   Thumb Code     2  stm32f4xx_hal_tim_ex.o(i.HAL_TIMEx_BreakCallback)
    HAL_TIMEx_CommutCallback                 0x08001997   Thumb Code     2  stm32f4xx_hal_tim_ex.o(i.HAL_TIMEx_CommutCallback)
    HAL_TIMEx_MasterConfigSynchronization    0x08001999   Thumb Code   116  stm32f4xx_hal_tim_ex.o(i.HAL_TIMEx_MasterConfigSynchronization)
    HAL_TIM_Base_Init                        0x08001a29   Thumb Code    90  stm32f4xx_hal_tim.o(i.HAL_TIM_Base_Init)
    HAL_TIM_Base_MspInit                     0x08001a85   Thumb Code   158  tim.o(i.HAL_TIM_Base_MspInit)
    HAL_TIM_Base_Start_IT                    0x08001b35   Thumb Code   100  stm32f4xx_hal_tim.o(i.HAL_TIM_Base_Start_IT)
    HAL_TIM_ConfigClockSource                0x08001bb5   Thumb Code   220  stm32f4xx_hal_tim.o(i.HAL_TIM_ConfigClockSource)
    HAL_TIM_IC_CaptureCallback               0x08001c91   Thumb Code     2  stm32f4xx_hal_tim.o(i.HAL_TIM_IC_CaptureCallback)
    HAL_TIM_IRQHandler                       0x08001c93   Thumb Code   304  stm32f4xx_hal_tim.o(i.HAL_TIM_IRQHandler)
    HAL_TIM_OC_DelayElapsedCallback          0x08001dc3   Thumb Code     2  stm32f4xx_hal_tim.o(i.HAL_TIM_OC_DelayElapsedCallback)
    HAL_TIM_PWM_PulseFinishedCallback        0x08001dc5   Thumb Code     2  stm32f4xx_hal_tim.o(i.HAL_TIM_PWM_PulseFinishedCallback)
    HAL_TIM_PeriodElapsedCallback            0x08001dc9   Thumb Code    16  timer_app.o(i.HAL_TIM_PeriodElapsedCallback)
    HAL_TIM_TriggerCallback                  0x08001ddd   Thumb Code     2  stm32f4xx_hal_tim.o(i.HAL_TIM_TriggerCallback)
    HAL_UARTEx_RxEventCallback               0x08001ddf   Thumb Code     2  stm32f4xx_hal_uart.o(i.HAL_UARTEx_RxEventCallback)
    HAL_UART_ErrorCallback                   0x08001de1   Thumb Code     2  stm32f4xx_hal_uart.o(i.HAL_UART_ErrorCallback)
    HAL_UART_IRQHandler                      0x08001de5   Thumb Code   618  stm32f4xx_hal_uart.o(i.HAL_UART_IRQHandler)
    HAL_UART_Init                            0x08002055   Thumb Code   100  stm32f4xx_hal_uart.o(i.HAL_UART_Init)
    HAL_UART_MspInit                         0x080020b9   Thumb Code   260  usart.o(i.HAL_UART_MspInit)
    HAL_UART_Receive_IT                      0x080021d1   Thumb Code    28  stm32f4xx_hal_uart.o(i.HAL_UART_Receive_IT)
    HAL_UART_RxCpltCallback                  0x080021ed   Thumb Code   334  uart_app.o(i.HAL_UART_RxCpltCallback)
    HAL_UART_Transmit                        0x08002371   Thumb Code   160  stm32f4xx_hal_uart.o(i.HAL_UART_Transmit)
    HAL_UART_Transmit_IT                     0x08002411   Thumb Code    50  stm32f4xx_hal_uart.o(i.HAL_UART_Transmit_IT)
    HAL_UART_TxCpltCallback                  0x08002443   Thumb Code     2  stm32f4xx_hal_uart.o(i.HAL_UART_TxCpltCallback)
    HardFault_Handler                        0x08002445   Thumb Code     2  stm32f4xx_it.o(i.HardFault_Handler)
    MI_motor_CanTx                           0x08002449   Thumb Code    50  mi.o(i.MI_motor_CanTx)
    MI_motor_Control                         0x08002481   Thumb Code   242  mi.o(i.MI_motor_Control)
    MI_motor_Enable                          0x0800257d   Thumb Code    46  mi.o(i.MI_motor_Enable)
    MI_motor_Init                            0x080025b1   Thumb Code     6  mi.o(i.MI_motor_Init)
    MI_motor_RxDecode                        0x080025b9   Thumb Code   146  mi.o(i.MI_motor_RxDecode)
    MI_motor_SetMechPositionToZero           0x08002659   Thumb Code    48  mi.o(i.MI_motor_SetMechPositionToZero)
    MX_CAN1_Init                             0x0800268d   Thumb Code    56  can.o(i.MX_CAN1_Init)
    MX_CAN2_Init                             0x080026cd   Thumb Code    56  can.o(i.MX_CAN2_Init)
    MX_GPIO_Init                             0x0800270d   Thumb Code   170  gpio.o(i.MX_GPIO_Init)
    MX_TIM2_Init                             0x080027c5   Thumb Code    96  tim.o(i.MX_TIM2_Init)
    MX_TIM3_Init                             0x08002829   Thumb Code    96  tim.o(i.MX_TIM3_Init)
    MX_TIM4_Init                             0x08002891   Thumb Code    96  tim.o(i.MX_TIM4_Init)
    MX_TIM5_Init                             0x080028f9   Thumb Code    96  tim.o(i.MX_TIM5_Init)
    MX_UART4_Init                            0x08002961   Thumb Code    48  usart.o(i.MX_UART4_Init)
    MX_USART1_UART_Init                      0x08002999   Thumb Code    48  usart.o(i.MX_USART1_UART_Init)
    MX_USART2_UART_Init                      0x080029d1   Thumb Code    48  usart.o(i.MX_USART2_UART_Init)
    MemManage_Handler                        0x08002a09   Thumb Code     2  stm32f4xx_it.o(i.MemManage_Handler)
    NMI_Handler                              0x08002a0b   Thumb Code     2  stm32f4xx_it.o(i.NMI_Handler)
    PID_devices_Init                         0x08002a0d   Thumb Code   262  pid_user.o(i.PID_devices_Init)
    PID_init                                 0x08002b49   Thumb Code    96  pid.o(i.PID_init)
    PID_velocity_realize_1                   0x08002bad   Thumb Code    66  pid_user.o(i.PID_velocity_realize_1)
    PendSV_Handler                           0x08002bfd   Thumb Code     2  stm32f4xx_it.o(i.PendSV_Handler)
    SVC_Handler                              0x08002bff   Thumb Code     2  stm32f4xx_it.o(i.SVC_Handler)
    SysTick_Handler                          0x08002c01   Thumb Code     4  stm32f4xx_it.o(i.SysTick_Handler)
    SystemClock_Config                       0x08002c05   Thumb Code   138  main.o(i.SystemClock_Config)
    SystemInit                               0x08002c99   Thumb Code    12  system_stm32f4xx.o(i.SystemInit)
    TIM2_IRQHandler                          0x08002ca9   Thumb Code     6  stm32f4xx_it.o(i.TIM2_IRQHandler)
    TIM3_IRQHandler                          0x08002cb5   Thumb Code     6  stm32f4xx_it.o(i.TIM3_IRQHandler)
    TIM4_IRQHandler                          0x08002cc1   Thumb Code     6  stm32f4xx_it.o(i.TIM4_IRQHandler)
    TIM5_IRQHandler                          0x08002ccd   Thumb Code     6  stm32f4xx_it.o(i.TIM5_IRQHandler)
    TIM_Base_SetConfig                       0x08002cd9   Thumb Code   170  stm32f4xx_hal_tim.o(i.TIM_Base_SetConfig)
    TIM_ETR_SetConfig                        0x08002db1   Thumb Code    20  stm32f4xx_hal_tim.o(i.TIM_ETR_SetConfig)
    UART4_IRQHandler                         0x08002e1d   Thumb Code     6  stm32f4xx_it.o(i.UART4_IRQHandler)
    UART_Start_Receive_IT                    0x08003055   Thumb Code    54  stm32f4xx_hal_uart.o(i.UART_Start_Receive_IT)
    USART1_IRQHandler                        0x080030fd   Thumb Code     6  stm32f4xx_it.o(i.USART1_IRQHandler)
    USART2_IRQHandler                        0x08003109   Thumb Code     6  stm32f4xx_it.o(i.USART2_IRQHandler)
    UsageFault_Handler                       0x08003115   Thumb Code     2  stm32f4xx_it.o(i.UsageFault_Handler)
    __ARM_fpclassify                         0x08003117   Thumb Code    48  fpclassify.o(i.__ARM_fpclassify)
    __ARM_fpclassifyf                        0x08003147   Thumb Code    38  fpclassifyf.o(i.__ARM_fpclassifyf)
    __hardfp_cos                             0x08003191   Thumb Code   180  cos.o(i.__hardfp_cos)
    __hardfp_fmodf                           0x08003259   Thumb Code   176  fmodf.o(i.__hardfp_fmodf)
    __hardfp_powf                            0x08003309   Thumb Code  1606  powf.o(i.__hardfp_powf)
    __mathlib_powf                           0x08003309   Thumb Code     0  powf.o(i.__hardfp_powf)
    __hardfp_sin                             0x08003971   Thumb Code   180  sin.o(i.__hardfp_sin)
    __hardfp_sqrt                            0x08003a39   Thumb Code   122  sqrt.o(i.__hardfp_sqrt)
    __ieee754_rem_pio2                       0x08003ab9   Thumb Code   938  rred.o(i.__ieee754_rem_pio2)
    __kernel_cos                             0x08003ef1   Thumb Code   322  cos_i.o(i.__kernel_cos)
    __kernel_poly                            0x08004061   Thumb Code   248  poly.o(i.__kernel_poly)
    __kernel_sin                             0x08004159   Thumb Code   280  sin_i.o(i.__kernel_sin)
    __mathlib_dbl_infnan                     0x08004289   Thumb Code    20  dunder.o(i.__mathlib_dbl_infnan)
    __mathlib_dbl_invalid                    0x080042a1   Thumb Code    24  dunder.o(i.__mathlib_dbl_invalid)
    __mathlib_dbl_underflow                  0x080042c1   Thumb Code    24  dunder.o(i.__mathlib_dbl_underflow)
    __mathlib_flt_divzero                    0x080042e1   Thumb Code    14  funder.o(i.__mathlib_flt_divzero)
    __mathlib_flt_infnan2                    0x080042f5   Thumb Code     6  funder.o(i.__mathlib_flt_infnan2)
    __mathlib_flt_invalid                    0x080042fd   Thumb Code    10  funder.o(i.__mathlib_flt_invalid)
    __mathlib_flt_overflow                   0x0800430d   Thumb Code    10  funder.o(i.__mathlib_flt_overflow)
    __mathlib_flt_underflow                  0x0800431d   Thumb Code    10  funder.o(i.__mathlib_flt_underflow)
    angle_error                              0x0800432d   Thumb Code    54  displacement_pid.o(i.angle_error)
    angular_displacement_PID                 0x0800436d   Thumb Code   168  hwt605.o(i.angular_displacement_PID)
    commander_package_analysis               0x08004421   Thumb Code   154  function_for_uart.o(i.commander_package_analysis)
    crc                                      0x080044e1   Thumb Code   148  function_for_uart.o(i.crc)
    crc8_inspecting                          0x08004585   Thumb Code    60  function_for_uart.o(i.crc8_inspecting)
    cybergear_control                        0x080045d9   Thumb Code   618  main_app.o(i.cybergear_control)
    delay_init                               0x08004891   Thumb Code    26  bsp_delay.o(i.delay_init)
    delay_ms                                 0x080048b9   Thumb Code    48  bsp_delay.o(i.delay_ms)
    designer_update                          0x080048ed   Thumb Code   124  automatic_control_promote.o(i.designer_update)
    fabs                                     0x08004975   Thumb Code    24  fabs.o(i.fabs)
    feedforword_control                      0x0800498d   Thumb Code    72  automatic_control_promote.o(i.feedforword_control)
    ftabs_maxfff                             0x080049dd   Thumb Code    54  velocity_calc.o(i.ftabs_maxfff)
    get_float_num                            0x08004a15   Thumb Code    32  function_for_uart.o(i.get_float_num)
    get_motor_measure                        0x08004a39   Thumb Code    66  can_receive.o(i.get_motor_measure)
    get_motor_offset                         0x08004a7b   Thumb Code    10  can_receive.o(i.get_motor_offset)
    get_rnd_count_and_diaplacement           0x08004a85   Thumb Code   176  displacement_pid.o(i.get_rnd_count_and_diaplacement)
    got_it_the_point_already                 0x08004b55   Thumb Code    14  uart_app.o(i.got_it_the_point_already)
    hwt605_request_omega                     0x08004b6d   Thumb Code    52  hwt605.o(i.hwt605_request_omega)
    hwt605_request_yaw                       0x08004ba9   Thumb Code    52  hwt605.o(i.hwt605_request_yaw)
    input_map                                0x08004be5   Thumb Code    58  function_for_uart.o(i.input_map)
    inverse_solution_matrix_init             0x08004c25   Thumb Code    86  velocity_calc.o(i.inverse_solution_matrix_init)
    judgement_of_declearation                0x08004c99   Thumb Code    44  function_for_uart.o(i.judgement_of_declearation)
    local_velocity_mode_run_with_angle_displacement 0x08004cd5   Thumb Code   130  main_app.o(i.local_velocity_mode_run_with_angle_displacement)
    low_pass_filter                          0x08004d75   Thumb Code    18  automatic_control_promote.o(i.low_pass_filter)
    main                                     0x08004d89   Thumb Code   236  main.o(i.main)
    matrix_multiply                          0x08004e85   Thumb Code    82  velocity_calc.o(i.matrix_multiply)
    msg_control                              0x08004ed9   Thumb Code    38  main_app.o(i.msg_control)
    not_got_it_the_point_yet                 0x08004f09   Thumb Code    14  uart_app.o(i.not_got_it_the_point_yet)
    pure_local_velocity_mode_run             0x08004f21   Thumb Code     6  main_app.o(i.pure_local_velocity_mode_run)
    receiving_datas                          0x08004f2d   Thumb Code   110  function_for_uart.o(i.receiving_datas)
    reset_motor_position                     0x08004fc1   Thumb Code    28  can_receive.o(i.reset_motor_position)
    rnd_count_and_diaplacement_reset         0x08004fdd   Thumb Code    20  displacement_pid.o(i.rnd_count_and_diaplacement_reset)
    rotate_matrix_calc                       0x08004ff9   Thumb Code   132  velocity_calc.o(i.rotate_matrix_calc)
    solution_matrix_init                     0x08005081   Thumb Code    98  velocity_calc.o(i.solution_matrix_init)
    spatium_designer_init                    0x08005101   Thumb Code    26  automatic_control_promote.o(i.spatium_designer_init)
    spatium_designer_set_target              0x08005121   Thumb Code   176  automatic_control_promote.o(i.spatium_designer_set_target)
    spatium_designer_update                  0x080051d5   Thumb Code   510  automatic_control_promote.o(i.spatium_designer_update)
    theta_displacement_control               0x080053e5   Thumb Code   130  displacement_pid.o(i.theta_displacement_control)
    toresult                                 0x0800546d   Thumb Code   366  function_for_uart.o(i.toresult)
    user_init                                0x08005619   Thumb Code   218  main_app.o(i.user_init)
    vel_PID_calc                             0x08005749   Thumb Code   338  pid.o(i.vel_PID_calc)
    vel_control                              0x080058a1   Thumb Code   158  velocity_calc.o(i.vel_control)
    vel_designer_init                        0x08005955   Thumb Code    20  automatic_control_promote.o(i.vel_designer_init)
    waiting_for_pack_head                    0x08005969   Thumb Code    56  function_for_uart.o(i.waiting_for_pack_head)
    waiting_for_package_tail                 0x080059b5   Thumb Code    24  function_for_uart.o(i.waiting_for_package_tail)
    world_displacement_mode_run              0x080059d9   Thumb Code   404  main_app.o(i.world_displacement_mode_run)
    world_velocity_mode_run                  0x08005b99   Thumb Code   124  main_app.o(i.world_velocity_mode_run)
    x_displacement_control                   0x08005c39   Thumb Code   160  displacement_pid.o(i.x_displacement_control)
    xy_displacement_pid_config               0x08005cdd   Thumb Code    20  displacement_pid.o(i.xy_displacement_pid_config)
    xy_spatium_designer_init                 0x08005cf5   Thumb Code    40  automatic_control_promote.o(i.xy_spatium_designer_init)
    y_displacement_control                   0x08005d1d   Thumb Code   160  displacement_pid.o(i.y_displacement_control)
    z_displacement_pid_config                0x08005dc1   Thumb Code    20  displacement_pid.o(i.z_displacement_pid_config)
    __aeabi_dneg                             0x08005dd9   Thumb Code     0  basic.o(x$fpl$basic)
    _dneg                                    0x08005dd9   Thumb Code     6  basic.o(x$fpl$basic)
    __aeabi_fneg                             0x08005ddf   Thumb Code     0  basic.o(x$fpl$basic)
    _fneg                                    0x08005ddf   Thumb Code     6  basic.o(x$fpl$basic)
    _dabs                                    0x08005de5   Thumb Code     6  basic.o(x$fpl$basic)
    _fabs                                    0x08005deb   Thumb Code     6  basic.o(x$fpl$basic)
    __aeabi_d2f                              0x08005df1   Thumb Code     0  d2f.o(x$fpl$d2f)
    _d2f                                     0x08005df1   Thumb Code    98  d2f.o(x$fpl$d2f)
    __aeabi_dadd                             0x08005e55   Thumb Code     0  daddsub_clz.o(x$fpl$dadd)
    _dadd                                    0x08005e55   Thumb Code   332  daddsub_clz.o(x$fpl$dadd)
    __aeabi_ddiv                             0x08005fa5   Thumb Code     0  ddiv.o(x$fpl$ddiv)
    _ddiv                                    0x08005fa5   Thumb Code   552  ddiv.o(x$fpl$ddiv)
    __aeabi_d2iz                             0x08006255   Thumb Code     0  dfix.o(x$fpl$dfix)
    _dfix                                    0x08006255   Thumb Code    94  dfix.o(x$fpl$dfix)
    __aeabi_i2d                              0x080062b3   Thumb Code     0  dflt_clz.o(x$fpl$dflt)
    _dflt                                    0x080062b3   Thumb Code    46  dflt_clz.o(x$fpl$dflt)
    __aeabi_ui2d                             0x080062e1   Thumb Code     0  dflt_clz.o(x$fpl$dfltu)
    _dfltu                                   0x080062e1   Thumb Code    38  dflt_clz.o(x$fpl$dfltu)
    __aeabi_dmul                             0x08006309   Thumb Code     0  dmul.o(x$fpl$dmul)
    _dmul                                    0x08006309   Thumb Code   332  dmul.o(x$fpl$dmul)
    __fpl_dnaninf                            0x0800645d   Thumb Code   156  dnaninf.o(x$fpl$dnaninf)
    __fpl_dretinf                            0x080064f9   Thumb Code    12  dretinf.o(x$fpl$dretinf)
    __aeabi_drsub                            0x08006505   Thumb Code     0  daddsub_clz.o(x$fpl$drsb)
    _drsb                                    0x08006505   Thumb Code    22  daddsub_clz.o(x$fpl$drsb)
    _dsqrt                                   0x0800651d   Thumb Code   404  dsqrt_umaal.o(x$fpl$dsqrt)
    __aeabi_dsub                             0x080066b5   Thumb Code     0  daddsub_clz.o(x$fpl$dsub)
    _dsub                                    0x080066b5   Thumb Code   464  daddsub_clz.o(x$fpl$dsub)
    __aeabi_f2d                              0x08006889   Thumb Code     0  f2d.o(x$fpl$f2d)
    _f2d                                     0x08006889   Thumb Code    86  f2d.o(x$fpl$f2d)
    __fpl_fnaninf                            0x080068df   Thumb Code   140  fnaninf.o(x$fpl$fnaninf)
    _fp_init                                 0x0800696b   Thumb Code    10  fpinit.o(x$fpl$fpinit)
    __fplib_config_fpu_vfp                   0x08006973   Thumb Code     0  fpinit.o(x$fpl$fpinit)
    __fplib_config_pureend_doubles           0x08006973   Thumb Code     0  fpinit.o(x$fpl$fpinit)
    _frem                                    0x08006975   Thumb Code   240  frem_clz.o(x$fpl$frem)
    __fpl_fretinf                            0x08006a69   Thumb Code    10  fretinf.o(x$fpl$fretinf)
    AHBPrescTable                            0x08006a72   Data          16  system_stm32f4xx.o(.constdata)
    __I$use$fp                               0x08006a72   Number         0  usenofp.o(x$fpl$usenofp)
    APBPrescTable                            0x08006a82   Data           8  system_stm32f4xx.o(.constdata)
    Region$$Table$$Base                      0x08006cf0   Number         0  anon$$obj.o(Region$$Table)
    Region$$Table$$Limit                     0x08006d10   Number         0  anon$$obj.o(Region$$Table)
    uwTickFreq                               0x20000008   Data           1  stm32f4xx_hal.o(.data)
    uwTickPrio                               0x2000000c   Data           4  stm32f4xx_hal.o(.data)
    uwTick                                   0x20000010   Data           4  stm32f4xx_hal.o(.data)
    SystemCoreClock                          0x20000014   Data           4  system_stm32f4xx.o(.data)
    can_send_data                            0x20000022   Data           8  can_receive.o(.data)
    motor_speed_classic12_pid                0x2000002c   Data          16  pid_user.o(.data)
    motor_position_classic12_pid             0x2000003c   Data          16  pid_user.o(.data)
    motor_speed_2006_pid                     0x2000004c   Data          16  pid_user.o(.data)
    motor_position_2006_pid                  0x2000005c   Data          16  pid_user.o(.data)
    theta                                    0x2000006c   Data           4  velocity_calc.o(.data)
    rotate_matrix                            0x20000070   Data          36  velocity_calc.o(.data)
    solution_matrix                          0x20000094   Data          36  velocity_calc.o(.data)
    inverse_solution_matrix                  0x200000b8   Data          36  velocity_calc.o(.data)
    hwt_what_type                            0x200000dc   Data           1  hwt605.o(.data)
    hwt_tx_buffer                            0x200000dd   Data           8  hwt605.o(.data)
    angular_displacement_PID_config          0x200000e8   Data          20  hwt605.o(.data)
    angular_velocity_PID_config              0x200000fc   Data          20  hwt605.o(.data)
    step                                     0x20000110   Data           1  uart_app.o(.data)
    commander                                0x20000111   Data           1  uart_app.o(.data)
    hwt_state                                0x20000112   Data           1  uart_app.o(.data)
    hwt_rx_temp                              0x20000113   Data           1  uart_app.o(.data)
    buffer                                   0x20000114   Data           4  uart_app.o(.data)
    tx_buffer                                0x20000118   Data           6  uart_app.o(.data)
    angle_buffer                             0x2000011e   Data           8  uart_app.o(.data)
    run_mode                                 0x20000126   Data           1  uart_app.o(.data)
    controller                               0x20000127   Data           1  uart_app.o(.data)
    delta_mode                               0x20000128   Data           1  uart_app.o(.data)
    msg_mode                                 0x20000129   Data           1  uart_app.o(.data)
    crc_code                                 0x2000012a   Data           1  uart_app.o(.data)
    declearation                             0x2000012b   Data           1  uart_app.o(.data)
    count                                    0x2000012c   Data           1  uart_app.o(.data)
    cyber_gear_knock_flag                    0x2000012d   Data           1  uart_app.o(.data)
    sum_ykq                                  0x2000012e   Data           1  uart_app.o(.data)
    step_ykq                                 0x20000130   Data           4  uart_app.o(.data)
    cnt_ykq                                  0x20000134   Data           4  uart_app.o(.data)
    change_mode_flag                         0x20000138   Data           1  uart_app.o(.data)
    mi_mode_flag                             0x20000139   Data           1  main_app.o(.data)
    mi_high_add_flag                         0x2000013a   Data           1  main_app.o(.data)
    mi_speed_flag                            0x2000013b   Data           1  main_app.o(.data)
    time_up                                  0x2000013c   Data           1  timer_app.o(.data)
    anjian                                   0x2000013f   Data           1  function_for_uart.o(.data)
    send_flag                                0x20000140   Data           1  function_for_uart.o(.data)
    MI_MASTERID                              0x20000141   Data           1  mi.o(.data)
    hcan1                                    0x20000144   Data          40  can.o(.bss)
    hcan2                                    0x2000016c   Data          40  can.o(.bss)
    htim2                                    0x20000194   Data          72  tim.o(.bss)
    htim3                                    0x200001dc   Data          72  tim.o(.bss)
    htim4                                    0x20000224   Data          72  tim.o(.bss)
    htim5                                    0x2000026c   Data          72  tim.o(.bss)
    huart4                                   0x200002b4   Data          72  usart.o(.bss)
    huart1                                   0x200002fc   Data          72  usart.o(.bss)
    huart2                                   0x20000344   Data          72  usart.o(.bss)
    motor_can1                               0x2000038c   Data         224  can_receive.o(.bss)
    motor_can2                               0x2000046c   Data         224  can_receive.o(.bss)
    can_tx_message                           0x2000054c   Data          24  can_receive.o(.bss)
    pid_v_1                                  0x20000564   Data         672  pid_user.o(.bss)
    pid_pos_1                                0x20000804   Data         672  pid_user.o(.bss)
    pid_v_2                                  0x20000aa4   Data         672  pid_user.o(.bss)
    pid_pos_2                                0x20000d44   Data         672  pid_user.o(.bss)
    calculated_velocity                      0x20000fe4   Data          12  velocity_calc.o(.bss)
    calc_buffer                              0x20000ff0   Data          12  velocity_calc.o(.bss)
    calc_buffer_2nd                          0x20000ffc   Data          12  velocity_calc.o(.bss)
    angular_displacement_PID_struct          0x20001008   Data          32  hwt605.o(.bss)
    angular_velocity_PID_struct              0x20001028   Data          32  hwt605.o(.bss)
    motors_rnd                               0x20001048   Data          12  displacement_pid.o(.bss)
    my_displacement_pid                      0x20001054   Data         124  displacement_pid.o(.bss)
    displace_buffer                          0x200010d0   Data          12  displacement_pid.o(.bss)
    receive_data                             0x200010dc   Data          24  uart_app.o(.bss)
    my_angle_measure                         0x200010f4   Data          72  uart_app.o(.bss)
    rx_buffs_ykq                             0x2000113c   Data          12  uart_app.o(.bss)
    ykq_xyw                                  0x20001154   Data          12  function_for_uart.o(.bss)
    body_acc_design                          0x200011ac   Data          48  automatic_control_promote.o(.bss)
    body_feedforword                         0x200011dc   Data          12  automatic_control_promote.o(.bss)
    body_accs                                0x200011e8   Data          12  automatic_control_promote.o(.bss)
    xyw_spatium_designer                     0x200011f4   Data         192  automatic_control_promote.o(.bss)
    MI_Motor                                 0x200012b4   Data         360  mi.o(.bss)
    CAN_TxHeader_MI                          0x2000141c   Data          24  mi.o(.bss)
    OutputData                               0x20001434   Data         155  mi.o(.bss)
    __libspace_start                         0x200014d0   Data          96  libspace.o(.bss)
    __temporary_stack_top$libspace           0x20001530   Data           0  libspace.o(.bss)



==============================================================================

Memory Map of the image

  Image Entry point : 0x08000189

  Load Region LR_IROM1 (Base: 0x08000000, Size: 0x00006e54, Max: 0x00080000, ABSOLUTE, COMPRESSED[0x00006d6c])

    Execution Region ER_IROM1 (Exec base: 0x08000000, Load base: 0x08000000, Size: 0x00006d10, Max: 0x00080000, ABSOLUTE)

    Exec Addr    Load Addr    Size         Type   Attr      Idx    E Section Name        Object

    0x08000000   0x08000000   0x00000188   Data   RO            3    RESET               startup_stm32f407xx.o
    0x08000188   0x08000188   0x00000008   Code   RO         4482  * !!!main             c_w.l(__main.o)
    0x08000190   0x08000190   0x00000034   Code   RO         4825    !!!scatter          c_w.l(__scatter.o)
    0x080001c4   0x080001c4   0x0000005a   Code   RO         4823    !!dczerorl2         c_w.l(__dczerorl2.o)
    0x0800021e   0x0800021e   0x00000002   PAD
    0x08000220   0x08000220   0x0000001c   Code   RO         4827    !!handler_zi        c_w.l(__scatter_zi.o)
    0x0800023c   0x0800023c   0x00000002   Code   RO         4694    .ARM.Collect$$libinit$$00000000  c_w.l(libinit.o)
    0x0800023e   0x0800023e   0x00000004   Code   RO         4703    .ARM.Collect$$libinit$$00000001  c_w.l(libinit2.o)
    0x08000242   0x08000242   0x00000000   Code   RO         4706    .ARM.Collect$$libinit$$00000004  c_w.l(libinit2.o)
    0x08000242   0x08000242   0x00000000   Code   RO         4709    .ARM.Collect$$libinit$$0000000A  c_w.l(libinit2.o)
    0x08000242   0x08000242   0x00000000   Code   RO         4711    .ARM.Collect$$libinit$$0000000C  c_w.l(libinit2.o)
    0x08000242   0x08000242   0x00000000   Code   RO         4713    .ARM.Collect$$libinit$$0000000E  c_w.l(libinit2.o)
    0x08000242   0x08000242   0x00000000   Code   RO         4716    .ARM.Collect$$libinit$$00000011  c_w.l(libinit2.o)
    0x08000242   0x08000242   0x00000000   Code   RO         4718    .ARM.Collect$$libinit$$00000013  c_w.l(libinit2.o)
    0x08000242   0x08000242   0x00000000   Code   RO         4720    .ARM.Collect$$libinit$$00000015  c_w.l(libinit2.o)
    0x08000242   0x08000242   0x00000000   Code   RO         4722    .ARM.Collect$$libinit$$00000017  c_w.l(libinit2.o)
    0x08000242   0x08000242   0x00000000   Code   RO         4724    .ARM.Collect$$libinit$$00000019  c_w.l(libinit2.o)
    0x08000242   0x08000242   0x00000000   Code   RO         4726    .ARM.Collect$$libinit$$0000001B  c_w.l(libinit2.o)
    0x08000242   0x08000242   0x00000000   Code   RO         4728    .ARM.Collect$$libinit$$0000001D  c_w.l(libinit2.o)
    0x08000242   0x08000242   0x00000000   Code   RO         4730    .ARM.Collect$$libinit$$0000001F  c_w.l(libinit2.o)
    0x08000242   0x08000242   0x00000000   Code   RO         4732    .ARM.Collect$$libinit$$00000021  c_w.l(libinit2.o)
    0x08000242   0x08000242   0x00000000   Code   RO         4734    .ARM.Collect$$libinit$$00000023  c_w.l(libinit2.o)
    0x08000242   0x08000242   0x00000000   Code   RO         4736    .ARM.Collect$$libinit$$00000025  c_w.l(libinit2.o)
    0x08000242   0x08000242   0x00000000   Code   RO         4740    .ARM.Collect$$libinit$$0000002C  c_w.l(libinit2.o)
    0x08000242   0x08000242   0x00000000   Code   RO         4742    .ARM.Collect$$libinit$$0000002E  c_w.l(libinit2.o)
    0x08000242   0x08000242   0x00000000   Code   RO         4744    .ARM.Collect$$libinit$$00000030  c_w.l(libinit2.o)
    0x08000242   0x08000242   0x00000000   Code   RO         4746    .ARM.Collect$$libinit$$00000032  c_w.l(libinit2.o)
    0x08000242   0x08000242   0x00000002   Code   RO         4747    .ARM.Collect$$libinit$$00000033  c_w.l(libinit2.o)
    0x08000244   0x08000244   0x00000002   Code   RO         4778    .ARM.Collect$$libshutdown$$00000000  c_w.l(libshutdown.o)
    0x08000246   0x08000246   0x00000000   Code   RO         4804    .ARM.Collect$$libshutdown$$00000002  c_w.l(libshutdown2.o)
    0x08000246   0x08000246   0x00000000   Code   RO         4806    .ARM.Collect$$libshutdown$$00000004  c_w.l(libshutdown2.o)
    0x08000246   0x08000246   0x00000000   Code   RO         4808    .ARM.Collect$$libshutdown$$00000006  c_w.l(libshutdown2.o)
    0x08000246   0x08000246   0x00000000   Code   RO         4811    .ARM.Collect$$libshutdown$$00000009  c_w.l(libshutdown2.o)
    0x08000246   0x08000246   0x00000000   Code   RO         4814    .ARM.Collect$$libshutdown$$0000000C  c_w.l(libshutdown2.o)
    0x08000246   0x08000246   0x00000000   Code   RO         4816    .ARM.Collect$$libshutdown$$0000000E  c_w.l(libshutdown2.o)
    0x08000246   0x08000246   0x00000000   Code   RO         4819    .ARM.Collect$$libshutdown$$00000011  c_w.l(libshutdown2.o)
    0x08000246   0x08000246   0x00000002   Code   RO         4820    .ARM.Collect$$libshutdown$$00000012  c_w.l(libshutdown2.o)
    0x08000248   0x08000248   0x00000000   Code   RO         4564    .ARM.Collect$$rtentry$$00000000  c_w.l(__rtentry.o)
    0x08000248   0x08000248   0x00000000   Code   RO         4635    .ARM.Collect$$rtentry$$00000002  c_w.l(__rtentry2.o)
    0x08000248   0x08000248   0x00000006   Code   RO         4647    .ARM.Collect$$rtentry$$00000004  c_w.l(__rtentry4.o)
    0x0800024e   0x0800024e   0x00000000   Code   RO         4637    .ARM.Collect$$rtentry$$00000009  c_w.l(__rtentry2.o)
    0x0800024e   0x0800024e   0x00000004   Code   RO         4638    .ARM.Collect$$rtentry$$0000000A  c_w.l(__rtentry2.o)
    0x08000252   0x08000252   0x00000000   Code   RO         4640    .ARM.Collect$$rtentry$$0000000C  c_w.l(__rtentry2.o)
    0x08000252   0x08000252   0x00000008   Code   RO         4641    .ARM.Collect$$rtentry$$0000000D  c_w.l(__rtentry2.o)
    0x0800025a   0x0800025a   0x00000002   Code   RO         4695    .ARM.Collect$$rtexit$$00000000  c_w.l(rtexit.o)
    0x0800025c   0x0800025c   0x00000000   Code   RO         4751    .ARM.Collect$$rtexit$$00000002  c_w.l(rtexit2.o)
    0x0800025c   0x0800025c   0x00000004   Code   RO         4752    .ARM.Collect$$rtexit$$00000003  c_w.l(rtexit2.o)
    0x08000260   0x08000260   0x00000006   Code   RO         4753    .ARM.Collect$$rtexit$$00000004  c_w.l(rtexit2.o)
    0x08000266   0x08000266   0x00000002   PAD
    0x08000268   0x08000268   0x00000040   Code   RO            4    .text               startup_stm32f407xx.o
    0x080002a8   0x080002a8   0x000000ee   Code   RO         4474    .text               c_w.l(lludivv7m.o)
    0x08000396   0x08000396   0x0000008a   Code   RO         4476    .text               c_w.l(rt_memcpy_v6.o)
    0x08000420   0x08000420   0x0000004e   Code   RO         4478    .text               c_w.l(rt_memclr_w.o)
    0x0800046e   0x0800046e   0x00000006   Code   RO         4480    .text               c_w.l(heapauxi.o)
    0x08000474   0x08000474   0x00000016   Code   RO         4569    .text               c_w.l(_rserrno.o)
    0x0800048a   0x0800048a   0x00000064   Code   RO         4571    .text               c_w.l(rt_memcpy_w.o)
    0x080004ee   0x080004ee   0x00000002   PAD
    0x080004f0   0x080004f0   0x00000008   Code   RO         4654    .text               c_w.l(rt_errno_addr_intlibspace.o)
    0x080004f8   0x080004f8   0x00000008   Code   RO         4678    .text               c_w.l(libspace.o)
    0x08000500   0x08000500   0x0000004a   Code   RO         4681    .text               c_w.l(sys_stackheap_outer.o)
    0x0800054a   0x0800054a   0x00000012   Code   RO         4683    .text               c_w.l(exit.o)
    0x0800055c   0x0800055c   0x0000000c   Code   RO         4748    .text               c_w.l(sys_exit.o)
    0x08000568   0x08000568   0x00000002   Code   RO         4767    .text               c_w.l(use_no_semi.o)
    0x0800056a   0x0800056a   0x00000000   Code   RO         4769    .text               c_w.l(indicate_semi.o)
    0x0800056a   0x0800056a   0x00000002   Code   RO          429    i.BusFault_Handler  stm32f4xx_it.o
    0x0800056c   0x0800056c   0x00000048   Code   RO         3462    i.CAN1_CMD_1        can_receive.o
    0x080005b4   0x080005b4   0x0000002c   Code   RO         3415    i.CAN1_Filter_Init  bsp_can.o
    0x080005e0   0x080005e0   0x0000000c   Code   RO          430    i.CAN1_RX0_IRQHandler  stm32f4xx_it.o
    0x080005ec   0x080005ec   0x0000000c   Code   RO          431    i.CAN1_RX1_IRQHandler  stm32f4xx_it.o
    0x080005f8   0x080005f8   0x0000000c   Code   RO          432    i.CAN1_SCE_IRQHandler  stm32f4xx_it.o
    0x08000604   0x08000604   0x0000000c   Code   RO          433    i.CAN1_TX_IRQHandler  stm32f4xx_it.o
    0x08000610   0x08000610   0x0000003c   Code   RO         3416    i.CAN2_Filter_Init  bsp_can.o
    0x0800064c   0x0800064c   0x0000000c   Code   RO          434    i.CAN2_RX0_IRQHandler  stm32f4xx_it.o
    0x08000658   0x08000658   0x0000000c   Code   RO          435    i.CAN2_TX_IRQHandler  stm32f4xx_it.o
    0x08000664   0x08000664   0x0000001e   Code   RO         3417    i.CAN_Start         bsp_can.o
    0x08000682   0x08000682   0x00000002   PAD
    0x08000684   0x08000684   0x00000024   Code   RO         3366    i.DWT_Init          bsp_delay.o
    0x080006a8   0x080006a8   0x00000002   Code   RO          436    i.DebugMon_Handler  stm32f4xx_it.o
    0x080006aa   0x080006aa   0x00000004   Code   RO           13    i.Error_Handler     main.o
    0x080006ae   0x080006ae   0x0000004a   Code   RO         4298    i.FloatToUint       mi.o
    0x080006f8   0x080006f8   0x00000024   Code   RO          608    i.HAL_CAN_ActivateNotification  stm32f4xx_hal_can.o
    0x0800071c   0x0800071c   0x000000d0   Code   RO          609    i.HAL_CAN_AddTxMessage  stm32f4xx_hal_can.o
    0x080007ec   0x080007ec   0x0000010c   Code   RO          610    i.HAL_CAN_ConfigFilter  stm32f4xx_hal_can.o
    0x080008f8   0x080008f8   0x00000002   Code   RO          613    i.HAL_CAN_ErrorCallback  stm32f4xx_hal_can.o
    0x080008fa   0x080008fa   0x000000f4   Code   RO          616    i.HAL_CAN_GetRxMessage  stm32f4xx_hal_can.o
    0x080009ee   0x080009ee   0x0000002c   Code   RO          618    i.HAL_CAN_GetTxMailboxesFreeLevel  stm32f4xx_hal_can.o
    0x08000a1a   0x08000a1a   0x000001fc   Code   RO          620    i.HAL_CAN_IRQHandler  stm32f4xx_hal_can.o
    0x08000c16   0x08000c16   0x0000011a   Code   RO          621    i.HAL_CAN_Init      stm32f4xx_hal_can.o
    0x08000d30   0x08000d30   0x0000013c   Code   RO          267    i.HAL_CAN_MspInit   can.o
    0x08000e6c   0x08000e6c   0x00000002   Code   RO          628    i.HAL_CAN_RxFifo0FullCallback  stm32f4xx_hal_can.o
    0x08000e6e   0x08000e6e   0x00000002   PAD
    0x08000e70   0x08000e70   0x00000170   Code   RO         3466    i.HAL_CAN_RxFifo0MsgPendingCallback  can_receive.o
    0x08000fe0   0x08000fe0   0x00000002   Code   RO          630    i.HAL_CAN_RxFifo1FullCallback  stm32f4xx_hal_can.o
    0x08000fe2   0x08000fe2   0x00000002   Code   RO          631    i.HAL_CAN_RxFifo1MsgPendingCallback  stm32f4xx_hal_can.o
    0x08000fe4   0x08000fe4   0x00000002   Code   RO          632    i.HAL_CAN_SleepCallback  stm32f4xx_hal_can.o
    0x08000fe6   0x08000fe6   0x00000056   Code   RO          633    i.HAL_CAN_Start     stm32f4xx_hal_can.o
    0x0800103c   0x0800103c   0x00000002   Code   RO          635    i.HAL_CAN_TxMailbox0AbortCallback  stm32f4xx_hal_can.o
    0x0800103e   0x0800103e   0x00000002   Code   RO          636    i.HAL_CAN_TxMailbox0CompleteCallback  stm32f4xx_hal_can.o
    0x08001040   0x08001040   0x00000002   Code   RO          637    i.HAL_CAN_TxMailbox1AbortCallback  stm32f4xx_hal_can.o
    0x08001042   0x08001042   0x00000002   Code   RO          638    i.HAL_CAN_TxMailbox1CompleteCallback  stm32f4xx_hal_can.o
    0x08001044   0x08001044   0x00000002   Code   RO          639    i.HAL_CAN_TxMailbox2AbortCallback  stm32f4xx_hal_can.o
    0x08001046   0x08001046   0x00000002   Code   RO          640    i.HAL_CAN_TxMailbox2CompleteCallback  stm32f4xx_hal_can.o
    0x08001048   0x08001048   0x00000002   Code   RO          642    i.HAL_CAN_WakeUpFromRxMsgCallback  stm32f4xx_hal_can.o
    0x0800104a   0x0800104a   0x00000092   Code   RO         1303    i.HAL_DMA_Abort     stm32f4xx_hal_dma.o
    0x080010dc   0x080010dc   0x00000024   Code   RO         1304    i.HAL_DMA_Abort_IT  stm32f4xx_hal_dma.o
    0x08001100   0x08001100   0x00000024   Code   RO         1740    i.HAL_Delay         stm32f4xx_hal.o
    0x08001124   0x08001124   0x000001d0   Code   RO         1196    i.HAL_GPIO_Init     stm32f4xx_hal_gpio.o
    0x080012f4   0x080012f4   0x0000000a   Code   RO         1200    i.HAL_GPIO_WritePin  stm32f4xx_hal_gpio.o
    0x080012fe   0x080012fe   0x00000002   PAD
    0x08001300   0x08001300   0x0000000c   Code   RO         1746    i.HAL_GetTick       stm32f4xx_hal.o
    0x0800130c   0x0800130c   0x00000010   Code   RO         1752    i.HAL_IncTick       stm32f4xx_hal.o
    0x0800131c   0x0800131c   0x00000034   Code   RO         1753    i.HAL_Init          stm32f4xx_hal.o
    0x08001350   0x08001350   0x00000040   Code   RO         1754    i.HAL_InitTick      stm32f4xx_hal.o
    0x08001390   0x08001390   0x00000030   Code   RO          583    i.HAL_MspInit       stm32f4xx_hal_msp.o
    0x080013c0   0x080013c0   0x0000001a   Code   RO         1588    i.HAL_NVIC_EnableIRQ  stm32f4xx_hal_cortex.o
    0x080013da   0x080013da   0x00000002   PAD
    0x080013dc   0x080013dc   0x00000040   Code   RO         1594    i.HAL_NVIC_SetPriority  stm32f4xx_hal_cortex.o
    0x0800141c   0x0800141c   0x00000024   Code   RO         1595    i.HAL_NVIC_SetPriorityGrouping  stm32f4xx_hal_cortex.o
    0x08001440   0x08001440   0x00000134   Code   RO          842    i.HAL_RCC_ClockConfig  stm32f4xx_hal_rcc.o
    0x08001574   0x08001574   0x00000020   Code   RO          849    i.HAL_RCC_GetPCLK1Freq  stm32f4xx_hal_rcc.o
    0x08001594   0x08001594   0x00000020   Code   RO          850    i.HAL_RCC_GetPCLK2Freq  stm32f4xx_hal_rcc.o
    0x080015b4   0x080015b4   0x00000060   Code   RO          851    i.HAL_RCC_GetSysClockFreq  stm32f4xx_hal_rcc.o
    0x08001614   0x08001614   0x00000358   Code   RO          854    i.HAL_RCC_OscConfig  stm32f4xx_hal_rcc.o
    0x0800196c   0x0800196c   0x00000028   Code   RO         1599    i.HAL_SYSTICK_Config  stm32f4xx_hal_cortex.o
    0x08001994   0x08001994   0x00000002   Code   RO         2697    i.HAL_TIMEx_BreakCallback  stm32f4xx_hal_tim_ex.o
    0x08001996   0x08001996   0x00000002   Code   RO         2698    i.HAL_TIMEx_CommutCallback  stm32f4xx_hal_tim_ex.o
    0x08001998   0x08001998   0x00000090   Code   RO         2716    i.HAL_TIMEx_MasterConfigSynchronization  stm32f4xx_hal_tim_ex.o
    0x08001a28   0x08001a28   0x0000005a   Code   RO         1993    i.HAL_TIM_Base_Init  stm32f4xx_hal_tim.o
    0x08001a82   0x08001a82   0x00000002   PAD
    0x08001a84   0x08001a84   0x000000b0   Code   RO          316    i.HAL_TIM_Base_MspInit  tim.o
    0x08001b34   0x08001b34   0x00000080   Code   RO         1998    i.HAL_TIM_Base_Start_IT  stm32f4xx_hal_tim.o
    0x08001bb4   0x08001bb4   0x000000dc   Code   RO         2002    i.HAL_TIM_ConfigClockSource  stm32f4xx_hal_tim.o
    0x08001c90   0x08001c90   0x00000002   Code   RO         2027    i.HAL_TIM_IC_CaptureCallback  stm32f4xx_hal_tim.o
    0x08001c92   0x08001c92   0x00000130   Code   RO         2041    i.HAL_TIM_IRQHandler  stm32f4xx_hal_tim.o
    0x08001dc2   0x08001dc2   0x00000002   Code   RO         2044    i.HAL_TIM_OC_DelayElapsedCallback  stm32f4xx_hal_tim.o
    0x08001dc4   0x08001dc4   0x00000002   Code   RO         2071    i.HAL_TIM_PWM_PulseFinishedCallback  stm32f4xx_hal_tim.o
    0x08001dc6   0x08001dc6   0x00000002   PAD
    0x08001dc8   0x08001dc8   0x00000014   Code   RO         4067    i.HAL_TIM_PeriodElapsedCallback  timer_app.o
    0x08001ddc   0x08001ddc   0x00000002   Code   RO         2084    i.HAL_TIM_TriggerCallback  stm32f4xx_hal_tim.o
    0x08001dde   0x08001dde   0x00000002   Code   RO         2976    i.HAL_UARTEx_RxEventCallback  stm32f4xx_hal_uart.o
    0x08001de0   0x08001de0   0x00000002   Code   RO         2990    i.HAL_UART_ErrorCallback  stm32f4xx_hal_uart.o
    0x08001de2   0x08001de2   0x00000002   PAD
    0x08001de4   0x08001de4   0x00000270   Code   RO         2993    i.HAL_UART_IRQHandler  stm32f4xx_hal_uart.o
    0x08002054   0x08002054   0x00000064   Code   RO         2994    i.HAL_UART_Init     stm32f4xx_hal_uart.o
    0x080020b8   0x080020b8   0x00000118   Code   RO          376    i.HAL_UART_MspInit  usart.o
    0x080021d0   0x080021d0   0x0000001c   Code   RO         2999    i.HAL_UART_Receive_IT  stm32f4xx_hal_uart.o
    0x080021ec   0x080021ec   0x00000184   Code   RO         3924    i.HAL_UART_RxCpltCallback  uart_app.o
    0x08002370   0x08002370   0x000000a0   Code   RO         3002    i.HAL_UART_Transmit  stm32f4xx_hal_uart.o
    0x08002410   0x08002410   0x00000032   Code   RO         3004    i.HAL_UART_Transmit_IT  stm32f4xx_hal_uart.o
    0x08002442   0x08002442   0x00000002   Code   RO         3005    i.HAL_UART_TxCpltCallback  stm32f4xx_hal_uart.o
    0x08002444   0x08002444   0x00000002   Code   RO          437    i.HardFault_Handler  stm32f4xx_it.o
    0x08002446   0x08002446   0x00000002   PAD
    0x08002448   0x08002448   0x00000038   Code   RO         4300    i.MI_motor_CanTx    mi.o
    0x08002480   0x08002480   0x000000fc   Code   RO         4302    i.MI_motor_Control  mi.o
    0x0800257c   0x0800257c   0x00000034   Code   RO         4303    i.MI_motor_Enable   mi.o
    0x080025b0   0x080025b0   0x00000006   Code   RO         4305    i.MI_motor_Init     mi.o
    0x080025b6   0x080025b6   0x00000002   PAD
    0x080025b8   0x080025b8   0x000000a0   Code   RO         4309    i.MI_motor_RxDecode  mi.o
    0x08002658   0x08002658   0x00000034   Code   RO         4310    i.MI_motor_SetMechPositionToZero  mi.o
    0x0800268c   0x0800268c   0x00000040   Code   RO          268    i.MX_CAN1_Init      can.o
    0x080026cc   0x080026cc   0x00000040   Code   RO          269    i.MX_CAN2_Init      can.o
    0x0800270c   0x0800270c   0x000000b8   Code   RO          242    i.MX_GPIO_Init      gpio.o
    0x080027c4   0x080027c4   0x00000064   Code   RO          317    i.MX_TIM2_Init      tim.o
    0x08002828   0x08002828   0x00000068   Code   RO          318    i.MX_TIM3_Init      tim.o
    0x08002890   0x08002890   0x00000068   Code   RO          319    i.MX_TIM4_Init      tim.o
    0x080028f8   0x080028f8   0x00000068   Code   RO          320    i.MX_TIM5_Init      tim.o
    0x08002960   0x08002960   0x00000038   Code   RO          377    i.MX_UART4_Init     usart.o
    0x08002998   0x08002998   0x00000038   Code   RO          378    i.MX_USART1_UART_Init  usart.o
    0x080029d0   0x080029d0   0x00000038   Code   RO          379    i.MX_USART2_UART_Init  usart.o
    0x08002a08   0x08002a08   0x00000002   Code   RO          438    i.MemManage_Handler  stm32f4xx_it.o
    0x08002a0a   0x08002a0a   0x00000002   Code   RO          439    i.NMI_Handler       stm32f4xx_it.o
    0x08002a0c   0x08002a0c   0x0000013c   Code   RO         3584    i.PID_devices_Init  pid_user.o
    0x08002b48   0x08002b48   0x00000064   Code   RO         3544    i.PID_init          pid.o
    0x08002bac   0x08002bac   0x00000050   Code   RO         3587    i.PID_velocity_realize_1  pid_user.o
    0x08002bfc   0x08002bfc   0x00000002   Code   RO          440    i.PendSV_Handler    stm32f4xx_it.o
    0x08002bfe   0x08002bfe   0x00000002   Code   RO          441    i.SVC_Handler       stm32f4xx_it.o
    0x08002c00   0x08002c00   0x00000004   Code   RO          442    i.SysTick_Handler   stm32f4xx_it.o
    0x08002c04   0x08002c04   0x00000094   Code   RO           14    i.SystemClock_Config  main.o
    0x08002c98   0x08002c98   0x00000010   Code   RO         3328    i.SystemInit        system_stm32f4xx.o
    0x08002ca8   0x08002ca8   0x0000000c   Code   RO          443    i.TIM2_IRQHandler   stm32f4xx_it.o
    0x08002cb4   0x08002cb4   0x0000000c   Code   RO          444    i.TIM3_IRQHandler   stm32f4xx_it.o
    0x08002cc0   0x08002cc0   0x0000000c   Code   RO          445    i.TIM4_IRQHandler   stm32f4xx_it.o
    0x08002ccc   0x08002ccc   0x0000000c   Code   RO          446    i.TIM5_IRQHandler   stm32f4xx_it.o
    0x08002cd8   0x08002cd8   0x000000d8   Code   RO         2086    i.TIM_Base_SetConfig  stm32f4xx_hal_tim.o
    0x08002db0   0x08002db0   0x00000014   Code   RO         2097    i.TIM_ETR_SetConfig  stm32f4xx_hal_tim.o
    0x08002dc4   0x08002dc4   0x00000010   Code   RO         2098    i.TIM_ITRx_SetConfig  stm32f4xx_hal_tim.o
    0x08002dd4   0x08002dd4   0x00000022   Code   RO         2104    i.TIM_TI1_ConfigInputStage  stm32f4xx_hal_tim.o
    0x08002df6   0x08002df6   0x00000024   Code   RO         2106    i.TIM_TI2_ConfigInputStage  stm32f4xx_hal_tim.o
    0x08002e1a   0x08002e1a   0x00000002   PAD
    0x08002e1c   0x08002e1c   0x0000000c   Code   RO          447    i.UART4_IRQHandler  stm32f4xx_it.o
    0x08002e28   0x08002e28   0x00000010   Code   RO         3007    i.UART_DMAAbortOnError  stm32f4xx_hal_uart.o
    0x08002e38   0x08002e38   0x0000004e   Code   RO         3017    i.UART_EndRxTransfer  stm32f4xx_hal_uart.o
    0x08002e86   0x08002e86   0x000000c2   Code   RO         3019    i.UART_Receive_IT   stm32f4xx_hal_uart.o
    0x08002f48   0x08002f48   0x0000010c   Code   RO         3020    i.UART_SetConfig    stm32f4xx_hal_uart.o
    0x08003054   0x08003054   0x00000036   Code   RO         3022    i.UART_Start_Receive_IT  stm32f4xx_hal_uart.o
    0x0800308a   0x0800308a   0x00000070   Code   RO         3023    i.UART_WaitOnFlagUntilTimeout  stm32f4xx_hal_uart.o
    0x080030fa   0x080030fa   0x00000002   PAD
    0x080030fc   0x080030fc   0x0000000c   Code   RO          448    i.USART1_IRQHandler  stm32f4xx_it.o
    0x08003108   0x08003108   0x0000000c   Code   RO          449    i.USART2_IRQHandler  stm32f4xx_it.o
    0x08003114   0x08003114   0x00000002   Code   RO          450    i.UsageFault_Handler  stm32f4xx_it.o
    0x08003116   0x08003116   0x00000030   Code   RO         4674    i.__ARM_fpclassify  m_wm.l(fpclassify.o)
    0x08003146   0x08003146   0x00000026   Code   RO         4607    i.__ARM_fpclassifyf  m_wm.l(fpclassifyf.o)
    0x0800316c   0x0800316c   0x00000020   Code   RO         1601    i.__NVIC_SetPriority  stm32f4xx_hal_cortex.o
    0x0800318c   0x0800318c   0x00000004   PAD
    0x08003190   0x08003190   0x000000c8   Code   RO         4502    i.__hardfp_cos      m_wm.l(cos.o)
    0x08003258   0x08003258   0x000000b0   Code   RO         4514    i.__hardfp_fmodf    m_wm.l(fmodf.o)
    0x08003308   0x08003308   0x00000664   Code   RO         4526    i.__hardfp_powf     m_wm.l(powf.o)
    0x0800396c   0x0800396c   0x00000004   PAD
    0x08003970   0x08003970   0x000000c8   Code   RO         4540    i.__hardfp_sin      m_wm.l(sin.o)
    0x08003a38   0x08003a38   0x0000007a   Code   RO         4552    i.__hardfp_sqrt     m_wm.l(sqrt.o)
    0x08003ab2   0x08003ab2   0x00000006   PAD
    0x08003ab8   0x08003ab8   0x00000438   Code   RO         4623    i.__ieee754_rem_pio2  m_wm.l(rred.o)
    0x08003ef0   0x08003ef0   0x00000170   Code   RO         4590    i.__kernel_cos      m_wm.l(cos_i.o)
    0x08004060   0x08004060   0x000000f8   Code   RO         4676    i.__kernel_poly     m_wm.l(poly.o)
    0x08004158   0x08004158   0x00000130   Code   RO         4628    i.__kernel_sin      m_wm.l(sin_i.o)
    0x08004288   0x08004288   0x00000014   Code   RO         4594    i.__mathlib_dbl_infnan  m_wm.l(dunder.o)
    0x0800429c   0x0800429c   0x00000004   PAD
    0x080042a0   0x080042a0   0x00000020   Code   RO         4596    i.__mathlib_dbl_invalid  m_wm.l(dunder.o)
    0x080042c0   0x080042c0   0x00000020   Code   RO         4599    i.__mathlib_dbl_underflow  m_wm.l(dunder.o)
    0x080042e0   0x080042e0   0x00000014   Code   RO         4609    i.__mathlib_flt_divzero  m_wm.l(funder.o)
    0x080042f4   0x080042f4   0x00000006   Code   RO         4611    i.__mathlib_flt_infnan2  m_wm.l(funder.o)
    0x080042fa   0x080042fa   0x00000002   PAD
    0x080042fc   0x080042fc   0x00000010   Code   RO         4612    i.__mathlib_flt_invalid  m_wm.l(funder.o)
    0x0800430c   0x0800430c   0x00000010   Code   RO         4613    i.__mathlib_flt_overflow  m_wm.l(funder.o)
    0x0800431c   0x0800431c   0x00000010   Code   RO         4615    i.__mathlib_flt_underflow  m_wm.l(funder.o)
    0x0800432c   0x0800432c   0x00000040   Code   RO         3852    i.angle_error       displacement_pid.o
    0x0800436c   0x0800436c   0x000000b4   Code   RO         3796    i.angular_displacement_PID  hwt605.o
    0x08004420   0x08004420   0x000000c0   Code   RO         4097    i.commander_package_analysis  function_for_uart.o
    0x080044e0   0x080044e0   0x000000a4   Code   RO         4098    i.crc               function_for_uart.o
    0x08004584   0x08004584   0x00000054   Code   RO         4099    i.crc8_inspecting   function_for_uart.o
    0x080045d8   0x080045d8   0x000002b8   Code   RO         3993    i.cybergear_control  main_app.o
    0x08004890   0x08004890   0x00000028   Code   RO         3367    i.delay_init        bsp_delay.o
    0x080048b8   0x080048b8   0x00000034   Code   RO         3368    i.delay_ms          bsp_delay.o
    0x080048ec   0x080048ec   0x00000088   Code   RO         4204    i.designer_update   automatic_control_promote.o
    0x08004974   0x08004974   0x00000018   Code   RO         4670    i.fabs              m_wm.l(fabs.o)
    0x0800498c   0x0800498c   0x00000050   Code   RO         4205    i.feedforword_control  automatic_control_promote.o
    0x080049dc   0x080049dc   0x00000036   Code   RO         3661    i.ftabs_maxfff      velocity_calc.o
    0x08004a12   0x08004a12   0x00000002   PAD
    0x08004a14   0x08004a14   0x00000024   Code   RO         4100    i.get_float_num     function_for_uart.o
    0x08004a38   0x08004a38   0x00000042   Code   RO         3467    i.get_motor_measure  can_receive.o
    0x08004a7a   0x08004a7a   0x0000000a   Code   RO         3468    i.get_motor_offset  can_receive.o
    0x08004a84   0x08004a84   0x000000d0   Code   RO         3853    i.get_rnd_count_and_diaplacement  displacement_pid.o
    0x08004b54   0x08004b54   0x00000018   Code   RO         3925    i.got_it_the_point_already  uart_app.o
    0x08004b6c   0x08004b6c   0x0000003c   Code   RO         3798    i.hwt605_request_omega  hwt605.o
    0x08004ba8   0x08004ba8   0x0000003c   Code   RO         3799    i.hwt605_request_yaw  hwt605.o
    0x08004be4   0x08004be4   0x00000040   Code   RO         4104    i.input_map         function_for_uart.o
    0x08004c24   0x08004c24   0x00000074   Code   RO         3663    i.inverse_solution_matrix_init  velocity_calc.o
    0x08004c98   0x08004c98   0x0000003c   Code   RO         4105    i.judgement_of_declearation  function_for_uart.o
    0x08004cd4   0x08004cd4   0x000000a0   Code   RO         3994    i.local_velocity_mode_run_with_angle_displacement  main_app.o
    0x08004d74   0x08004d74   0x00000012   Code   RO         4206    i.low_pass_filter   automatic_control_promote.o
    0x08004d86   0x08004d86   0x00000002   PAD
    0x08004d88   0x08004d88   0x000000fc   Code   RO           15    i.main              main.o
    0x08004e84   0x08004e84   0x00000052   Code   RO         3664    i.matrix_multiply   velocity_calc.o
    0x08004ed6   0x08004ed6   0x00000002   PAD
    0x08004ed8   0x08004ed8   0x00000030   Code   RO         3995    i.msg_control       main_app.o
    0x08004f08   0x08004f08   0x00000018   Code   RO         3926    i.not_got_it_the_point_yet  uart_app.o
    0x08004f20   0x08004f20   0x0000000c   Code   RO         3996    i.pure_local_velocity_mode_run  main_app.o
    0x08004f2c   0x08004f2c   0x00000094   Code   RO         4106    i.receiving_datas   function_for_uart.o
    0x08004fc0   0x08004fc0   0x0000001c   Code   RO         3470    i.reset_motor_position  can_receive.o
    0x08004fdc   0x08004fdc   0x0000001c   Code   RO         3854    i.rnd_count_and_diaplacement_reset  displacement_pid.o
    0x08004ff8   0x08004ff8   0x00000088   Code   RO         3665    i.rotate_matrix_calc  velocity_calc.o
    0x08005080   0x08005080   0x00000080   Code   RO         3666    i.solution_matrix_init  velocity_calc.o
    0x08005100   0x08005100   0x00000020   Code   RO         4207    i.spatium_designer_init  automatic_control_promote.o
    0x08005120   0x08005120   0x000000b4   Code   RO         4208    i.spatium_designer_set_target  automatic_control_promote.o
    0x080051d4   0x080051d4   0x00000210   Code   RO         4209    i.spatium_designer_update  automatic_control_promote.o
    0x080053e4   0x080053e4   0x00000088   Code   RO         3855    i.theta_displacement_control  displacement_pid.o
    0x0800546c   0x0800546c   0x000001ac   Code   RO         4107    i.toresult          function_for_uart.o
    0x08005618   0x08005618   0x00000130   Code   RO         3997    i.user_init         main_app.o
    0x08005748   0x08005748   0x00000158   Code   RO         3545    i.vel_PID_calc      pid.o
    0x080058a0   0x080058a0   0x000000b4   Code   RO         3667    i.vel_control       velocity_calc.o
    0x08005954   0x08005954   0x00000014   Code   RO         4210    i.vel_designer_init  automatic_control_promote.o
    0x08005968   0x08005968   0x0000004c   Code   RO         4108    i.waiting_for_pack_head  function_for_uart.o
    0x080059b4   0x080059b4   0x00000024   Code   RO         4109    i.waiting_for_package_tail  function_for_uart.o
    0x080059d8   0x080059d8   0x000001c0   Code   RO         3998    i.world_displacement_mode_run  main_app.o
    0x08005b98   0x08005b98   0x000000a0   Code   RO         3999    i.world_velocity_mode_run  main_app.o
    0x08005c38   0x08005c38   0x000000a4   Code   RO         3856    i.x_displacement_control  displacement_pid.o
    0x08005cdc   0x08005cdc   0x00000018   Code   RO         3857    i.xy_displacement_pid_config  displacement_pid.o
    0x08005cf4   0x08005cf4   0x00000028   Code   RO         4211    i.xy_spatium_designer_init  automatic_control_promote.o
    0x08005d1c   0x08005d1c   0x000000a4   Code   RO         3858    i.y_displacement_control  displacement_pid.o
    0x08005dc0   0x08005dc0   0x00000018   Code   RO         3859    i.z_displacement_pid_config  displacement_pid.o
    0x08005dd8   0x08005dd8   0x00000018   Code   RO         4484    x$fpl$basic         fz_wm.l(basic.o)
    0x08005df0   0x08005df0   0x00000062   Code   RO         4486    x$fpl$d2f           fz_wm.l(d2f.o)
    0x08005e52   0x08005e52   0x00000002   PAD
    0x08005e54   0x08005e54   0x00000150   Code   RO         4488    x$fpl$dadd          fz_wm.l(daddsub_clz.o)
    0x08005fa4   0x08005fa4   0x000002b0   Code   RO         4495    x$fpl$ddiv          fz_wm.l(ddiv.o)
    0x08006254   0x08006254   0x0000005e   Code   RO         4658    x$fpl$dfix          fz_wm.l(dfix.o)
    0x080062b2   0x080062b2   0x0000002e   Code   RO         4663    x$fpl$dflt          fz_wm.l(dflt_clz.o)
    0x080062e0   0x080062e0   0x00000026   Code   RO         4662    x$fpl$dfltu         fz_wm.l(dflt_clz.o)
    0x08006306   0x08006306   0x00000002   PAD
    0x08006308   0x08006308   0x00000154   Code   RO         4498    x$fpl$dmul          fz_wm.l(dmul.o)
    0x0800645c   0x0800645c   0x0000009c   Code   RO         4575    x$fpl$dnaninf       fz_wm.l(dnaninf.o)
    0x080064f8   0x080064f8   0x0000000c   Code   RO         4577    x$fpl$dretinf       fz_wm.l(dretinf.o)
    0x08006504   0x08006504   0x00000016   Code   RO         4489    x$fpl$drsb          fz_wm.l(daddsub_clz.o)
    0x0800651a   0x0800651a   0x00000002   PAD
    0x0800651c   0x0800651c   0x00000198   Code   RO         4579    x$fpl$dsqrt         fz_wm.l(dsqrt_umaal.o)
    0x080066b4   0x080066b4   0x000001d4   Code   RO         4490    x$fpl$dsub          fz_wm.l(daddsub_clz.o)
    0x08006888   0x08006888   0x00000056   Code   RO         4500    x$fpl$f2d           fz_wm.l(f2d.o)
    0x080068de   0x080068de   0x0000008c   Code   RO         4581    x$fpl$fnaninf       fz_wm.l(fnaninf.o)
    0x0800696a   0x0800696a   0x0000000a   Code   RO         4763    x$fpl$fpinit        fz_wm.l(fpinit.o)
    0x08006974   0x08006974   0x000000f4   Code   RO         4583    x$fpl$frem          fz_wm.l(frem_clz.o)
    0x08006a68   0x08006a68   0x0000000a   Code   RO         4585    x$fpl$fretinf       fz_wm.l(fretinf.o)
    0x08006a72   0x08006a72   0x00000000   Code   RO         4589    x$fpl$usenofp       fz_wm.l(usenofp.o)
    0x08006a72   0x08006a72   0x00000010   Data   RO         3329    .constdata          system_stm32f4xx.o
    0x08006a82   0x08006a82   0x00000008   Data   RO         3330    .constdata          system_stm32f4xx.o
    0x08006a8a   0x08006a8a   0x00000002   PAD
    0x08006a8c   0x08006a8c   0x00000140   Data   RO         4529    .constdata          m_wm.l(powf.o)
    0x08006bcc   0x08006bcc   0x00000004   PAD
    0x08006bd0   0x08006bd0   0x00000030   Data   RO         4591    .constdata          m_wm.l(cos_i.o)
    0x08006c00   0x08006c00   0x000000c8   Data   RO         4625    .constdata          m_wm.l(rred.o)
    0x08006cc8   0x08006cc8   0x00000028   Data   RO         4629    .constdata          m_wm.l(sin_i.o)
    0x08006cf0   0x08006cf0   0x00000020   Data   RO         4821    Region$$Table       anon$$obj.o


    Execution Region RW_IRAM1 (Exec base: 0x20000000, Load base: 0x08006d10, Size: 0x00001b30, Max: 0x0001c000, ABSOLUTE, COMPRESSED[0x0000005c])

    Exec Addr    Load Addr    Size         Type   Attr      Idx    E Section Name        Object

    0x20000000   COMPRESSED   0x00000001   Data   RW           16    .data               main.o
    0x20000001   COMPRESSED   0x00000003   PAD
    0x20000004   COMPRESSED   0x00000004   Data   RW          271    .data               can.o
    0x20000008   COMPRESSED   0x0000000c   Data   RW         1760    .data               stm32f4xx_hal.o
    0x20000014   COMPRESSED   0x00000004   Data   RW         3331    .data               system_stm32f4xx.o
    0x20000018   COMPRESSED   0x00000008   Data   RW         3370    .data               bsp_delay.o
    0x20000020   COMPRESSED   0x0000000a   Data   RW         3472    .data               can_receive.o
    0x2000002a   COMPRESSED   0x00000002   PAD
    0x2000002c   COMPRESSED   0x00000040   Data   RW         3595    .data               pid_user.o
    0x2000006c   COMPRESSED   0x00000070   Data   RW         3671    .data               velocity_calc.o
    0x200000dc   COMPRESSED   0x00000034   Data   RW         3802    .data               hwt605.o
    0x20000110   COMPRESSED   0x00000016   Data   RW         3931    .data               uart_app.o
    0x20000126   COMPRESSED   0x00000001   Data   RW         3932    .data               uart_app.o
    0x20000127   COMPRESSED   0x00000001   Data   RW         3933    .data               uart_app.o
    0x20000128   COMPRESSED   0x00000001   Data   RW         3934    .data               uart_app.o
    0x20000129   COMPRESSED   0x00000001   Data   RW         3935    .data               uart_app.o
    0x2000012a   COMPRESSED   0x00000001   Data   RW         3936    .data               uart_app.o
    0x2000012b   COMPRESSED   0x00000001   Data   RW         3937    .data               uart_app.o
    0x2000012c   COMPRESSED   0x00000001   Data   RW         3938    .data               uart_app.o
    0x2000012d   COMPRESSED   0x00000001   Data   RW         3939    .data               uart_app.o
    0x2000012e   COMPRESSED   0x00000001   Data   RW         3940    .data               uart_app.o
    0x2000012f   COMPRESSED   0x00000001   PAD
    0x20000130   COMPRESSED   0x00000004   Data   RW         3941    .data               uart_app.o
    0x20000134   COMPRESSED   0x00000004   Data   RW         3942    .data               uart_app.o
    0x20000138   COMPRESSED   0x00000001   Data   RW         3943    .data               uart_app.o
    0x20000139   COMPRESSED   0x00000003   Data   RW         4008    .data               main_app.o
    0x2000013c   COMPRESSED   0x00000001   Data   RW         4068    .data               timer_app.o
    0x2000013d   COMPRESSED   0x00000003   Data   RW         4111    .data               function_for_uart.o
    0x20000140   COMPRESSED   0x00000001   Data   RW         4112    .data               function_for_uart.o
    0x20000141   COMPRESSED   0x00000001   Data   RW         4321    .data               mi.o
    0x20000142   COMPRESSED   0x00000002   PAD
    0x20000144        -       0x00000050   Zero   RW          270    .bss                can.o
    0x20000194        -       0x00000120   Zero   RW          321    .bss                tim.o
    0x200002b4        -       0x000000d8   Zero   RW          380    .bss                usart.o
    0x2000038c        -       0x000001d8   Zero   RW         3471    .bss                can_receive.o
    0x20000564        -       0x00000a80   Zero   RW         3593    .bss                pid_user.o
    0x20000fe4        -       0x0000000c   Zero   RW         3668    .bss                velocity_calc.o
    0x20000ff0        -       0x0000000c   Zero   RW         3669    .bss                velocity_calc.o
    0x20000ffc        -       0x0000000c   Zero   RW         3670    .bss                velocity_calc.o
    0x20001008        -       0x00000040   Zero   RW         3801    .bss                hwt605.o
    0x20001048        -       0x00000094   Zero   RW         3860    .bss                displacement_pid.o
    0x200010dc        -       0x00000018   Zero   RW         3929    .bss                uart_app.o
    0x200010f4        -       0x00000054   Zero   RW         3930    .bss                uart_app.o
    0x20001148        -       0x0000000c   Zero   RW         4000    .bss                main_app.o
    0x20001154        -       0x00000058   Zero   RW         4110    .bss                function_for_uart.o
    0x200011ac        -       0x00000030   Zero   RW         4212    .bss                automatic_control_promote.o
    0x200011dc        -       0x00000018   Zero   RW         4213    .bss                automatic_control_promote.o
    0x200011f4        -       0x000000c0   Zero   RW         4214    .bss                automatic_control_promote.o
    0x200012b4        -       0x00000168   Zero   RW         4318    .bss                mi.o
    0x2000141c        -       0x00000018   Zero   RW         4319    .bss                mi.o
    0x20001434        -       0x0000009b   Zero   RW         4320    .bss                mi.o
    0x200014cf   COMPRESSED   0x00000001   PAD
    0x200014d0        -       0x00000060   Zero   RW         4679    .bss                c_w.l(libspace.o)
    0x20001530        -       0x00000200   Zero   RW            2    HEAP                startup_stm32f407xx.o
    0x20001730        -       0x00000400   Zero   RW            1    STACK               startup_stm32f407xx.o


    Execution Region RW_IRAM2 (Exec base: 0x2001c000, Load base: 0x08006d6c, Size: 0x00000000, Max: 0x00004000, ABSOLUTE)

    **** No section assigned to this execution region ****


==============================================================================

Image component sizes


      Code (inc. data)   RO Data    RW Data    ZI Data      Debug   Object Name

      1034         48          0          0        264       7849   automatic_control_promote.o
       134         10          0          0          0       4133   bsp_can.o
       128         28          0          8          0       1795   bsp_delay.o
       444         40          0          4         80       2494   can.o
       544         46          0         10        472       5674   can_receive.o
       812         72          0          0        148       6599   displacement_pid.o
      1288        268          0          4         88       9247   function_for_uart.o
       184         14          0          0          0       1003   gpio.o
       300         28          0         52         64       3146   hwt605.o
       404         26          0          1          0     707314   main.o
      1828        298          0          3         12       5599   main_app.o
       652         40          0          1        539       8474   mi.o
       444         10          0          0          0       2010   pid.o
       396         68          0         64       2688       2530   pid_user.o
        64         26        392          0       1536        840   startup_stm32f407xx.o
       180         28          0         12          0       9377   stm32f4xx_hal.o
      1700          6          0          0          0      15285   stm32f4xx_hal_can.o
       198         14          0          0          0      33795   stm32f4xx_hal_cortex.o
       182          0          0          0          0       2087   stm32f4xx_hal_dma.o
       474         46          0          0          0       2280   stm32f4xx_hal_gpio.o
        48          6          0          0          0        850   stm32f4xx_hal_msp.o
      1324         72          0          0          0       5356   stm32f4xx_hal_rcc.o
      1072         74          0          0          0      10477   stm32f4xx_hal_tim.o
       148         28          0          0          0       2553   stm32f4xx_hal_tim_ex.o
      1690         16          0          0          0      12239   stm32f4xx_hal_uart.o
       176         78          0          0          0      10147   stm32f4xx_it.o
        16          4         24          4          0       1115   system_stm32f4xx.o
       588         46          0          0        288       3829   tim.o
        20          4          0          1          0       1058   timer_app.o
       436         74          0         40        108       4875   uart_app.o
       448         44          0          0        216       3114   usart.o
       696         86          0        112         36       5149   velocity_calc.o

    ----------------------------------------------------------------------
     18084       1648        450        324       6540     892293   Object Totals
         0          0         32          0          0          0   (incl. Generated)
        32          0          2          8          1          0   (incl. Padding)

    ----------------------------------------------------------------------

      Code (inc. data)   RO Data    RW Data    ZI Data      Debug   Library Member Name

        90          0          0          0          0          0   __dczerorl2.o
         8          0          0          0          0         68   __main.o
         0          0          0          0          0          0   __rtentry.o
        12          0          0          0          0          0   __rtentry2.o
         6          0          0          0          0          0   __rtentry4.o
        52          8          0          0          0          0   __scatter.o
        28          0          0          0          0          0   __scatter_zi.o
        22          0          0          0          0        100   _rserrno.o
        18          0          0          0          0         80   exit.o
         6          0          0          0          0        152   heapauxi.o
         0          0          0          0          0          0   indicate_semi.o
         2          0          0          0          0          0   libinit.o
         6          0          0          0          0          0   libinit2.o
         2          0          0          0          0          0   libshutdown.o
         2          0          0          0          0          0   libshutdown2.o
         8          4          0          0         96         68   libspace.o
       238          0          0          0          0        100   lludivv7m.o
         8          4          0          0          0         68   rt_errno_addr_intlibspace.o
        78          0          0          0          0         80   rt_memclr_w.o
       138          0          0          0          0         68   rt_memcpy_v6.o
       100          0          0          0          0         80   rt_memcpy_w.o
         2          0          0          0          0          0   rtexit.o
        10          0          0          0          0          0   rtexit2.o
        12          4          0          0          0         68   sys_exit.o
        74          0          0          0          0         80   sys_stackheap_outer.o
         2          0          0          0          0         68   use_no_semi.o
        24          0          0          0          0        164   basic.o
        98          4          0          0          0        140   d2f.o
       826         16          0          0          0        492   daddsub_clz.o
       688        140          0          0          0        256   ddiv.o
        94          4          0          0          0        140   dfix.o
        84          0          0          0          0        232   dflt_clz.o
       340         12          0          0          0        152   dmul.o
       156          4          0          0          0        140   dnaninf.o
        12          0          0          0          0        116   dretinf.o
       408         56          0          0          0        168   dsqrt_umaal.o
        86          4          0          0          0        132   f2d.o
       140          4          0          0          0        132   fnaninf.o
        10          0          0          0          0        116   fpinit.o
       244          8          0          0          0        132   frem_clz.o
        10          0          0          0          0        116   fretinf.o
         0          0          0          0          0          0   usenofp.o
       200         20          0          0          0        164   cos.o
       368         46         48          0          0        200   cos_i.o
        84         16          0          0          0        372   dunder.o
        24          0          0          0          0        124   fabs.o
       176          0          0          0          0        168   fmodf.o
        48          0          0          0          0        124   fpclassify.o
        38          0          0          0          0        116   fpclassifyf.o
        74         24          0          0          0        580   funder.o
       248          0          0          0          0        152   poly.o
      1636        110        320          0          0        372   powf.o
      1080        142        200          0          0        188   rred.o
       200         20          0          0          0        164   sin.o
       304         24         40          0          0        208   sin_i.o
       122          0          0          0          0        148   sqrt.o

    ----------------------------------------------------------------------
      8774        678        612          0         96       6788   Library Totals
        28          4          4          0          0          0   (incl. Padding)

    ----------------------------------------------------------------------

      Code (inc. data)   RO Data    RW Data    ZI Data      Debug   Library Name

       924         20          0          0         96       1080   c_w.l
      3220        252          0          0          0       2628   fz_wm.l
      4602        402        608          0          0       3080   m_wm.l

    ----------------------------------------------------------------------
      8774        678        612          0         96       6788   Library Totals

    ----------------------------------------------------------------------

==============================================================================


      Code (inc. data)   RO Data    RW Data    ZI Data      Debug   

     26858       2326       1062        324       6636     879013   Grand Totals
     26858       2326       1062         92       6636     879013   ELF Image Totals (compressed)
     26858       2326       1062         92          0          0   ROM Totals

==============================================================================

    Total RO  Size (Code + RO Data)                27920 (  27.27kB)
    Total RW  Size (RW Data + ZI Data)              6960 (   6.80kB)
    Total ROM Size (Code + RO Data + RW Data)      28012 (  27.36kB)

==============================================================================

