Component: Arm Compiler for Embedded 6.22 Tool: armlink [5ee90200]

==============================================================================

Section Cross References

    startup_stm32f407xx.o(STACK) refers (Special) to heapauxi.o(.text) for __use_two_region_memory
    startup_stm32f407xx.o(HEAP) refers (Special) to heapauxi.o(.text) for __use_two_region_memory
    startup_stm32f407xx.o(RESET) refers (Special) to heapauxi.o(.text) for __use_two_region_memory
    startup_stm32f407xx.o(RESET) refers to startup_stm32f407xx.o(STACK) for __initial_sp
    startup_stm32f407xx.o(RESET) refers to startup_stm32f407xx.o(.text) for Reset_Handler
    startup_stm32f407xx.o(RESET) refers to stm32f4xx_it.o(.text.NMI_Handler) for NMI_Handler
    startup_stm32f407xx.o(RESET) refers to stm32f4xx_it.o(.text.HardFault_Handler) for HardFault_Handler
    startup_stm32f407xx.o(RESET) refers to stm32f4xx_it.o(.text.MemManage_Handler) for MemManage_Handler
    startup_stm32f407xx.o(RESET) refers to stm32f4xx_it.o(.text.BusFault_Handler) for BusFault_Handler
    startup_stm32f407xx.o(RESET) refers to stm32f4xx_it.o(.text.UsageFault_Handler) for UsageFault_Handler
    startup_stm32f407xx.o(RESET) refers to port.o(.text.SVC_Handler) for SVC_Handler
    startup_stm32f407xx.o(RESET) refers to stm32f4xx_it.o(.text.DebugMon_Handler) for DebugMon_Handler
    startup_stm32f407xx.o(RESET) refers to port.o(.text.PendSV_Handler) for PendSV_Handler
    startup_stm32f407xx.o(RESET) refers to stm32f4xx_it.o(.text.SysTick_Handler) for SysTick_Handler
    startup_stm32f407xx.o(RESET) refers to stm32f4xx_it.o(.text.DMA1_Stream1_IRQHandler) for DMA1_Stream1_IRQHandler
    startup_stm32f407xx.o(RESET) refers to stm32f4xx_it.o(.text.DMA1_Stream2_IRQHandler) for DMA1_Stream2_IRQHandler
    startup_stm32f407xx.o(RESET) refers to stm32f4xx_it.o(.text.DMA1_Stream3_IRQHandler) for DMA1_Stream3_IRQHandler
    startup_stm32f407xx.o(RESET) refers to stm32f4xx_it.o(.text.DMA1_Stream4_IRQHandler) for DMA1_Stream4_IRQHandler
    startup_stm32f407xx.o(RESET) refers to stm32f4xx_it.o(.text.DMA1_Stream5_IRQHandler) for DMA1_Stream5_IRQHandler
    startup_stm32f407xx.o(RESET) refers to stm32f4xx_it.o(.text.DMA1_Stream6_IRQHandler) for DMA1_Stream6_IRQHandler
    startup_stm32f407xx.o(RESET) refers to stm32f4xx_it.o(.text.USART1_IRQHandler) for USART1_IRQHandler
    startup_stm32f407xx.o(RESET) refers to stm32f4xx_it.o(.text.USART2_IRQHandler) for USART2_IRQHandler
    startup_stm32f407xx.o(RESET) refers to hwt605_modbus.o(.text.USART3_IRQHandler) for USART3_IRQHandler
    startup_stm32f407xx.o(RESET) refers to stm32f4xx_it.o(.text.UART4_IRQHandler) for UART4_IRQHandler
    startup_stm32f407xx.o(RESET) refers to stm32f4xx_it.o(.text.DMA2_Stream2_IRQHandler) for DMA2_Stream2_IRQHandler
    startup_stm32f407xx.o(RESET) refers to stm32f4xx_it.o(.text.DMA2_Stream7_IRQHandler) for DMA2_Stream7_IRQHandler
    startup_stm32f407xx.o(.text) refers (Special) to heapauxi.o(.text) for __use_two_region_memory
    startup_stm32f407xx.o(.text) refers to system_stm32f4xx.o(.text.SystemInit) for SystemInit
    startup_stm32f407xx.o(.text) refers to __main.o(!!!main) for __main
    startup_stm32f407xx.o(.text) refers to startup_stm32f407xx.o(HEAP) for Heap_Mem
    startup_stm32f407xx.o(.text) refers to startup_stm32f407xx.o(STACK) for Stack_Mem
    dma.o(.text.MX_DMA_Init) refers to stm32f4xx_hal_cortex.o(.text.HAL_NVIC_SetPriority) for HAL_NVIC_SetPriority
    dma.o(.text.MX_DMA_Init) refers to stm32f4xx_hal_cortex.o(.text.HAL_NVIC_EnableIRQ) for HAL_NVIC_EnableIRQ
    dma.o(.ARM.exidx.text.MX_DMA_Init) refers to dma.o(.text.MX_DMA_Init) for [Anonymous Symbol]
    freertos.o(.text.vApplicationGetIdleTaskMemory) refers to freertos.o(.bss.xIdleTaskTCBBuffer) for xIdleTaskTCBBuffer
    freertos.o(.text.vApplicationGetIdleTaskMemory) refers to freertos.o(.bss.xIdleStack) for xIdleStack
    freertos.o(.ARM.exidx.text.vApplicationGetIdleTaskMemory) refers to freertos.o(.text.vApplicationGetIdleTaskMemory) for [Anonymous Symbol]
    freertos.o(.text.MX_FREERTOS_Init) refers to cmsis_os.o(.text.osThreadCreate) for osThreadCreate
    freertos.o(.text.MX_FREERTOS_Init) refers to freertos.o(.bss.defaultTaskHandle) for defaultTaskHandle
    freertos.o(.text.MX_FREERTOS_Init) refers to freertos.o(.bss.Get_IMU_DateHandle) for Get_IMU_DateHandle
    freertos.o(.text.MX_FREERTOS_Init) refers to freertos.o(.rodata.str1.1) for [Anonymous Symbol]
    freertos.o(.text.MX_FREERTOS_Init) refers to freertos.o(.text.StartDefaultTask) for StartDefaultTask
    freertos.o(.text.MX_FREERTOS_Init) refers to hwt605_modbus.o(.text.get_imu_date) for get_imu_date
    freertos.o(.ARM.exidx.text.MX_FREERTOS_Init) refers to freertos.o(.text.MX_FREERTOS_Init) for [Anonymous Symbol]
    freertos.o(.text.StartDefaultTask) refers to cmsis_os.o(.text.osDelay) for osDelay
    freertos.o(.ARM.exidx.text.StartDefaultTask) refers to freertos.o(.text.StartDefaultTask) for [Anonymous Symbol]
[...]
    stream_buffer.c                          0x00000000   Number         0  stream_buffer.o ABSOLUTE
    system_stm32f4xx.c                       0x00000000   Number         0  system_stm32f4xx.o ABSOLUTE
    tasks.c                                  0x00000000   Number         0  tasks.o ABSOLUTE
    timers.c                                 0x00000000   Number         0  timers.o ABSOLUTE
    usart.c                                  0x00000000   Number         0  usart.o ABSOLUTE
    RESET                                    0x08000000   Section      392  startup_stm32f407xx.o(RESET)
    !!!main                                  0x08000188   Section        8  __main.o(!!!main)
    !!!scatter                               0x08000190   Section       92  __scatter.o(!!!scatter)
    !!handler_copy                           0x080001ec   Section       26  __scatter_copy.o(!!handler_copy)
    !!handler_null                           0x08000208   Section        2  __scatter.o(!!handler_null)
    !!handler_zi                             0x0800020c   Section       28  __scatter_zi.o(!!handler_zi)
    .ARM.Collect$$libinit$$00000000          0x08000228   Section        2  libinit.o(.ARM.Collect$$libinit$$00000000)
    .ARM.Collect$$libinit$$00000001          0x0800022a   Section        4  libinit2.o(.ARM.Collect$$libinit$$00000001)
    .ARM.Collect$$libinit$$00000004          0x0800022e   Section        0  libinit2.o(.ARM.Collect$$libinit$$00000004)
    .ARM.Collect$$libinit$$00000006          0x0800022e   Section        0  libinit2.o(.ARM.Collect$$libinit$$00000006)
    .ARM.Collect$$libinit$$0000000C          0x0800022e   Section        0  libinit2.o(.ARM.Collect$$libinit$$0000000C)
    .ARM.Collect$$libinit$$0000000E          0x0800022e   Section        0  libinit2.o(.ARM.Collect$$libinit$$0000000E)
    .ARM.Collect$$libinit$$00000010          0x0800022e   Section        0  libinit2.o(.ARM.Collect$$libinit$$00000010)
    .ARM.Collect$$libinit$$00000013          0x0800022e   Section        0  libinit2.o(.ARM.Collect$$libinit$$00000013)
    .ARM.Collect$$libinit$$00000015          0x0800022e   Section        0  libinit2.o(.ARM.Collect$$libinit$$00000015)
    .ARM.Collect$$libinit$$00000017          0x0800022e   Section        0  libinit2.o(.ARM.Collect$$libinit$$00000017)
    .ARM.Collect$$libinit$$00000019          0x0800022e   Section        0  libinit2.o(.ARM.Collect$$libinit$$00000019)
    .ARM.Collect$$libinit$$0000001B          0x0800022e   Section        0  libinit2.o(.ARM.Collect$$libinit$$0000001B)
    .ARM.Collect$$libinit$$0000001D          0x0800022e   Section        0  libinit2.o(.ARM.Collect$$libinit$$0000001D)
    .ARM.Collect$$libinit$$0000001F          0x0800022e   Section        0  libinit2.o(.ARM.Collect$$libinit$$0000001F)
    .ARM.Collect$$libinit$$00000021          0x0800022e   Section        0  libinit2.o(.ARM.Collect$$libinit$$00000021)
    .ARM.Collect$$libinit$$00000023          0x0800022e   Section        0  libinit2.o(.ARM.Collect$$libinit$$00000023)
    .ARM.Collect$$libinit$$00000025          0x0800022e   Section        0  libinit2.o(.ARM.Collect$$libinit$$00000025)
    .ARM.Collect$$libinit$$00000027          0x0800022e   Section        0  libinit2.o(.ARM.Collect$$libinit$$00000027)
    .ARM.Collect$$libinit$$0000002E          0x0800022e   Section        0  libinit2.o(.ARM.Collect$$libinit$$0000002E)
    .ARM.Collect$$libinit$$00000030          0x0800022e   Section        0  libinit2.o(.ARM.Collect$$libinit$$00000030)
    .ARM.Collect$$libinit$$00000032          0x0800022e   Section        0  libinit2.o(.ARM.Collect$$libinit$$00000032)
    .ARM.Collect$$libinit$$00000034          0x0800022e   Section        0  libinit2.o(.ARM.Collect$$libinit$$00000034)
    .ARM.Collect$$libinit$$00000035          0x0800022e   Section        2  libinit2.o(.ARM.Collect$$libinit$$00000035)
    .ARM.Collect$$libshutdown$$00000000      0x08000230   Section        2  libshutdown.o(.ARM.Collect$$libshutdown$$00000000)
    .ARM.Collect$$libshutdown$$00000002      0x08000232   Section        0  libshutdown2.o(.ARM.Collect$$libshutdown$$00000002)
    .ARM.Collect$$libshutdown$$00000004      0x08000232   Section        0  libshutdown2.o(.ARM.Collect$$libshutdown$$00000004)
    .ARM.Collect$$libshutdown$$00000007      0x08000232   Section        0  libshutdown2.o(.ARM.Collect$$libshutdown$$00000007)
    .ARM.Collect$$libshutdown$$0000000A      0x08000232   Section        0  libshutdown2.o(.ARM.Collect$$libshutdown$$0000000A)
    .ARM.Collect$$libshutdown$$0000000C      0x08000232   Section        0  libshutdown2.o(.ARM.Collect$$libshutdown$$0000000C)
    .ARM.Collect$$libshutdown$$0000000F      0x08000232   Section        0  libshutdown2.o(.ARM.Collect$$libshutdown$$0000000F)
    .ARM.Collect$$libshutdown$$00000010      0x08000232   Section        2  libshutdown2.o(.ARM.Collect$$libshutdown$$00000010)
    .ARM.Collect$$rtentry$$00000000          0x08000234   Section        0  __rtentry.o(.ARM.Collect$$rtentry$$00000000)
    .ARM.Collect$$rtentry$$00000002          0x08000234   Section        0  __rtentry2.o(.ARM.Collect$$rtentry$$00000002)
    .ARM.Collect$$rtentry$$00000004          0x08000234   Section        6  __rtentry4.o(.ARM.Collect$$rtentry$$00000004)
    .ARM.Collect$$rtentry$$00000009          0x0800023a   Section        0  __rtentry2.o(.ARM.Collect$$rtentry$$00000009)
    .ARM.Collect$$rtentry$$0000000A          0x0800023a   Section        4  __rtentry2.o(.ARM.Collect$$rtentry$$0000000A)
    .ARM.Collect$$rtentry$$0000000C          0x0800023e   Section        0  __rtentry2.o(.ARM.Collect$$rtentry$$0000000C)
    .ARM.Collect$$rtentry$$0000000D          0x0800023e   Section        8  __rtentry2.o(.ARM.Collect$$rtentry$$0000000D)
    .ARM.Collect$$rtexit$$00000000           0x08000246   Section        2  rtexit.o(.ARM.Collect$$rtexit$$00000000)
    .ARM.Collect$$rtexit$$00000002           0x08000248   Section        0  rtexit2.o(.ARM.Collect$$rtexit$$00000002)
    .ARM.Collect$$rtexit$$00000003           0x08000248   Section        4  rtexit2.o(.ARM.Collect$$rtexit$$00000003)
    .ARM.Collect$$rtexit$$00000004           0x0800024c   Section        6  rtexit2.o(.ARM.Collect$$rtexit$$00000004)
    $v0                                      0x08000254   Number         0  startup_stm32f407xx.o(.text)
    .text                                    0x08000254   Section       64  startup_stm32f407xx.o(.text)
    .text                                    0x08000294   Section      240  lludivv7m.o(.text)
    .text                                    0x08000384   Section       78  rt_memclr_w.o(.text)
    .text                                    0x080003d2   Section        0  heapauxi.o(.text)
    .text                                    0x080003d8   Section        0  sys_exit.o(.text)
    .text                                    0x080003e4   Section        2  use_no_semi.o(.text)
    .text                                    0x080003e6   Section        0  indicate_semi.o(.text)
    .text                                    0x080003e6   Section       74  sys_stackheap_outer.o(.text)
    .text                                    0x08000430   Section        0  exit.o(.text)
    .text                                    0x08000444   Section        8  libspace.o(.text)
    [Anonymous Symbol]                       0x0800044c   Section        0  stm32f4xx_it.o(.text.BusFault_Handler)
    [Anonymous Symbol]                       0x08000450   Section        0  stm32f4xx_it.o(.text.DMA1_Stream1_IRQHandler)
    [Anonymous Symbol]                       0x0800045c   Section        0  stm32f4xx_it.o(.text.DMA1_Stream2_IRQHandler)
    [Anonymous Symbol]                       0x08000468   Section        0  stm32f4xx_it.o(.text.DMA1_Stream3_IRQHandler)
    [Anonymous Symbol]                       0x08000474   Section        0  stm32f4xx_it.o(.text.DMA1_Stream4_IRQHandler)
    [Anonymous Symbol]                       0x08000480   Section        0  stm32f4xx_it.o(.text.DMA1_Stream5_IRQHandler)
    [Anonymous Symbol]                       0x0800048c   Section        0  stm32f4xx_it.o(.text.DMA1_Stream6_IRQHandler)
    [Anonymous Symbol]                       0x08000498   Section        0  stm32f4xx_it.o(.text.DMA2_Stream2_IRQHandler)
    [Anonymous Symbol]                       0x080004a4   Section        0  stm32f4xx_it.o(.text.DMA2_Stream7_IRQHandler)
    [Anonymous Symbol]                       0x080004b0   Section        0  stm32f4xx_it.o(.text.DebugMon_Handler)
    [Anonymous Symbol]                       0x080004b4   Section        0  main.o(.text.Error_Handler)
    [Anonymous Symbol]                       0x080004bc   Section        0  stm32f4xx_hal_dma.o(.text.HAL_DMA_Abort)
    [Anonymous Symbol]                       0x0800053c   Section        0  stm32f4xx_hal_dma.o(.text.HAL_DMA_Abort_IT)
    [Anonymous Symbol]                       0x08000560   Section        0  stm32f4xx_hal_dma.o(.text.HAL_DMA_IRQHandler)
    [Anonymous Symbol]                       0x080006e8   Section        0  stm32f4xx_hal_dma.o(.text.HAL_DMA_Init)
    [Anonymous Symbol]                       0x08000828   Section        0  stm32f4xx_hal_gpio.o(.text.HAL_GPIO_Init)
    [Anonymous Symbol]                       0x080009bc   Section        0  stm32f4xx_hal.o(.text.HAL_GetTick)
    [Anonymous Symbol]                       0x080009c8   Section        0  stm32f4xx_hal.o(.text.HAL_IncTick)
    [Anonymous Symbol]                       0x080009e4   Section        0  stm32f4xx_hal.o(.text.HAL_Init)
    [Anonymous Symbol]                       0x08000a1c   Section        0  stm32f4xx_hal.o(.text.HAL_InitTick)
    [Anonymous Symbol]                       0x08000a6c   Section        0  stm32f4xx_hal_msp.o(.text.HAL_MspInit)
    [Anonymous Symbol]                       0x08000ab0   Section        0  stm32f4xx_hal_cortex.o(.text.HAL_NVIC_EnableIRQ)
    [Anonymous Symbol]                       0x08000ad4   Section        0  stm32f4xx_hal_cortex.o(.text.HAL_NVIC_SetPriority)
    [Anonymous Symbol]                       0x08000b2c   Section        0  stm32f4xx_hal_cortex.o(.text.HAL_NVIC_SetPriorityGrouping)
    [Anonymous Symbol]                       0x08000b4c   Section        0  stm32f4xx_hal_rcc.o(.text.HAL_RCC_ClockConfig)
    [Anonymous Symbol]                       0x08000cac   Section        0  stm32f4xx_hal_rcc.o(.text.HAL_RCC_GetPCLK1Freq)
    [Anonymous Symbol]                       0x08000cd4   Section        0  stm32f4xx_hal_rcc.o(.text.HAL_RCC_GetPCLK2Freq)
    [Anonymous Symbol]                       0x08000cfc   Section        0  stm32f4xx_hal_rcc.o(.text.HAL_RCC_GetSysClockFreq)
    [Anonymous Symbol]                       0x08000d64   Section        0  stm32f4xx_hal_rcc.o(.text.HAL_RCC_OscConfig)
    [Anonymous Symbol]                       0x080010c0   Section        0  stm32f4xx_hal_cortex.o(.text.HAL_SYSTICK_Config)
    [Anonymous Symbol]                       0x080010ec   Section        0  stm32f4xx_hal_uart.o(.text.HAL_UARTEx_RxEventCallback)
    [Anonymous Symbol]                       0x080010f0   Section        0  stm32f4xx_hal_uart.o(.text.HAL_UART_ErrorCallback)
    [Anonymous Symbol]                       0x080010f4   Section        0  stm32f4xx_hal_uart.o(.text.HAL_UART_IRQHandler)
    [Anonymous Symbol]                       0x080013f8   Section        0  stm32f4xx_hal_uart.o(.text.HAL_UART_Init)
    [Anonymous Symbol]                       0x08001458   Section        0  usart.o(.text.HAL_UART_MspInit)
    [Anonymous Symbol]                       0x08001804   Section        0  stm32f4xx_hal_uart.o(.text.HAL_UART_Receive_IT)
    [Anonymous Symbol]                       0x08001858   Section        0  hwt605_modbus.o(.text.HAL_UART_RxCpltCallback)
    [Anonymous Symbol]                       0x080018ac   Section        0  stm32f4xx_hal_uart.o(.text.HAL_UART_Transmit)
    [Anonymous Symbol]                       0x080019a0   Section        0  stm32f4xx_hal_uart.o(.text.HAL_UART_TxCpltCallback)
    [Anonymous Symbol]                       0x080019a4   Section        0  stm32f4xx_it.o(.text.HardFault_Handler)
    [Anonymous Symbol]                       0x080019a8   Section        0  dma.o(.text.MX_DMA_Init)
    [Anonymous Symbol]                       0x08001a64   Section        0  freertos.o(.text.MX_FREERTOS_Init)
    [Anonymous Symbol]                       0x08001af8   Section        0  gpio.o(.text.MX_GPIO_Init)
    [Anonymous Symbol]                       0x08001b44   Section        0  usart.o(.text.MX_UART4_Init)
    [Anonymous Symbol]                       0x08001b80   Section        0  usart.o(.text.MX_USART1_UART_Init)
    [Anonymous Symbol]                       0x08001bbc   Section        0  usart.o(.text.MX_USART2_UART_Init)
    [Anonymous Symbol]                       0x08001bf8   Section        0  usart.o(.text.MX_USART3_UART_Init)
    [Anonymous Symbol]                       0x08001c34   Section        0  stm32f4xx_it.o(.text.MemManage_Handler)
    [Anonymous Symbol]                       0x08001c38   Section        0  stm32f4xx_it.o(.text.NMI_Handler)
    [Anonymous Symbol]                       0x08001c40   Section        0  port.o(.text.PendSV_Handler)
    pxCurrentTCBConst                        0x08001ca0   Number         0  port.o(.text.PendSV_Handler)
    [Anonymous Symbol]                       0x08001ca4   Section        0  hwt605_modbus.o(.text.Receive_IMU_Data)
    [Anonymous Symbol]                       0x08001e10   Section        0  port.o(.text.SVC_Handler)
    pxCurrentTCBConst2                       0x08001e30   Number         0  port.o(.text.SVC_Handler)
    [Anonymous Symbol]                       0x08001e34   Section        0  freertos.o(.text.StartDefaultTask)
    [Anonymous Symbol]                       0x08001e3c   Section        0  stm32f4xx_it.o(.text.SysTick_Handler)
    [Anonymous Symbol]                       0x08001e54   Section        0  main.o(.text.SystemClock_Config)
    [Anonymous Symbol]                       0x08001f00   Section        0  system_stm32f4xx.o(.text.SystemInit)
    [Anonymous Symbol]                       0x08001f14   Section        0  stm32f4xx_it.o(.text.UART4_IRQHandler)
    UART_DMAAbortOnError                     0x08001f21   Thumb Code    12  stm32f4xx_hal_uart.o(.text.UART_DMAAbortOnError)
    [Anonymous Symbol]                       0x08001f20   Section        0  stm32f4xx_hal_uart.o(.text.UART_DMAAbortOnError)
    UART_Receive_IT                          0x08001f2d   Thumb Code   192  stm32f4xx_hal_uart.o(.text.UART_Receive_IT)
    [Anonymous Symbol]                       0x08001f2c   Section        0  stm32f4xx_hal_uart.o(.text.UART_Receive_IT)
    UART_SetConfig                           0x08001fed   Thumb Code   222  stm32f4xx_hal_uart.o(.text.UART_SetConfig)
    [Anonymous Symbol]                       0x08001fec   Section        0  stm32f4xx_hal_uart.o(.text.UART_SetConfig)
    [Anonymous Symbol]                       0x080020cc   Section        0  stm32f4xx_it.o(.text.USART1_IRQHandler)
    [Anonymous Symbol]                       0x080020d8   Section        0  stm32f4xx_it.o(.text.USART2_IRQHandler)
    [Anonymous Symbol]                       0x080020e4   Section        0  hwt605_modbus.o(.text.USART3_IRQHandler)
    [Anonymous Symbol]                       0x08002108   Section        0  stm32f4xx_it.o(.text.UsageFault_Handler)
    [Anonymous Symbol]                       0x0800210c   Section        0  hwt605_modbus.o(.text.get_imu_date)
    [Anonymous Symbol]                       0x08002178   Section        0  main.o(.text.main)
    [Anonymous Symbol]                       0x080021a8   Section        0  cmsis_os.o(.text.osDelay)
    [Anonymous Symbol]                       0x080021b8   Section        0  cmsis_os.o(.text.osKernelStart)
    [Anonymous Symbol]                       0x080021c4   Section        0  cmsis_os.o(.text.osThreadCreate)
    prvAddNewTaskToReadyList                 0x08002225   Thumb Code   282  tasks.o(.text.prvAddNewTaskToReadyList)
    [Anonymous Symbol]                       0x08002224   Section        0  tasks.o(.text.prvAddNewTaskToReadyList)
    prvIdleTask                              0x08002341   Thumb Code   150  tasks.o(.text.prvIdleTask)
    [Anonymous Symbol]                       0x08002340   Section        0  tasks.o(.text.prvIdleTask)
    prvPortStartFirstTask                    0x080023d9   Thumb Code    34  port.o(.text.prvPortStartFirstTask)
    [Anonymous Symbol]                       0x080023d8   Section        0  port.o(.text.prvPortStartFirstTask)
    prvTaskExitError                         0x08002401   Thumb Code    50  port.o(.text.prvTaskExitError)
    [Anonymous Symbol]                       0x08002400   Section        0  port.o(.text.prvTaskExitError)
    [Anonymous Symbol]                       0x08002434   Section        0  heap_4.o(.text.pvPortMalloc)
    [Anonymous Symbol]                       0x080025d0   Section        0  port.o(.text.pxPortInitialiseStack)
    [Anonymous Symbol]                       0x080025f4   Section        0  startup_main.o(.text.startup_main)
    [Anonymous Symbol]                       0x0800260c   Section        0  list.o(.text.uxListRemove)
    [Anonymous Symbol]                       0x08002630   Section        0  freertos.o(.text.vApplicationGetIdleTaskMemory)
    [Anonymous Symbol]                       0x0800264c   Section        0  list.o(.text.vListInitialise)
    [Anonymous Symbol]                       0x08002664   Section        0  list.o(.text.vListInitialiseItem)
    [Anonymous Symbol]                       0x0800266c   Section        0  list.o(.text.vListInsert)
    [Anonymous Symbol]                       0x080026a8   Section        0  list.o(.text.vListInsertEnd)
    vPortEnableVFP                           0x080026c5   Thumb Code    14  port.o(.text.vPortEnableVFP)
    [Anonymous Symbol]                       0x080026c4   Section        0  port.o(.text.vPortEnableVFP)
    [Anonymous Symbol]                       0x080026d8   Section        0  port.o(.text.vPortEnterCritical)
    [Anonymous Symbol]                       0x08002720   Section        0  port.o(.text.vPortExitCritical)
    [Anonymous Symbol]                       0x08002750   Section        0  heap_4.o(.text.vPortFree)
    [Anonymous Symbol]                       0x08002828   Section        0  port.o(.text.vPortSetupTimerInterrupt)
    [Anonymous Symbol]                       0x0800285c   Section        0  tasks.o(.text.vTaskDelay)
    [Anonymous Symbol]                       0x08002920   Section        0  tasks.o(.text.vTaskStartScheduler)
    [Anonymous Symbol]                       0x080029a0   Section        0  tasks.o(.text.vTaskSuspendAll)
    [Anonymous Symbol]                       0x080029b0   Section        0  tasks.o(.text.vTaskSwitchContext)
    [Anonymous Symbol]                       0x08002a38   Section        0  port.o(.text.xPortStartScheduler)
    [Anonymous Symbol]                       0x08002b68   Section        0  port.o(.text.xPortSysTickHandler)
    [Anonymous Symbol]                       0x08002b98   Section        0  tasks.o(.text.xTaskCreate)
    [Anonymous Symbol]                       0x08002c54   Section        0  tasks.o(.text.xTaskCreateStatic)
    [Anonymous Symbol]                       0x08002d40   Section        0  tasks.o(.text.xTaskGetSchedulerState)
    [Anonymous Symbol]                       0x08002d68   Section        0  tasks.o(.text.xTaskIncrementTick)
    [Anonymous Symbol]                       0x08002ee8   Section        0  tasks.o(.text.xTaskResumeAll)
    $v0                                      0x08003020   Number         0  fpinit.o(x$fpl$fpinit)
    x$fpl$fpinit                             0x08003020   Section       26  fpinit.o(x$fpl$fpinit)
    __auchCRCHi                              0x08003052   Data         256  hwt605_modbus.o(.rodata._ZL11__auchCRCHi)
    [Anonymous Symbol]                       0x08003052   Section        0  hwt605_modbus.o(.rodata._ZL11__auchCRCHi)
    __auchCRCLo                              0x08003152   Data         256  hwt605_modbus.o(.rodata._ZL11__auchCRCLo)
    [Anonymous Symbol]                       0x08003152   Section        0  hwt605_modbus.o(.rodata._ZL11__auchCRCLo)
    DMA_CalcBaseAndBitshift.flagBitshiftOffset 0x08003252   Data           8  stm32f4xx_hal_dma.o(.rodata.cst8)
    [Anonymous Symbol]                       0x08003252   Section        0  stm32f4xx_hal_dma.o(.rodata.cst8)
    [Anonymous Symbol]                       0x0800325a   Section        0  freertos.o(.rodata.str1.1)
    uxCriticalNesting                        0x2000000c   Data           4  port.o(.data.uxCriticalNesting)
    [Anonymous Symbol]                       0x2000000c   Section        0  port.o(.data.uxCriticalNesting)
    .bss                                     0x20000010   Section       96  libspace.o(.bss)
    Receive_IMU_Data::Buf                    0x20000074   Data         300  hwt605_modbus.o(.bss._ZZ16Receive_IMU_DataE3Buf)
    [Anonymous Symbol]                       0x20000074   Section        0  hwt605_modbus.o(.bss._ZZ16Receive_IMU_DataE3Buf)
    Receive_IMU_Data::step                   0x200001a0   Data           1  hwt605_modbus.o(.bss._ZZ16Receive_IMU_DataE4step)
    [Anonymous Symbol]                       0x200001a0   Section        0  hwt605_modbus.o(.bss._ZZ16Receive_IMU_DataE4step)
    Receive_IMU_Data::count                  0x200001a1   Data           1  hwt605_modbus.o(.bss._ZZ16Receive_IMU_DataE5count)
    [Anonymous Symbol]                       0x200001a1   Section        0  hwt605_modbus.o(.bss._ZZ16Receive_IMU_DataE5count)
    pxDelayedTaskList                        0x20000648   Data           4  tasks.o(.bss.pxDelayedTaskList)
    [Anonymous Symbol]                       0x20000648   Section        0  tasks.o(.bss.pxDelayedTaskList)
    pxEnd                                    0x2000064c   Data           4  heap_4.o(.bss.pxEnd)
    [Anonymous Symbol]                       0x2000064c   Section        0  heap_4.o(.bss.pxEnd)
    pxOverflowDelayedTaskList                0x20000650   Data           4  tasks.o(.bss.pxOverflowDelayedTaskList)
    [Anonymous Symbol]                       0x20000650   Section        0  tasks.o(.bss.pxOverflowDelayedTaskList)
    pxReadyTasksLists                        0x20000654   Data         140  tasks.o(.bss.pxReadyTasksLists)
    [Anonymous Symbol]                       0x20000654   Section        0  tasks.o(.bss.pxReadyTasksLists)
    ucHeap                                   0x200006e0   Data       15360  heap_4.o(.bss.ucHeap)
    [Anonymous Symbol]                       0x200006e0   Section        0  heap_4.o(.bss.ucHeap)
    ucMaxSysCallPriority                     0x200042e0   Data           1  port.o(.bss.ucMaxSysCallPriority)
    [Anonymous Symbol]                       0x200042e0   Section        0  port.o(.bss.ucMaxSysCallPriority)
    ulMaxPRIGROUPValue                       0x200042e4   Data           4  port.o(.bss.ulMaxPRIGROUPValue)
    [Anonymous Symbol]                       0x200042e4   Section        0  port.o(.bss.ulMaxPRIGROUPValue)
    uxCurrentNumberOfTasks                   0x200042ec   Data           4  tasks.o(.bss.uxCurrentNumberOfTasks)
    [Anonymous Symbol]                       0x200042ec   Section        0  tasks.o(.bss.uxCurrentNumberOfTasks)
    uxDeletedTasksWaitingCleanUp             0x200042f0   Data           4  tasks.o(.bss.uxDeletedTasksWaitingCleanUp)
    [Anonymous Symbol]                       0x200042f0   Section        0  tasks.o(.bss.uxDeletedTasksWaitingCleanUp)
    uxSchedulerSuspended                     0x200042f4   Data           4  tasks.o(.bss.uxSchedulerSuspended)
    [Anonymous Symbol]                       0x200042f4   Section        0  tasks.o(.bss.uxSchedulerSuspended)
    uxTaskNumber                             0x200042f8   Data           4  tasks.o(.bss.uxTaskNumber)
    [Anonymous Symbol]                       0x200042f8   Section        0  tasks.o(.bss.uxTaskNumber)
    uxTopReadyPriority                       0x200042fc   Data           4  tasks.o(.bss.uxTopReadyPriority)
    [Anonymous Symbol]                       0x200042fc   Section        0  tasks.o(.bss.uxTopReadyPriority)
    xBlockAllocatedBit                       0x20004300   Data           1  heap_4.o(.bss.xBlockAllocatedBit)
    [Anonymous Symbol]                       0x20004300   Section        0  heap_4.o(.bss.xBlockAllocatedBit)
    xDelayedTaskList1                        0x20004304   Data          20  tasks.o(.bss.xDelayedTaskList1)
    [Anonymous Symbol]                       0x20004304   Section        0  tasks.o(.bss.xDelayedTaskList1)
    xDelayedTaskList2                        0x20004318   Data          20  tasks.o(.bss.xDelayedTaskList2)
    [Anonymous Symbol]                       0x20004318   Section        0  tasks.o(.bss.xDelayedTaskList2)
    xFreeBytesRemaining                      0x2000432c   Data           4  heap_4.o(.bss.xFreeBytesRemaining)
    [Anonymous Symbol]                       0x2000432c   Section        0  heap_4.o(.bss.xFreeBytesRemaining)
    xIdleStack                               0x20004330   Data         512  freertos.o(.bss.xIdleStack)
    [Anonymous Symbol]                       0x20004330   Section        0  freertos.o(.bss.xIdleStack)
    xIdleTaskHandle                          0x20004530   Data           4  tasks.o(.bss.xIdleTaskHandle)
    [Anonymous Symbol]                       0x20004530   Section        0  tasks.o(.bss.xIdleTaskHandle)
    xIdleTaskTCBBuffer                       0x20004534   Data          84  freertos.o(.bss.xIdleTaskTCBBuffer)
    [Anonymous Symbol]                       0x20004534   Section        0  freertos.o(.bss.xIdleTaskTCBBuffer)
    xMinimumEverFreeBytesRemaining           0x20004588   Data           4  heap_4.o(.bss.xMinimumEverFreeBytesRemaining)
    [Anonymous Symbol]                       0x20004588   Section        0  heap_4.o(.bss.xMinimumEverFreeBytesRemaining)
    xNextTaskUnblockTime                     0x2000458c   Data           4  tasks.o(.bss.xNextTaskUnblockTime)
    [Anonymous Symbol]                       0x2000458c   Section        0  tasks.o(.bss.xNextTaskUnblockTime)
    xNumOfOverflows                          0x20004590   Data           4  tasks.o(.bss.xNumOfOverflows)
    [Anonymous Symbol]                       0x20004590   Section        0  tasks.o(.bss.xNumOfOverflows)
    xNumberOfSuccessfulAllocations           0x20004594   Data           4  heap_4.o(.bss.xNumberOfSuccessfulAllocations)
    [Anonymous Symbol]                       0x20004594   Section        0  heap_4.o(.bss.xNumberOfSuccessfulAllocations)
    xNumberOfSuccessfulFrees                 0x20004598   Data           4  heap_4.o(.bss.xNumberOfSuccessfulFrees)
    [Anonymous Symbol]                       0x20004598   Section        0  heap_4.o(.bss.xNumberOfSuccessfulFrees)
    xPendedTicks                             0x2000459c   Data           4  tasks.o(.bss.xPendedTicks)
    [Anonymous Symbol]                       0x2000459c   Section        0  tasks.o(.bss.xPendedTicks)
    xPendingReadyList                        0x200045a0   Data          20  tasks.o(.bss.xPendingReadyList)
    [Anonymous Symbol]                       0x200045a0   Section        0  tasks.o(.bss.xPendingReadyList)
    xSchedulerRunning                        0x200045b4   Data           4  tasks.o(.bss.xSchedulerRunning)
    [Anonymous Symbol]                       0x200045b4   Section        0  tasks.o(.bss.xSchedulerRunning)
    xStart                                   0x200045b8   Data           8  heap_4.o(.bss.xStart)
    [Anonymous Symbol]                       0x200045b8   Section        0  heap_4.o(.bss.xStart)
    xSuspendedTaskList                       0x200045c0   Data          20  tasks.o(.bss.xSuspendedTaskList)
    [Anonymous Symbol]                       0x200045c0   Section        0  tasks.o(.bss.xSuspendedTaskList)
    xTasksWaitingTermination                 0x200045d4   Data          20  tasks.o(.bss.xTasksWaitingTermination)
    [Anonymous Symbol]                       0x200045d4   Section        0  tasks.o(.bss.xTasksWaitingTermination)
    xTickCount                               0x200045e8   Data           4  tasks.o(.bss.xTickCount)
    [Anonymous Symbol]                       0x200045e8   Section        0  tasks.o(.bss.xTickCount)
    xYieldPending                            0x200045ec   Data           4  tasks.o(.bss.xYieldPending)
    [Anonymous Symbol]                       0x200045ec   Section        0  tasks.o(.bss.xYieldPending)
    Heap_Mem                                 0x200045f0   Data         512  startup_stm32f407xx.o(HEAP)
    HEAP                                     0x200045f0   Section      512  startup_stm32f407xx.o(HEAP)
    Stack_Mem                                0x200047f0   Data        1024  startup_stm32f407xx.o(STACK)
    STACK                                    0x200047f0   Section     1024  startup_stm32f407xx.o(STACK)
    __initial_sp                             0x20004bf0   Data           0  startup_stm32f407xx.o(STACK)

    Global Symbols

    Symbol Name                              Value     Ov Type        Size  Object(Section)

    BuildAttributes$$THM_ISAv4$E$P$D$K$B$S$7EM$VFPi3$EXTD16$VFPS$VFMA$PE$A:L22UL41UL21$X:L11$S22US41US21$IEEE1$IW$~IW$USESV6$~STKCKD$USESV7$~SHL$OTIME$ROPI$EBA8$UX$STANDARDLIB$REQ8$EABIv2 0x00000000   Number         0  anon$$obj.o ABSOLUTE
    SHT$$ARM_EXIDX$$Base                      - Undefined Reference
    SHT$$ARM_EXIDX$$Limit                     - Undefined Reference
    __ARM_exceptions_init                     - Undefined Weak Reference
    __alloca_initialize                       - Undefined Weak Reference
    __arm_find_exidx_section                  - Undefined Weak Reference
    __arm_preinit_                            - Undefined Weak Reference
    __arm_relocate_pie_                       - Undefined Weak Reference
    __cpp_initialize__aeabi_                  - Undefined Weak Reference
    __cxa_finalize                            - Undefined Weak Reference
    __rt_locale                               - Undefined Weak Reference
    __sigvec_lookup                           - Undefined Weak Reference
    _atexit_init                              - Undefined Weak Reference
    _call_atexit_fns                          - Undefined Weak Reference
    _clock_init                               - Undefined Weak Reference
    _fp_trap_init                             - Undefined Weak Reference
    _fp_trap_shutdown                         - Undefined Weak Reference
    _get_lc_collate                           - Undefined Weak Reference
    _get_lc_ctype                             - Undefined Weak Reference
    _get_lc_monetary                          - Undefined Weak Reference
    _get_lc_numeric                           - Undefined Weak Reference
    _get_lc_time                              - Undefined Weak Reference
    _getenv_init                              - Undefined Weak Reference
    _handle_redirection                       - Undefined Weak Reference
    _init_alloc                               - Undefined Weak Reference
    _init_user_alloc                          - Undefined Weak Reference
    _initio                                   - Undefined Weak Reference
    _rand_init                                - Undefined Weak Reference
    _signal_finish                            - Undefined Weak Reference
    _signal_init                              - Undefined Weak Reference
    _terminate_alloc                          - Undefined Weak Reference
    _terminate_user_alloc                     - Undefined Weak Reference
    _terminateio                              - Undefined Weak Reference
    __Vectors_Size                           0x00000188   Number         0  startup_stm32f407xx.o ABSOLUTE
    __Vectors                                0x08000000   Data           4  startup_stm32f407xx.o(RESET)
    __Vectors_End                            0x08000188   Data           0  startup_stm32f407xx.o(RESET)
    __main                                   0x08000189   Thumb Code     8  __main.o(!!!main)
    __scatterload                            0x08000191   Thumb Code     0  __scatter.o(!!!scatter)
    __scatterload_rt2                        0x08000191   Thumb Code    84  __scatter.o(!!!scatter)
    __scatterload_rt2_thumb_only             0x08000191   Thumb Code     0  __scatter.o(!!!scatter)
    __scatterload_loop                       0x0800019b   Thumb Code     0  __scatter.o(!!!scatter)
    __scatterload_copy                       0x080001ed   Thumb Code    26  __scatter_copy.o(!!handler_copy)
    __scatterload_null                       0x08000209   Thumb Code     2  __scatter.o(!!handler_null)
    __scatterload_zeroinit                   0x0800020d   Thumb Code    28  __scatter_zi.o(!!handler_zi)
    __rt_lib_init                            0x08000229   Thumb Code     0  libinit.o(.ARM.Collect$$libinit$$00000000)
    __rt_lib_init_fp_1                       0x0800022b   Thumb Code     0  libinit2.o(.ARM.Collect$$libinit$$00000001)
    __rt_lib_init_alloca_1                   0x0800022f   Thumb Code     0  libinit2.o(.ARM.Collect$$libinit$$00000030)
    __rt_lib_init_argv_1                     0x0800022f   Thumb Code     0  libinit2.o(.ARM.Collect$$libinit$$0000002E)
    __rt_lib_init_atexit_1                   0x0800022f   Thumb Code     0  libinit2.o(.ARM.Collect$$libinit$$0000001D)
    __rt_lib_init_clock_1                    0x0800022f   Thumb Code     0  libinit2.o(.ARM.Collect$$libinit$$00000023)
    __rt_lib_init_cpp_1                      0x0800022f   Thumb Code     0  libinit2.o(.ARM.Collect$$libinit$$00000034)
    __rt_lib_init_exceptions_1               0x0800022f   Thumb Code     0  libinit2.o(.ARM.Collect$$libinit$$00000032)
    __rt_lib_init_fp_trap_1                  0x0800022f   Thumb Code     0  libinit2.o(.ARM.Collect$$libinit$$00000021)
    __rt_lib_init_getenv_1                   0x0800022f   Thumb Code     0  libinit2.o(.ARM.Collect$$libinit$$00000025)
    __rt_lib_init_heap_1                     0x0800022f   Thumb Code     0  libinit2.o(.ARM.Collect$$libinit$$0000000C)
    __rt_lib_init_lc_collate_1               0x0800022f   Thumb Code     0  libinit2.o(.ARM.Collect$$libinit$$00000013)
    __rt_lib_init_lc_ctype_1                 0x0800022f   Thumb Code     0  libinit2.o(.ARM.Collect$$libinit$$00000015)
    __rt_lib_init_lc_monetary_1              0x0800022f   Thumb Code     0  libinit2.o(.ARM.Collect$$libinit$$00000017)
    __rt_lib_init_lc_numeric_1               0x0800022f   Thumb Code     0  libinit2.o(.ARM.Collect$$libinit$$00000019)
    __rt_lib_init_lc_time_1                  0x0800022f   Thumb Code     0  libinit2.o(.ARM.Collect$$libinit$$0000001B)
    __rt_lib_init_preinit_1                  0x0800022f   Thumb Code     0  libinit2.o(.ARM.Collect$$libinit$$00000006)
    __rt_lib_init_rand_1                     0x0800022f   Thumb Code     0  libinit2.o(.ARM.Collect$$libinit$$00000010)
    __rt_lib_init_relocate_pie_1             0x0800022f   Thumb Code     0  libinit2.o(.ARM.Collect$$libinit$$00000004)
    __rt_lib_init_return                     0x0800022f   Thumb Code     0  libinit2.o(.ARM.Collect$$libinit$$00000035)
    __rt_lib_init_signal_1                   0x0800022f   Thumb Code     0  libinit2.o(.ARM.Collect$$libinit$$0000001F)
    __rt_lib_init_stdio_1                    0x0800022f   Thumb Code     0  libinit2.o(.ARM.Collect$$libinit$$00000027)
    __rt_lib_init_user_alloc_1               0x0800022f   Thumb Code     0  libinit2.o(.ARM.Collect$$libinit$$0000000E)
    __rt_lib_shutdown                        0x08000231   Thumb Code     0  libshutdown.o(.ARM.Collect$$libshutdown$$00000000)
    __rt_lib_shutdown_cpp_1                  0x08000233   Thumb Code     0  libshutdown2.o(.ARM.Collect$$libshutdown$$00000002)
    __rt_lib_shutdown_fp_trap_1              0x08000233   Thumb Code     0  libshutdown2.o(.ARM.Collect$$libshutdown$$00000007)
    __rt_lib_shutdown_heap_1                 0x08000233   Thumb Code     0  libshutdown2.o(.ARM.Collect$$libshutdown$$0000000F)
    __rt_lib_shutdown_return                 0x08000233   Thumb Code     0  libshutdown2.o(.ARM.Collect$$libshutdown$$00000010)
    __rt_lib_shutdown_signal_1               0x08000233   Thumb Code     0  libshutdown2.o(.ARM.Collect$$libshutdown$$0000000A)
    __rt_lib_shutdown_stdio_1                0x08000233   Thumb Code     0  libshutdown2.o(.ARM.Collect$$libshutdown$$00000004)
    __rt_lib_shutdown_user_alloc_1           0x08000233   Thumb Code     0  libshutdown2.o(.ARM.Collect$$libshutdown$$0000000C)
    __rt_entry                               0x08000235   Thumb Code     0  __rtentry.o(.ARM.Collect$$rtentry$$00000000)
    __rt_entry_presh_1                       0x08000235   Thumb Code     0  __rtentry2.o(.ARM.Collect$$rtentry$$00000002)
    __rt_entry_sh                            0x08000235   Thumb Code     0  __rtentry4.o(.ARM.Collect$$rtentry$$00000004)
    __rt_entry_li                            0x0800023b   Thumb Code     0  __rtentry2.o(.ARM.Collect$$rtentry$$0000000A)
    __rt_entry_postsh_1                      0x0800023b   Thumb Code     0  __rtentry2.o(.ARM.Collect$$rtentry$$00000009)
    __rt_entry_main                          0x0800023f   Thumb Code     0  __rtentry2.o(.ARM.Collect$$rtentry$$0000000D)
    __rt_entry_postli_1                      0x0800023f   Thumb Code     0  __rtentry2.o(.ARM.Collect$$rtentry$$0000000C)
    __rt_exit                                0x08000247   Thumb Code     0  rtexit.o(.ARM.Collect$$rtexit$$00000000)
    __rt_exit_ls                             0x08000249   Thumb Code     0  rtexit2.o(.ARM.Collect$$rtexit$$00000003)
    __rt_exit_prels_1                        0x08000249   Thumb Code     0  rtexit2.o(.ARM.Collect$$rtexit$$00000002)
    __rt_exit_exit                           0x0800024d   Thumb Code     0  rtexit2.o(.ARM.Collect$$rtexit$$00000004)
    Reset_Handler                            0x08000255   Thumb Code     8  startup_stm32f407xx.o(.text)
    ADC_IRQHandler                           0x0800026f   Thumb Code     0  startup_stm32f407xx.o(.text)
    CAN1_RX0_IRQHandler                      0x0800026f   Thumb Code     0  startup_stm32f407xx.o(.text)
    CAN1_RX1_IRQHandler                      0x0800026f   Thumb Code     0  startup_stm32f407xx.o(.text)
    CAN1_SCE_IRQHandler                      0x0800026f   Thumb Code     0  startup_stm32f407xx.o(.text)
    CAN1_TX_IRQHandler                       0x0800026f   Thumb Code     0  startup_stm32f407xx.o(.text)
    CAN2_RX0_IRQHandler                      0x0800026f   Thumb Code     0  startup_stm32f407xx.o(.text)
    CAN2_RX1_IRQHandler                      0x0800026f   Thumb Code     0  startup_stm32f407xx.o(.text)
    CAN2_SCE_IRQHandler                      0x0800026f   Thumb Code     0  startup_stm32f407xx.o(.text)
    CAN2_TX_IRQHandler                       0x0800026f   Thumb Code     0  startup_stm32f407xx.o(.text)
    DCMI_IRQHandler                          0x0800026f   Thumb Code     0  startup_stm32f407xx.o(.text)
    DMA1_Stream0_IRQHandler                  0x0800026f   Thumb Code     0  startup_stm32f407xx.o(.text)
    DMA1_Stream7_IRQHandler                  0x0800026f   Thumb Code     0  startup_stm32f407xx.o(.text)
    DMA2_Stream0_IRQHandler                  0x0800026f   Thumb Code     0  startup_stm32f407xx.o(.text)
    DMA2_Stream1_IRQHandler                  0x0800026f   Thumb Code     0  startup_stm32f407xx.o(.text)
    DMA2_Stream3_IRQHandler                  0x0800026f   Thumb Code     0  startup_stm32f407xx.o(.text)
    DMA2_Stream4_IRQHandler                  0x0800026f   Thumb Code     0  startup_stm32f407xx.o(.text)
    DMA2_Stream5_IRQHandler                  0x0800026f   Thumb Code     0  startup_stm32f407xx.o(.text)
    DMA2_Stream6_IRQHandler                  0x0800026f   Thumb Code     0  startup_stm32f407xx.o(.text)
    ETH_IRQHandler                           0x0800026f   Thumb Code     0  startup_stm32f407xx.o(.text)
    ETH_WKUP_IRQHandler                      0x0800026f   Thumb Code     0  startup_stm32f407xx.o(.text)
    EXTI0_IRQHandler                         0x0800026f   Thumb Code     0  startup_stm32f407xx.o(.text)
    EXTI15_10_IRQHandler                     0x0800026f   Thumb Code     0  startup_stm32f407xx.o(.text)
    EXTI1_IRQHandler                         0x0800026f   Thumb Code     0  startup_stm32f407xx.o(.text)
    EXTI2_IRQHandler                         0x0800026f   Thumb Code     0  startup_stm32f407xx.o(.text)
    EXTI3_IRQHandler                         0x0800026f   Thumb Code     0  startup_stm32f407xx.o(.text)
    EXTI4_IRQHandler                         0x0800026f   Thumb Code     0  startup_stm32f407xx.o(.text)
    EXTI9_5_IRQHandler                       0x0800026f   Thumb Code     0  startup_stm32f407xx.o(.text)
    FLASH_IRQHandler                         0x0800026f   Thumb Code     0  startup_stm32f407xx.o(.text)
    FMC_IRQHandler                           0x0800026f   Thumb Code     0  startup_stm32f407xx.o(.text)
    FPU_IRQHandler                           0x0800026f   Thumb Code     0  startup_stm32f407xx.o(.text)
    HASH_RNG_IRQHandler                      0x0800026f   Thumb Code     0  startup_stm32f407xx.o(.text)
    I2C1_ER_IRQHandler                       0x0800026f   Thumb Code     0  startup_stm32f407xx.o(.text)
    I2C1_EV_IRQHandler                       0x0800026f   Thumb Code     0  startup_stm32f407xx.o(.text)
    I2C2_ER_IRQHandler                       0x0800026f   Thumb Code     0  startup_stm32f407xx.o(.text)
    I2C2_EV_IRQHandler                       0x0800026f   Thumb Code     0  startup_stm32f407xx.o(.text)
    I2C3_ER_IRQHandler                       0x0800026f   Thumb Code     0  startup_stm32f407xx.o(.text)
    I2C3_EV_IRQHandler                       0x0800026f   Thumb Code     0  startup_stm32f407xx.o(.text)
    OTG_FS_IRQHandler                        0x0800026f   Thumb Code     0  startup_stm32f407xx.o(.text)
    OTG_FS_WKUP_IRQHandler                   0x0800026f   Thumb Code     0  startup_stm32f407xx.o(.text)
    OTG_HS_EP1_IN_IRQHandler                 0x0800026f   Thumb Code     0  startup_stm32f407xx.o(.text)
    OTG_HS_EP1_OUT_IRQHandler                0x0800026f   Thumb Code     0  startup_stm32f407xx.o(.text)
    OTG_HS_IRQHandler                        0x0800026f   Thumb Code     0  startup_stm32f407xx.o(.text)
    OTG_HS_WKUP_IRQHandler                   0x0800026f   Thumb Code     0  startup_stm32f407xx.o(.text)
    PVD_IRQHandler                           0x0800026f   Thumb Code     0  startup_stm32f407xx.o(.text)
    RCC_IRQHandler                           0x0800026f   Thumb Code     0  startup_stm32f407xx.o(.text)
    RTC_Alarm_IRQHandler                     0x0800026f   Thumb Code     0  startup_stm32f407xx.o(.text)
    RTC_WKUP_IRQHandler                      0x0800026f   Thumb Code     0  startup_stm32f407xx.o(.text)
    SDIO_IRQHandler                          0x0800026f   Thumb Code     0  startup_stm32f407xx.o(.text)
    SPI1_IRQHandler                          0x0800026f   Thumb Code     0  startup_stm32f407xx.o(.text)
    SPI2_IRQHandler                          0x0800026f   Thumb Code     0  startup_stm32f407xx.o(.text)
    SPI3_IRQHandler                          0x0800026f   Thumb Code     0  startup_stm32f407xx.o(.text)
    TAMP_STAMP_IRQHandler                    0x0800026f   Thumb Code     0  startup_stm32f407xx.o(.text)
    TIM1_BRK_TIM9_IRQHandler                 0x0800026f   Thumb Code     0  startup_stm32f407xx.o(.text)
    TIM1_CC_IRQHandler                       0x0800026f   Thumb Code     0  startup_stm32f407xx.o(.text)
    TIM1_TRG_COM_TIM11_IRQHandler            0x0800026f   Thumb Code     0  startup_stm32f407xx.o(.text)
    TIM1_UP_TIM10_IRQHandler                 0x0800026f   Thumb Code     0  startup_stm32f407xx.o(.text)
    TIM2_IRQHandler                          0x0800026f   Thumb Code     0  startup_stm32f407xx.o(.text)
    TIM3_IRQHandler                          0x0800026f   Thumb Code     0  startup_stm32f407xx.o(.text)
    TIM4_IRQHandler                          0x0800026f   Thumb Code     0  startup_stm32f407xx.o(.text)
    TIM5_IRQHandler                          0x0800026f   Thumb Code     0  startup_stm32f407xx.o(.text)
    TIM6_DAC_IRQHandler                      0x0800026f   Thumb Code     0  startup_stm32f407xx.o(.text)
    TIM7_IRQHandler                          0x0800026f   Thumb Code     0  startup_stm32f407xx.o(.text)
    TIM8_BRK_TIM12_IRQHandler                0x0800026f   Thumb Code     0  startup_stm32f407xx.o(.text)
    TIM8_CC_IRQHandler                       0x0800026f   Thumb Code     0  startup_stm32f407xx.o(.text)
    TIM8_TRG_COM_TIM14_IRQHandler            0x0800026f   Thumb Code     0  startup_stm32f407xx.o(.text)
    TIM8_UP_TIM13_IRQHandler                 0x0800026f   Thumb Code     0  startup_stm32f407xx.o(.text)
    UART5_IRQHandler                         0x0800026f   Thumb Code     0  startup_stm32f407xx.o(.text)
    USART6_IRQHandler                        0x0800026f   Thumb Code     0  startup_stm32f407xx.o(.text)
    WWDG_IRQHandler                          0x0800026f   Thumb Code     0  startup_stm32f407xx.o(.text)
    __user_initial_stackheap                 0x08000271   Thumb Code     0  startup_stm32f407xx.o(.text)
    __aeabi_uldivmod                         0x08000295   Thumb Code     0  lludivv7m.o(.text)
    _ll_udiv                                 0x08000295   Thumb Code   240  lludivv7m.o(.text)
    __aeabi_memclr4                          0x08000385   Thumb Code     0  rt_memclr_w.o(.text)
    __aeabi_memclr8                          0x08000385   Thumb Code     0  rt_memclr_w.o(.text)
    __rt_memclr_w                            0x08000385   Thumb Code     0  rt_memclr_w.o(.text)
    _memset_w                                0x08000389   Thumb Code    74  rt_memclr_w.o(.text)
    __use_two_region_memory                  0x080003d3   Thumb Code     2  heapauxi.o(.text)
    __rt_heap_escrow$2region                 0x080003d5   Thumb Code     2  heapauxi.o(.text)
    __rt_heap_expand$2region                 0x080003d7   Thumb Code     2  heapauxi.o(.text)
    _sys_exit                                0x080003d9   Thumb Code     8  sys_exit.o(.text)
    __I$use$semihosting                      0x080003e5   Thumb Code     0  use_no_semi.o(.text)
    __use_no_semihosting_swi                 0x080003e5   Thumb Code     2  use_no_semi.o(.text)
    __semihosting_library_function           0x080003e7   Thumb Code     0  indicate_semi.o(.text)
    __user_setup_stackheap                   0x080003e7   Thumb Code    74  sys_stackheap_outer.o(.text)
    exit                                     0x08000431   Thumb Code    18  exit.o(.text)
    __user_libspace                          0x08000445   Thumb Code     8  libspace.o(.text)
    __user_perproc_libspace                  0x08000445   Thumb Code     0  libspace.o(.text)
    __user_perthread_libspace                0x08000445   Thumb Code     0  libspace.o(.text)
    BusFault_Handler                         0x0800044d   Thumb Code     2  stm32f4xx_it.o(.text.BusFault_Handler)
    DMA1_Stream1_IRQHandler                  0x08000451   Thumb Code    12  stm32f4xx_it.o(.text.DMA1_Stream1_IRQHandler)
    DMA1_Stream2_IRQHandler                  0x0800045d   Thumb Code    12  stm32f4xx_it.o(.text.DMA1_Stream2_IRQHandler)
    DMA1_Stream3_IRQHandler                  0x08000469   Thumb Code    12  stm32f4xx_it.o(.text.DMA1_Stream3_IRQHandler)
    DMA1_Stream4_IRQHandler                  0x08000475   Thumb Code    12  stm32f4xx_it.o(.text.DMA1_Stream4_IRQHandler)
    DMA1_Stream5_IRQHandler                  0x08000481   Thumb Code    12  stm32f4xx_it.o(.text.DMA1_Stream5_IRQHandler)
    DMA1_Stream6_IRQHandler                  0x0800048d   Thumb Code    12  stm32f4xx_it.o(.text.DMA1_Stream6_IRQHandler)
    DMA2_Stream2_IRQHandler                  0x08000499   Thumb Code    12  stm32f4xx_it.o(.text.DMA2_Stream2_IRQHandler)
    DMA2_Stream7_IRQHandler                  0x080004a5   Thumb Code    12  stm32f4xx_it.o(.text.DMA2_Stream7_IRQHandler)
    DebugMon_Handler                         0x080004b1   Thumb Code     2  stm32f4xx_it.o(.text.DebugMon_Handler)
    Error_Handler                            0x080004b5   Thumb Code     6  main.o(.text.Error_Handler)
    HAL_DMA_Abort                            0x080004bd   Thumb Code   128  stm32f4xx_hal_dma.o(.text.HAL_DMA_Abort)
    HAL_DMA_Abort_IT                         0x0800053d   Thumb Code    36  stm32f4xx_hal_dma.o(.text.HAL_DMA_Abort_IT)
    HAL_DMA_IRQHandler                       0x08000561   Thumb Code   392  stm32f4xx_hal_dma.o(.text.HAL_DMA_IRQHandler)
    HAL_DMA_Init                             0x080006e9   Thumb Code   318  stm32f4xx_hal_dma.o(.text.HAL_DMA_Init)
    HAL_GPIO_Init                            0x08000829   Thumb Code   404  stm32f4xx_hal_gpio.o(.text.HAL_GPIO_Init)
    HAL_GetTick                              0x080009bd   Thumb Code    12  stm32f4xx_hal.o(.text.HAL_GetTick)
    HAL_IncTick                              0x080009c9   Thumb Code    26  stm32f4xx_hal.o(.text.HAL_IncTick)
    HAL_Init                                 0x080009e5   Thumb Code    54  stm32f4xx_hal.o(.text.HAL_Init)
    HAL_InitTick                             0x08000a1d   Thumb Code    80  stm32f4xx_hal.o(.text.HAL_InitTick)
    HAL_MspInit                              0x08000a6d   Thumb Code    66  stm32f4xx_hal_msp.o(.text.HAL_MspInit)
    HAL_NVIC_EnableIRQ                       0x08000ab1   Thumb Code    34  stm32f4xx_hal_cortex.o(.text.HAL_NVIC_EnableIRQ)
    HAL_NVIC_SetPriority                     0x08000ad5   Thumb Code    86  stm32f4xx_hal_cortex.o(.text.HAL_NVIC_SetPriority)
    HAL_NVIC_SetPriorityGrouping             0x08000b2d   Thumb Code    32  stm32f4xx_hal_cortex.o(.text.HAL_NVIC_SetPriorityGrouping)
    HAL_RCC_ClockConfig                      0x08000b4d   Thumb Code   352  stm32f4xx_hal_rcc.o(.text.HAL_RCC_ClockConfig)
    HAL_RCC_GetPCLK1Freq                     0x08000cad   Thumb Code    38  stm32f4xx_hal_rcc.o(.text.HAL_RCC_GetPCLK1Freq)
    HAL_RCC_GetPCLK2Freq                     0x08000cd5   Thumb Code    38  stm32f4xx_hal_rcc.o(.text.HAL_RCC_GetPCLK2Freq)
    HAL_RCC_GetSysClockFreq                  0x08000cfd   Thumb Code   104  stm32f4xx_hal_rcc.o(.text.HAL_RCC_GetSysClockFreq)
    HAL_RCC_OscConfig                        0x08000d65   Thumb Code   860  stm32f4xx_hal_rcc.o(.text.HAL_RCC_OscConfig)
    HAL_SYSTICK_Config                       0x080010c1   Thumb Code    44  stm32f4xx_hal_cortex.o(.text.HAL_SYSTICK_Config)
    HAL_UARTEx_RxEventCallback               0x080010ed   Thumb Code     2  stm32f4xx_hal_uart.o(.text.HAL_UARTEx_RxEventCallback)
    HAL_UART_ErrorCallback                   0x080010f1   Thumb Code     2  stm32f4xx_hal_uart.o(.text.HAL_UART_ErrorCallback)
    HAL_UART_IRQHandler                      0x080010f5   Thumb Code   770  stm32f4xx_hal_uart.o(.text.HAL_UART_IRQHandler)
    HAL_UART_Init                            0x080013f9   Thumb Code    96  stm32f4xx_hal_uart.o(.text.HAL_UART_Init)
    HAL_UART_MspInit                         0x08001459   Thumb Code   938  usart.o(.text.HAL_UART_MspInit)
    HAL_UART_Receive_IT                      0x08001805   Thumb Code    84  stm32f4xx_hal_uart.o(.text.HAL_UART_Receive_IT)
    HAL_UART_RxCpltCallback                  0x08001859   Thumb Code    84  hwt605_modbus.o(.text.HAL_UART_RxCpltCallback)
    HAL_UART_Transmit                        0x080018ad   Thumb Code   244  stm32f4xx_hal_uart.o(.text.HAL_UART_Transmit)
    HAL_UART_TxCpltCallback                  0x080019a1   Thumb Code     2  stm32f4xx_hal_uart.o(.text.HAL_UART_TxCpltCallback)
    HardFault_Handler                        0x080019a5   Thumb Code     2  stm32f4xx_it.o(.text.HardFault_Handler)
    MX_DMA_Init                              0x080019a9   Thumb Code   188  dma.o(.text.MX_DMA_Init)
    MX_FREERTOS_Init                         0x08001a65   Thumb Code    92  freertos.o(.text.MX_FREERTOS_Init)
    MX_GPIO_Init                             0x08001af9   Thumb Code    76  gpio.o(.text.MX_GPIO_Init)
    MX_UART4_Init                            0x08001b45   Thumb Code    60  usart.o(.text.MX_UART4_Init)
    MX_USART1_UART_Init                      0x08001b81   Thumb Code    60  usart.o(.text.MX_USART1_UART_Init)
    MX_USART2_UART_Init                      0x08001bbd   Thumb Code    60  usart.o(.text.MX_USART2_UART_Init)
    MX_USART3_UART_Init                      0x08001bf9   Thumb Code    60  usart.o(.text.MX_USART3_UART_Init)
    MemManage_Handler                        0x08001c35   Thumb Code     2  stm32f4xx_it.o(.text.MemManage_Handler)
    NMI_Handler                              0x08001c39   Thumb Code     2  stm32f4xx_it.o(.text.NMI_Handler)
    PendSV_Handler                           0x08001c41   Thumb Code   100  port.o(.text.PendSV_Handler)
    Receive_IMU_Data                         0x08001ca5   Thumb Code   356  hwt605_modbus.o(.text.Receive_IMU_Data)
    SVC_Handler                              0x08001e11   Thumb Code    36  port.o(.text.SVC_Handler)
    StartDefaultTask                         0x08001e35   Thumb Code     8  freertos.o(.text.StartDefaultTask)
    SysTick_Handler                          0x08001e3d   Thumb Code    24  stm32f4xx_it.o(.text.SysTick_Handler)
    SystemClock_Config                       0x08001e55   Thumb Code   170  main.o(.text.SystemClock_Config)
    SystemInit                               0x08001f01   Thumb Code    18  system_stm32f4xx.o(.text.SystemInit)
    UART4_IRQHandler                         0x08001f15   Thumb Code    12  stm32f4xx_it.o(.text.UART4_IRQHandler)
    USART1_IRQHandler                        0x080020cd   Thumb Code    12  stm32f4xx_it.o(.text.USART1_IRQHandler)
    USART2_IRQHandler                        0x080020d9   Thumb Code    12  stm32f4xx_it.o(.text.USART2_IRQHandler)
    USART3_IRQHandler                        0x080020e5   Thumb Code    36  hwt605_modbus.o(.text.USART3_IRQHandler)
    UsageFault_Handler                       0x08002109   Thumb Code     2  stm32f4xx_it.o(.text.UsageFault_Handler)
    get_imu_date                             0x0800210d   Thumb Code   106  hwt605_modbus.o(.text.get_imu_date)
    main                                     0x08002179   Thumb Code    46  main.o(.text.main)
    osDelay                                  0x080021a9   Thumb Code    16  cmsis_os.o(.text.osDelay)
    osKernelStart                            0x080021b9   Thumb Code    10  cmsis_os.o(.text.osKernelStart)
    osThreadCreate                           0x080021c5   Thumb Code    94  cmsis_os.o(.text.osThreadCreate)
    pvPortMalloc                             0x08002435   Thumb Code   412  heap_4.o(.text.pvPortMalloc)
    pxPortInitialiseStack                    0x080025d1   Thumb Code    36  port.o(.text.pxPortInitialiseStack)
    startup_main                             0x080025f5   Thumb Code    22  startup_main.o(.text.startup_main)
    uxListRemove                             0x0800260d   Thumb Code    36  list.o(.text.uxListRemove)
    vApplicationGetIdleTaskMemory            0x08002631   Thumb Code    26  freertos.o(.text.vApplicationGetIdleTaskMemory)
    vListInitialise                          0x0800264d   Thumb Code    22  list.o(.text.vListInitialise)
    vListInitialiseItem                      0x08002665   Thumb Code     6  list.o(.text.vListInitialiseItem)
    vListInsert                              0x0800266d   Thumb Code    58  list.o(.text.vListInsert)
    vListInsertEnd                           0x080026a9   Thumb Code    28  list.o(.text.vListInsertEnd)
    vPortEnterCritical                       0x080026d9   Thumb Code    70  port.o(.text.vPortEnterCritical)
    vPortExitCritical                        0x08002721   Thumb Code    46  port.o(.text.vPortExitCritical)
    vPortFree                                0x08002751   Thumb Code   214  heap_4.o(.text.vPortFree)
    vPortSetupTimerInterrupt                 0x08002829   Thumb Code    52  port.o(.text.vPortSetupTimerInterrupt)
    vTaskDelay                               0x0800285d   Thumb Code   196  tasks.o(.text.vTaskDelay)
    vTaskStartScheduler                      0x08002921   Thumb Code   120  tasks.o(.text.vTaskStartScheduler)
    vTaskSuspendAll                          0x080029a1   Thumb Code    16  tasks.o(.text.vTaskSuspendAll)
    vTaskSwitchContext                       0x080029b1   Thumb Code   134  tasks.o(.text.vTaskSwitchContext)
    xPortStartScheduler                      0x08002a39   Thumb Code   302  port.o(.text.xPortStartScheduler)
    xPortSysTickHandler                      0x08002b69   Thumb Code    46  port.o(.text.xPortSysTickHandler)
    xTaskCreate                              0x08002b99   Thumb Code   188  tasks.o(.text.xTaskCreate)
    xTaskCreateStatic                        0x08002c55   Thumb Code   236  tasks.o(.text.xTaskCreateStatic)
    xTaskGetSchedulerState                   0x08002d41   Thumb Code    38  tasks.o(.text.xTaskGetSchedulerState)
    xTaskIncrementTick                       0x08002d69   Thumb Code   384  tasks.o(.text.xTaskIncrementTick)
    xTaskResumeAll                           0x08002ee9   Thumb Code   312  tasks.o(.text.xTaskResumeAll)
    _fp_init                                 0x08003021   Thumb Code    26  fpinit.o(x$fpl$fpinit)
    __fplib_config_fpu_vfp                   0x08003039   Thumb Code     0  fpinit.o(x$fpl$fpinit)
    __fplib_config_pureend_doubles           0x08003039   Thumb Code     0  fpinit.o(x$fpl$fpinit)
    AHBPrescTable                            0x0800303a   Data          16  system_stm32f4xx.o(.rodata.AHBPrescTable)
    APBPrescTable                            0x0800304a   Data           8  system_stm32f4xx.o(.rodata.APBPrescTable)
    Region$$Table$$Base                      0x08003274   Number         0  anon$$obj.o(Region$$Table)
    Region$$Table$$Limit                     0x08003294   Number         0  anon$$obj.o(Region$$Table)
    SystemCoreClock                          0x20000000   Data           4  system_stm32f4xx.o(.data.SystemCoreClock)
    uwTickFreq                               0x20000004   Data           1  stm32f4xx_hal.o(.data.uwTickFreq)
    uwTickPrio                               0x20000008   Data           4  stm32f4xx_hal.o(.data.uwTickPrio)
    __libspace_start                         0x20000010   Data          96  libspace.o(.bss)
    Get_IMU_DateHandle                       0x20000070   Data           4  freertos.o(.bss.Get_IMU_DateHandle)
    __temporary_stack_top$libspace           0x20000070   Data           0  libspace.o(.bss)
    a                                        0x200001a4   Data          44  hwt605_modbus.o(.bss.a)
    b                                        0x200001d0   Data           4  hwt605_modbus.o(.bss.b)
    c                                        0x200001d4   Data           2  hwt605_modbus.o(.bss.c)
    defaultTaskHandle                        0x200001d8   Data           4  freertos.o(.bss.defaultTaskHandle)
    hdma_uart4_rx                            0x200001dc   Data          96  usart.o(.bss.hdma_uart4_rx)
    hdma_uart4_tx                            0x2000023c   Data          96  usart.o(.bss.hdma_uart4_tx)
    hdma_usart1_rx                           0x2000029c   Data          96  usart.o(.bss.hdma_usart1_rx)
    hdma_usart1_tx                           0x200002fc   Data          96  usart.o(.bss.hdma_usart1_tx)
    hdma_usart2_rx                           0x2000035c   Data          96  usart.o(.bss.hdma_usart2_rx)
    hdma_usart2_tx                           0x200003bc   Data          96  usart.o(.bss.hdma_usart2_tx)
    hdma_usart3_rx                           0x2000041c   Data          96  usart.o(.bss.hdma_usart3_rx)
    hdma_usart3_tx                           0x2000047c   Data          96  usart.o(.bss.hdma_usart3_tx)
    huart1                                   0x200004dc   Data          72  usart.o(.bss.huart1)
    huart2                                   0x20000524   Data          72  usart.o(.bss.huart2)
    huart3                                   0x2000056c   Data          72  usart.o(.bss.huart3)
    huart4                                   0x200005b4   Data          72  usart.o(.bss.huart4)
    hwt605buf                                0x200005fc   Data           1  hwt605_modbus.o(.bss.hwt605buf)
    imu                                      0x20000600   Data          68  hwt605_modbus.o(.bss.imu)
    pxCurrentTCB                             0x20000644   Data           4  tasks.o(.bss.pxCurrentTCB)
    uwTick                                   0x200042e8   Data           4  stm32f4xx_hal.o(.bss.uwTick)



==============================================================================

Memory Map of the image

  Image Entry point : 0x08000189

  Load Region LR_IROM1 (Base: 0x08000000, Size: 0x000032a8, Max: 0x00080000, ABSOLUTE)

    Execution Region ER_IROM1 (Exec base: 0x08000000, Load base: 0x08000000, Size: 0x00003294, Max: 0x00080000, ABSOLUTE)

    Exec Addr    Load Addr    Size         Type   Attr      Idx    E Section Name        Object

    0x08000000   0x08000000   0x00000188   Data   RO            3    RESET               startup_stm32f407xx.o
    0x08000188   0x08000188   0x00000008   Code   RO         1200  * !!!main             c_w.l(__main.o)
    0x08000190   0x08000190   0x0000005c   Code   RO         1501    !!!scatter          c_w.l(__scatter.o)
    0x080001ec   0x080001ec   0x0000001a   Code   RO         1505    !!handler_copy      c_w.l(__scatter_copy.o)
    0x08000206   0x08000206   0x00000002   PAD
    0x08000208   0x08000208   0x00000002   Code   RO         1502    !!handler_null      c_w.l(__scatter.o)
    0x0800020a   0x0800020a   0x00000002   PAD
    0x0800020c   0x0800020c   0x0000001c   Code   RO         1507    !!handler_zi        c_w.l(__scatter_zi.o)
    0x08000228   0x08000228   0x00000002   Code   RO         1376    .ARM.Collect$$libinit$$00000000  c_w.l(libinit.o)
    0x0800022a   0x0800022a   0x00000004   Code   RO         1388    .ARM.Collect$$libinit$$00000001  c_w.l(libinit2.o)
    0x0800022e   0x0800022e   0x00000000   Code   RO         1391    .ARM.Collect$$libinit$$00000004  c_w.l(libinit2.o)
    0x0800022e   0x0800022e   0x00000000   Code   RO         1393    .ARM.Collect$$libinit$$00000006  c_w.l(libinit2.o)
    0x0800022e   0x0800022e   0x00000000   Code   RO         1396    .ARM.Collect$$libinit$$0000000C  c_w.l(libinit2.o)
    0x0800022e   0x0800022e   0x00000000   Code   RO         1398    .ARM.Collect$$libinit$$0000000E  c_w.l(libinit2.o)
    0x0800022e   0x0800022e   0x00000000   Code   RO         1400    .ARM.Collect$$libinit$$00000010  c_w.l(libinit2.o)
    0x0800022e   0x0800022e   0x00000000   Code   RO         1403    .ARM.Collect$$libinit$$00000013  c_w.l(libinit2.o)
    0x0800022e   0x0800022e   0x00000000   Code   RO         1405    .ARM.Collect$$libinit$$00000015  c_w.l(libinit2.o)
    0x0800022e   0x0800022e   0x00000000   Code   RO         1407    .ARM.Collect$$libinit$$00000017  c_w.l(libinit2.o)
    0x0800022e   0x0800022e   0x00000000   Code   RO         1409    .ARM.Collect$$libinit$$00000019  c_w.l(libinit2.o)
    0x0800022e   0x0800022e   0x00000000   Code   RO         1411    .ARM.Collect$$libinit$$0000001B  c_w.l(libinit2.o)
    0x0800022e   0x0800022e   0x00000000   Code   RO         1413    .ARM.Collect$$libinit$$0000001D  c_w.l(libinit2.o)
    0x0800022e   0x0800022e   0x00000000   Code   RO         1415    .ARM.Collect$$libinit$$0000001F  c_w.l(libinit2.o)
    0x0800022e   0x0800022e   0x00000000   Code   RO         1417    .ARM.Collect$$libinit$$00000021  c_w.l(libinit2.o)
    0x0800022e   0x0800022e   0x00000000   Code   RO         1419    .ARM.Collect$$libinit$$00000023  c_w.l(libinit2.o)
    0x0800022e   0x0800022e   0x00000000   Code   RO         1421    .ARM.Collect$$libinit$$00000025  c_w.l(libinit2.o)
    0x0800022e   0x0800022e   0x00000000   Code   RO         1423    .ARM.Collect$$libinit$$00000027  c_w.l(libinit2.o)
    0x0800022e   0x0800022e   0x00000000   Code   RO         1427    .ARM.Collect$$libinit$$0000002E  c_w.l(libinit2.o)
    0x0800022e   0x0800022e   0x00000000   Code   RO         1429    .ARM.Collect$$libinit$$00000030  c_w.l(libinit2.o)
    0x0800022e   0x0800022e   0x00000000   Code   RO         1431    .ARM.Collect$$libinit$$00000032  c_w.l(libinit2.o)
    0x0800022e   0x0800022e   0x00000000   Code   RO         1433    .ARM.Collect$$libinit$$00000034  c_w.l(libinit2.o)
    0x0800022e   0x0800022e   0x00000002   Code   RO         1434    .ARM.Collect$$libinit$$00000035  c_w.l(libinit2.o)
    0x08000230   0x08000230   0x00000002   Code   RO         1472    .ARM.Collect$$libshutdown$$00000000  c_w.l(libshutdown.o)
    0x08000232   0x08000232   0x00000000   Code   RO         1484    .ARM.Collect$$libshutdown$$00000002  c_w.l(libshutdown2.o)
    0x08000232   0x08000232   0x00000000   Code   RO         1486    .ARM.Collect$$libshutdown$$00000004  c_w.l(libshutdown2.o)
    0x08000232   0x08000232   0x00000000   Code   RO         1489    .ARM.Collect$$libshutdown$$00000007  c_w.l(libshutdown2.o)
    0x08000232   0x08000232   0x00000000   Code   RO         1492    .ARM.Collect$$libshutdown$$0000000A  c_w.l(libshutdown2.o)
    0x08000232   0x08000232   0x00000000   Code   RO         1494    .ARM.Collect$$libshutdown$$0000000C  c_w.l(libshutdown2.o)
    0x08000232   0x08000232   0x00000000   Code   RO         1497    .ARM.Collect$$libshutdown$$0000000F  c_w.l(libshutdown2.o)
    0x08000232   0x08000232   0x00000002   Code   RO         1498    .ARM.Collect$$libshutdown$$00000010  c_w.l(libshutdown2.o)
    0x08000234   0x08000234   0x00000000   Code   RO         1242    .ARM.Collect$$rtentry$$00000000  c_w.l(__rtentry.o)
    0x08000234   0x08000234   0x00000000   Code   RO         1333    .ARM.Collect$$rtentry$$00000002  c_w.l(__rtentry2.o)
    0x08000234   0x08000234   0x00000006   Code   RO         1345    .ARM.Collect$$rtentry$$00000004  c_w.l(__rtentry4.o)
    0x0800023a   0x0800023a   0x00000000   Code   RO         1335    .ARM.Collect$$rtentry$$00000009  c_w.l(__rtentry2.o)
    0x0800023a   0x0800023a   0x00000004   Code   RO         1336    .ARM.Collect$$rtentry$$0000000A  c_w.l(__rtentry2.o)
    0x0800023e   0x0800023e   0x00000000   Code   RO         1338    .ARM.Collect$$rtentry$$0000000C  c_w.l(__rtentry2.o)
    0x0800023e   0x0800023e   0x00000008   Code   RO         1339    .ARM.Collect$$rtentry$$0000000D  c_w.l(__rtentry2.o)
    0x08000246   0x08000246   0x00000002   Code   RO         1380    .ARM.Collect$$rtexit$$00000000  c_w.l(rtexit.o)
    0x08000248   0x08000248   0x00000000   Code   RO         1440    .ARM.Collect$$rtexit$$00000002  c_w.l(rtexit2.o)
    0x08000248   0x08000248   0x00000004   Code   RO         1441    .ARM.Collect$$rtexit$$00000003  c_w.l(rtexit2.o)
    0x0800024c   0x0800024c   0x00000006   Code   RO         1442    .ARM.Collect$$rtexit$$00000004  c_w.l(rtexit2.o)
    0x08000252   0x08000252   0x00000002   PAD
    0x08000254   0x08000254   0x00000040   Code   RO            4    .text               startup_stm32f407xx.o
    0x08000294   0x08000294   0x000000f0   Code   RO         1190    .text               c_w.l(lludivv7m.o)
    0x08000384   0x08000384   0x0000004e   Code   RO         1196    .text               c_w.l(rt_memclr_w.o)
    0x080003d2   0x080003d2   0x00000006   Code   RO         1198    .text               c_w.l(heapauxi.o)
    0x080003d8   0x080003d8   0x0000000c   Code   RO         1328    .text               c_w.l(sys_exit.o)
    0x080003e4   0x080003e4   0x00000002   Code   RO         1354    .text               c_w.l(use_no_semi.o)
    0x080003e6   0x080003e6   0x00000000   Code   RO         1356    .text               c_w.l(indicate_semi.o)
    0x080003e6   0x080003e6   0x0000004a   Code   RO         1357    .text               c_w.l(sys_stackheap_outer.o)
    0x08000430   0x08000430   0x00000012   Code   RO         1361    .text               c_w.l(exit.o)
    0x08000442   0x08000442   0x00000002   PAD
    0x08000444   0x08000444   0x00000008   Code   RO         1377    .text               c_w.l(libspace.o)
    0x0800044c   0x0800044c   0x00000002   Code   RO           78    .text.BusFault_Handler  stm32f4xx_it.o
    0x0800044e   0x0800044e   0x00000002   PAD
    0x08000450   0x08000450   0x0000000c   Code   RO           86    .text.DMA1_Stream1_IRQHandler  stm32f4xx_it.o
    0x0800045c   0x0800045c   0x0000000c   Code   RO           88    .text.DMA1_Stream2_IRQHandler  stm32f4xx_it.o
    0x08000468   0x08000468   0x0000000c   Code   RO           90    .text.DMA1_Stream3_IRQHandler  stm32f4xx_it.o
    0x08000474   0x08000474   0x0000000c   Code   RO           92    .text.DMA1_Stream4_IRQHandler  stm32f4xx_it.o
    0x08000480   0x08000480   0x0000000c   Code   RO           94    .text.DMA1_Stream5_IRQHandler  stm32f4xx_it.o
    0x0800048c   0x0800048c   0x0000000c   Code   RO           96    .text.DMA1_Stream6_IRQHandler  stm32f4xx_it.o
    0x08000498   0x08000498   0x0000000c   Code   RO          106    .text.DMA2_Stream2_IRQHandler  stm32f4xx_it.o
    0x080004a4   0x080004a4   0x0000000c   Code   RO          108    .text.DMA2_Stream7_IRQHandler  stm32f4xx_it.o
    0x080004b0   0x080004b0   0x00000002   Code   RO           82    .text.DebugMon_Handler  stm32f4xx_it.o
    0x080004b2   0x080004b2   0x00000002   PAD
    0x080004b4   0x080004b4   0x00000006   Code   RO           53    .text.Error_Handler  main.o
    0x080004ba   0x080004ba   0x00000002   PAD
    0x080004bc   0x080004bc   0x00000080   Code   RO          289    .text.HAL_DMA_Abort  stm32f4xx_hal_dma.o
    0x0800053c   0x0800053c   0x00000024   Code   RO          291    .text.HAL_DMA_Abort_IT  stm32f4xx_hal_dma.o
    0x08000560   0x08000560   0x00000188   Code   RO          295    .text.HAL_DMA_IRQHandler  stm32f4xx_hal_dma.o
    0x080006e8   0x080006e8   0x0000013e   Code   RO          281    .text.HAL_DMA_Init  stm32f4xx_hal_dma.o
    0x08000826   0x08000826   0x00000002   PAD
    0x08000828   0x08000828   0x00000194   Code   RO          408    .text.HAL_GPIO_Init  stm32f4xx_hal_gpio.o
    0x080009bc   0x080009bc   0x0000000c   Code   RO          176    .text.HAL_GetTick   stm32f4xx_hal.o
    0x080009c8   0x080009c8   0x0000001a   Code   RO          174    .text.HAL_IncTick   stm32f4xx_hal.o
    0x080009e2   0x080009e2   0x00000002   PAD
    0x080009e4   0x080009e4   0x00000036   Code   RO          164    .text.HAL_Init      stm32f4xx_hal.o
    0x08000a1a   0x08000a1a   0x00000002   PAD
    0x08000a1c   0x08000a1c   0x00000050   Code   RO          166    .text.HAL_InitTick  stm32f4xx_hal.o
    0x08000a6c   0x08000a6c   0x00000042   Code   RO           63    .text.HAL_MspInit   stm32f4xx_hal_msp.o
    0x08000aae   0x08000aae   0x00000002   PAD
    0x08000ab0   0x08000ab0   0x00000022   Code   RO          233    .text.HAL_NVIC_EnableIRQ  stm32f4xx_hal_cortex.o
    0x08000ad2   0x08000ad2   0x00000002   PAD
    0x08000ad4   0x08000ad4   0x00000056   Code   RO          231    .text.HAL_NVIC_SetPriority  stm32f4xx_hal_cortex.o
    0x08000b2a   0x08000b2a   0x00000002   PAD
    0x08000b2c   0x08000b2c   0x00000020   Code   RO          229    .text.HAL_NVIC_SetPriorityGrouping  stm32f4xx_hal_cortex.o
    0x08000b4c   0x08000b4c   0x00000160   Code   RO          498    .text.HAL_RCC_ClockConfig  stm32f4xx_hal_rcc.o
    0x08000cac   0x08000cac   0x00000026   Code   RO          510    .text.HAL_RCC_GetPCLK1Freq  stm32f4xx_hal_rcc.o
    0x08000cd2   0x08000cd2   0x00000002   PAD
    0x08000cd4   0x08000cd4   0x00000026   Code   RO          512    .text.HAL_RCC_GetPCLK2Freq  stm32f4xx_hal_rcc.o
    0x08000cfa   0x08000cfa   0x00000002   PAD
    0x08000cfc   0x08000cfc   0x00000068   Code   RO          500    .text.HAL_RCC_GetSysClockFreq  stm32f4xx_hal_rcc.o
    0x08000d64   0x08000d64   0x0000035c   Code   RO          496    .text.HAL_RCC_OscConfig  stm32f4xx_hal_rcc.o
    0x080010c0   0x080010c0   0x0000002c   Code   RO          241    .text.HAL_SYSTICK_Config  stm32f4xx_hal_cortex.o
    0x080010ec   0x080010ec   0x00000002   Code   RO          638    .text.HAL_UARTEx_RxEventCallback  stm32f4xx_hal_uart.o
    0x080010ee   0x080010ee   0x00000002   PAD
    0x080010f0   0x080010f0   0x00000002   Code   RO          636    .text.HAL_UART_ErrorCallback  stm32f4xx_hal_uart.o
    0x080010f2   0x080010f2   0x00000002   PAD
    0x080010f4   0x080010f4   0x00000302   Code   RO          630    .text.HAL_UART_IRQHandler  stm32f4xx_hal_uart.o
    0x080013f6   0x080013f6   0x00000002   PAD
    0x080013f8   0x080013f8   0x00000060   Code   RO          552    .text.HAL_UART_Init  stm32f4xx_hal_uart.o
    0x08001458   0x08001458   0x000003aa   Code   RO          140    .text.HAL_UART_MspInit  usart.o
    0x08001802   0x08001802   0x00000002   PAD
    0x08001804   0x08001804   0x00000054   Code   RO          574    .text.HAL_UART_Receive_IT  stm32f4xx_hal_uart.o
    0x08001858   0x08001858   0x00000054   Code   RO         1129    .text.HAL_UART_RxCpltCallback  hwt605_modbus.o
    0x080018ac   0x080018ac   0x000000f4   Code   RO          568    .text.HAL_UART_Transmit  stm32f4xx_hal_uart.o
    0x080019a0   0x080019a0   0x00000002   Code   RO          640    .text.HAL_UART_TxCpltCallback  stm32f4xx_hal_uart.o
    0x080019a2   0x080019a2   0x00000002   PAD
    0x080019a4   0x080019a4   0x00000002   Code   RO           74    .text.HardFault_Handler  stm32f4xx_it.o
    0x080019a6   0x080019a6   0x00000002   PAD
    0x080019a8   0x080019a8   0x000000bc   Code   RO           11    .text.MX_DMA_Init   dma.o
    0x08001a64   0x08001a64   0x00000094   Code   RO           22    .text.MX_FREERTOS_Init  freertos.o
    0x08001af8   0x08001af8   0x0000004c   Code   RO           41    .text.MX_GPIO_Init  gpio.o
    0x08001b44   0x08001b44   0x0000003c   Code   RO          132    .text.MX_UART4_Init  usart.o
    0x08001b80   0x08001b80   0x0000003c   Code   RO          134    .text.MX_USART1_UART_Init  usart.o
    0x08001bbc   0x08001bbc   0x0000003c   Code   RO          136    .text.MX_USART2_UART_Init  usart.o
    0x08001bf8   0x08001bf8   0x0000003c   Code   RO          138    .text.MX_USART3_UART_Init  usart.o
    0x08001c34   0x08001c34   0x00000002   Code   RO           76    .text.MemManage_Handler  stm32f4xx_it.o
    0x08001c36   0x08001c36   0x00000002   PAD
    0x08001c38   0x08001c38   0x00000002   Code   RO           72    .text.NMI_Handler   stm32f4xx_it.o
    0x08001c3a   0x08001c3a   0x00000006   PAD
    0x08001c40   0x08001c40   0x00000064   Code   RO          883    .text.PendSV_Handler  port.o
    0x08001ca4   0x08001ca4   0x0000016c   Code   RO         1131    .text.Receive_IMU_Data  hwt605_modbus.o
    0x08001e10   0x08001e10   0x00000024   Code   RO          867    .text.SVC_Handler   port.o
    0x08001e34   0x08001e34   0x00000008   Code   RO           24    .text.StartDefaultTask  freertos.o
    0x08001e3c   0x08001e3c   0x00000018   Code   RO           84    .text.SysTick_Handler  stm32f4xx_it.o
    0x08001e54   0x08001e54   0x000000aa   Code   RO           51    .text.SystemClock_Config  main.o
    0x08001efe   0x08001efe   0x00000002   PAD
    0x08001f00   0x08001f00   0x00000012   Code   RO          117    .text.SystemInit    system_stm32f4xx.o
    0x08001f12   0x08001f12   0x00000002   PAD
    0x08001f14   0x08001f14   0x0000000c   Code   RO          104    .text.UART4_IRQHandler  stm32f4xx_it.o
    0x08001f20   0x08001f20   0x0000000c   Code   RO          634    .text.UART_DMAAbortOnError  stm32f4xx_hal_uart.o
    0x08001f2c   0x08001f2c   0x000000c0   Code   RO          632    .text.UART_Receive_IT  stm32f4xx_hal_uart.o
    0x08001fec   0x08001fec   0x000000de   Code   RO          556    .text.UART_SetConfig  stm32f4xx_hal_uart.o
    0x080020ca   0x080020ca   0x00000002   PAD
    0x080020cc   0x080020cc   0x0000000c   Code   RO           98    .text.USART1_IRQHandler  stm32f4xx_it.o
    0x080020d8   0x080020d8   0x0000000c   Code   RO          100    .text.USART2_IRQHandler  stm32f4xx_it.o
    0x080020e4   0x080020e4   0x00000024   Code   RO         1143    .text.USART3_IRQHandler  hwt605_modbus.o
    0x08002108   0x08002108   0x00000002   Code   RO           80    .text.UsageFault_Handler  stm32f4xx_it.o
    0x0800210a   0x0800210a   0x00000002   PAD
    0x0800210c   0x0800210c   0x0000006a   Code   RO         1133    .text.get_imu_date  hwt605_modbus.o
    0x08002176   0x08002176   0x00000002   PAD
    0x08002178   0x08002178   0x0000002e   Code   RO           49    .text.main          main.o
    0x080021a6   0x080021a6   0x00000002   PAD
    0x080021a8   0x080021a8   0x00000010   Code   RO          692    .text.osDelay       cmsis_os.o
    0x080021b8   0x080021b8   0x0000000a   Code   RO          674    .text.osKernelStart  cmsis_os.o
    0x080021c2   0x080021c2   0x00000002   PAD
    0x080021c4   0x080021c4   0x0000005e   Code   RO          680    .text.osThreadCreate  cmsis_os.o
    0x08002222   0x08002222   0x00000002   PAD
    0x08002224   0x08002224   0x0000011a   Code   RO         1001    .text.prvAddNewTaskToReadyList  tasks.o
    0x0800233e   0x0800233e   0x00000002   PAD
    0x08002340   0x08002340   0x00000096   Code   RO         1031    .text.prvIdleTask   tasks.o
    0x080023d6   0x080023d6   0x00000002   PAD
    0x080023d8   0x080023d8   0x00000028   Code   RO          875    .text.prvPortStartFirstTask  port.o
    0x08002400   0x08002400   0x00000032   Code   RO          865    .text.prvTaskExitError  port.o
    0x08002432   0x08002432   0x00000002   PAD
    0x08002434   0x08002434   0x0000019c   Code   RO          835    .text.pvPortMalloc  heap_4.o
    0x080025d0   0x080025d0   0x00000024   Code   RO          863    .text.pxPortInitialiseStack  port.o
    0x080025f4   0x080025f4   0x00000016   Code   RO         1121    .text.startup_main  startup_main.o
    0x0800260a   0x0800260a   0x00000002   PAD
    0x0800260c   0x0800260c   0x00000024   Code   RO          825    .text.uxListRemove  list.o
    0x08002630   0x08002630   0x0000001a   Code   RO           20    .text.vApplicationGetIdleTaskMemory  freertos.o
    0x0800264a   0x0800264a   0x00000002   PAD
    0x0800264c   0x0800264c   0x00000016   Code   RO          817    .text.vListInitialise  list.o
    0x08002662   0x08002662   0x00000002   PAD
    0x08002664   0x08002664   0x00000006   Code   RO          819    .text.vListInitialiseItem  list.o
    0x0800266a   0x0800266a   0x00000002   PAD
    0x0800266c   0x0800266c   0x0000003a   Code   RO          823    .text.vListInsert   list.o
    0x080026a6   0x080026a6   0x00000002   PAD
    0x080026a8   0x080026a8   0x0000001c   Code   RO          821    .text.vListInsertEnd  list.o
    0x080026c4   0x080026c4   0x00000014   Code   RO          873    .text.vPortEnableVFP  port.o
    0x080026d8   0x080026d8   0x00000046   Code   RO          879    .text.vPortEnterCritical  port.o
    0x0800271e   0x0800271e   0x00000002   PAD
    0x08002720   0x08002720   0x0000002e   Code   RO          881    .text.vPortExitCritical  port.o
    0x0800274e   0x0800274e   0x00000002   PAD
    0x08002750   0x08002750   0x000000d6   Code   RO          837    .text.vPortFree     heap_4.o
    0x08002826   0x08002826   0x00000002   PAD
    0x08002828   0x08002828   0x00000034   Code   RO          871    .text.vPortSetupTimerInterrupt  port.o
    0x0800285c   0x0800285c   0x000000c4   Code   RO         1007    .text.vTaskDelay    tasks.o
    0x08002920   0x08002920   0x00000080   Code   RO         1029    .text.vTaskStartScheduler  tasks.o
    0x080029a0   0x080029a0   0x00000010   Code   RO         1009    .text.vTaskSuspendAll  tasks.o
    0x080029b0   0x080029b0   0x00000086   Code   RO         1023    .text.vTaskSwitchContext  tasks.o
    0x08002a36   0x08002a36   0x00000002   PAD
    0x08002a38   0x08002a38   0x0000012e   Code   RO          869    .text.xPortStartScheduler  port.o
    0x08002b66   0x08002b66   0x00000002   PAD
    0x08002b68   0x08002b68   0x0000002e   Code   RO          885    .text.xPortSysTickHandler  port.o
    0x08002b96   0x08002b96   0x00000002   PAD
    0x08002b98   0x08002b98   0x000000bc   Code   RO         1003    .text.xTaskCreate   tasks.o
    0x08002c54   0x08002c54   0x000000ec   Code   RO          999    .text.xTaskCreateStatic  tasks.o
    0x08002d40   0x08002d40   0x00000026   Code   RO         1065    .text.xTaskGetSchedulerState  tasks.o
    0x08002d66   0x08002d66   0x00000002   PAD
    0x08002d68   0x08002d68   0x00000180   Code   RO         1035    .text.xTaskIncrementTick  tasks.o
    0x08002ee8   0x08002ee8   0x00000138   Code   RO         1013    .text.xTaskResumeAll  tasks.o
    0x08003020   0x08003020   0x0000001a   Code   RO         1450    x$fpl$fpinit        fz_wm.l(fpinit.o)
    0x0800303a   0x0800303a   0x00000010   Data   RO          122    .rodata.AHBPrescTable  system_stm32f4xx.o
    0x0800304a   0x0800304a   0x00000008   Data   RO          123    .rodata.APBPrescTable  system_stm32f4xx.o
    0x08003052   0x08003052   0x00000100   Data   RO         1150    .rodata._ZL11__auchCRCHi  hwt605_modbus.o
    0x08003152   0x08003152   0x00000100   Data   RO         1151    .rodata._ZL11__auchCRCLo  hwt605_modbus.o
    0x08003252   0x08003252   0x00000008   Data   RO          305    .rodata.cst8        stm32f4xx_hal_dma.o
    0x0800325a   0x0800325a   0x00000019   Data   RO           30    .rodata.str1.1      freertos.o
    0x08003273   0x08003273   0x00000001   PAD
    0x08003274   0x08003274   0x00000020   Data   RO         1500    Region$$Table       anon$$obj.o


    Execution Region RW_IRAM1 (Exec base: 0x20000000, Load base: 0x08003298, Size: 0x00004bf0, Max: 0x0001c000, ABSOLUTE)

    Exec Addr    Load Addr    Size         Type   Attr      Idx    E Section Name        Object

    0x20000000   0x08003298   0x00000004   Data   RW          121    .data.SystemCoreClock  system_stm32f4xx.o
    0x20000004   0x0800329c   0x00000001   Data   RW          219    .data.uwTickFreq    stm32f4xx_hal.o
    0x20000005   0x0800329d   0x00000003   PAD
    0x20000008   0x080032a0   0x00000004   Data   RW          218    .data.uwTickPrio    stm32f4xx_hal.o
    0x2000000c   0x080032a4   0x00000004   Data   RW          891    .data.uxCriticalNesting  port.o
    0x20000010        -       0x00000060   Zero   RW         1378    .bss                c_w.l(libspace.o)
    0x20000070        -       0x00000004   Zero   RW           32    .bss.Get_IMU_DateHandle  freertos.o
    0x20000074        -       0x0000012c   Zero   RW         1154    .bss._ZZ16Receive_IMU_DataE3Buf  hwt605_modbus.o
    0x200001a0        -       0x00000001   Zero   RW         1152    .bss._ZZ16Receive_IMU_DataE4step  hwt605_modbus.o
    0x200001a1        -       0x00000001   Zero   RW         1153    .bss._ZZ16Receive_IMU_DataE5count  hwt605_modbus.o
    0x200001a2   0x080032a8   0x00000002   PAD
    0x200001a4        -       0x0000002c   Zero   RW         1147    .bss.a              hwt605_modbus.o
    0x200001d0        -       0x00000004   Zero   RW         1148    .bss.b              hwt605_modbus.o
    0x200001d4        -       0x00000002   Zero   RW         1149    .bss.c              hwt605_modbus.o
    0x200001d6   0x080032a8   0x00000002   PAD
    0x200001d8        -       0x00000004   Zero   RW           31    .bss.defaultTaskHandle  freertos.o
    0x200001dc        -       0x00000060   Zero   RW          148    .bss.hdma_uart4_rx  usart.o
    0x2000023c        -       0x00000060   Zero   RW          149    .bss.hdma_uart4_tx  usart.o
    0x2000029c        -       0x00000060   Zero   RW          150    .bss.hdma_usart1_rx  usart.o
    0x200002fc        -       0x00000060   Zero   RW          151    .bss.hdma_usart1_tx  usart.o
    0x2000035c        -       0x00000060   Zero   RW          152    .bss.hdma_usart2_rx  usart.o
    0x200003bc        -       0x00000060   Zero   RW          153    .bss.hdma_usart2_tx  usart.o
    0x2000041c        -       0x00000060   Zero   RW          154    .bss.hdma_usart3_rx  usart.o
    0x2000047c        -       0x00000060   Zero   RW          155    .bss.hdma_usart3_tx  usart.o
    0x200004dc        -       0x00000048   Zero   RW          145    .bss.huart1         usart.o
    0x20000524        -       0x00000048   Zero   RW          146    .bss.huart2         usart.o
    0x2000056c        -       0x00000048   Zero   RW          147    .bss.huart3         usart.o
    0x200005b4        -       0x00000048   Zero   RW          144    .bss.huart4         usart.o
    0x200005fc        -       0x00000001   Zero   RW         1146    .bss.hwt605buf      hwt605_modbus.o
    0x200005fd   0x080032a8   0x00000003   PAD
    0x20000600        -       0x00000044   Zero   RW         1145    .bss.imu            hwt605_modbus.o
    0x20000644        -       0x00000004   Zero   RW         1091    .bss.pxCurrentTCB   tasks.o
    0x20000648        -       0x00000004   Zero   RW         1107    .bss.pxDelayedTaskList  tasks.o
    0x2000064c        -       0x00000004   Zero   RW          847    .bss.pxEnd          heap_4.o
    0x20000650        -       0x00000004   Zero   RW         1108    .bss.pxOverflowDelayedTaskList  tasks.o
    0x20000654        -       0x0000008c   Zero   RW         1092    .bss.pxReadyTasksLists  tasks.o
    0x200006e0        -       0x00003c00   Zero   RW          854    .bss.ucHeap         heap_4.o
    0x200042e0        -       0x00000001   Zero   RW          889    .bss.ucMaxSysCallPriority  port.o
    0x200042e1   0x080032a8   0x00000003   PAD
    0x200042e4        -       0x00000004   Zero   RW          890    .bss.ulMaxPRIGROUPValue  port.o
    0x200042e8        -       0x00000004   Zero   RW          220    .bss.uwTick         stm32f4xx_hal.o
    0x200042ec        -       0x00000004   Zero   RW         1097    .bss.uxCurrentNumberOfTasks  tasks.o
    0x200042f0        -       0x00000004   Zero   RW         1096    .bss.uxDeletedTasksWaitingCleanUp  tasks.o
    0x200042f4        -       0x00000004   Zero   RW         1099    .bss.uxSchedulerSuspended  tasks.o
    0x200042f8        -       0x00000004   Zero   RW         1094    .bss.uxTaskNumber   tasks.o
    0x200042fc        -       0x00000004   Zero   RW         1093    .bss.uxTopReadyPriority  tasks.o
    0x20004300        -       0x00000001   Zero   RW          848    .bss.xBlockAllocatedBit  heap_4.o
    0x20004301   0x080032a8   0x00000003   PAD
    0x20004304        -       0x00000014   Zero   RW         1110    .bss.xDelayedTaskList1  tasks.o
    0x20004318        -       0x00000014   Zero   RW         1111    .bss.xDelayedTaskList2  tasks.o
    0x2000432c        -       0x00000004   Zero   RW          849    .bss.xFreeBytesRemaining  heap_4.o
    0x20004330        -       0x00000200   Zero   RW           29    .bss.xIdleStack     freertos.o
    0x20004530        -       0x00000004   Zero   RW         1102    .bss.xIdleTaskHandle  tasks.o
    0x20004534        -       0x00000054   Zero   RW           28    .bss.xIdleTaskTCBBuffer  freertos.o
    0x20004588        -       0x00000004   Zero   RW          851    .bss.xMinimumEverFreeBytesRemaining  heap_4.o
    0x2000458c        -       0x00000004   Zero   RW         1103    .bss.xNextTaskUnblockTime  tasks.o
    0x20004590        -       0x00000004   Zero   RW         1109    .bss.xNumOfOverflows  tasks.o
    0x20004594        -       0x00000004   Zero   RW          852    .bss.xNumberOfSuccessfulAllocations  heap_4.o
    0x20004598        -       0x00000004   Zero   RW          853    .bss.xNumberOfSuccessfulFrees  heap_4.o
    0x2000459c        -       0x00000004   Zero   RW         1106    .bss.xPendedTicks   tasks.o
    0x200045a0        -       0x00000014   Zero   RW         1101    .bss.xPendingReadyList  tasks.o
    0x200045b4        -       0x00000004   Zero   RW         1098    .bss.xSchedulerRunning  tasks.o
    0x200045b8        -       0x00000008   Zero   RW          850    .bss.xStart         heap_4.o
    0x200045c0        -       0x00000014   Zero   RW         1100    .bss.xSuspendedTaskList  tasks.o
    0x200045d4        -       0x00000014   Zero   RW         1095    .bss.xTasksWaitingTermination  tasks.o
    0x200045e8        -       0x00000004   Zero   RW         1104    .bss.xTickCount     tasks.o
    0x200045ec        -       0x00000004   Zero   RW         1105    .bss.xYieldPending  tasks.o
    0x200045f0        -       0x00000200   Zero   RW            2    HEAP                startup_stm32f407xx.o
    0x200047f0        -       0x00000400   Zero   RW            1    STACK               startup_stm32f407xx.o


    Execution Region RW_IRAM2 (Exec base: 0x2001c000, Load base: 0x080032a8, Size: 0x00000000, Max: 0x00004000, ABSOLUTE)

    **** No section assigned to this execution region ****


==============================================================================

Image component sizes


      Code (inc. data)   RO Data    RW Data    ZI Data      Debug   Object Name

       120          0          0          0          0      22655   cmsis_os.o
       188          0          0          0          0       3722   dma.o
       182         56         25          0        604       3643   freertos.o
        76          0          0          0          0       1627   gpio.o
       626          0          0          0      15389       5296   heap_4.o
       590         14        512          0        421      11371   hwt605_modbus.o
       150          0          0          0          0       2422   list.o
       222          0          0          0          0       3673   main.o
       798         16          0          4          5       4348   port.o
        22          0          0          0          0       2149   startup_main.o
        64         26        392          0       1536        960   startup_stm32f407xx.o
       172          0          0          5          4       7539   stm32f4xx_hal.o
       196          0          0          0          0      10960   stm32f4xx_hal_cortex.o
       874          4          8          0          0       9868   stm32f4xx_hal_dma.o
       404          0          0          0          0       5300   stm32f4xx_hal_gpio.o
        66          0          0          0          0       3740   stm32f4xx_hal_msp.o
      1392          0          0          0          0       7497   stm32f4xx_hal_rcc.o
      1626          0          0          0          0      27285   stm32f4xx_hal_uart.o
       168          0          0          0          0       5427   stm32f4xx_it.o
        18          0         24          4          0       2852   system_stm32f4xx.o
      2064          8          0          0        300      27338   tasks.o
      1178          0          0          0       1056       8597   usart.o

    ----------------------------------------------------------------------
     11284        124        994         16      19328     178269   Object Totals
         0          0         32          0          0          0   (incl. Generated)
        88          0          1          3         13          0   (incl. Padding)

    ----------------------------------------------------------------------

      Code (inc. data)   RO Data    RW Data    ZI Data      Debug   Library Member Name

         8          0          0          0          0         68   __main.o
         0          0          0          0          0          0   __rtentry.o
        12          0          0          0          0          0   __rtentry2.o
         6          0          0          0          0          0   __rtentry4.o
        94          8          0          0          0          0   __scatter.o
        26          0          0          0          0          0   __scatter_copy.o
        28          0          0          0          0          0   __scatter_zi.o
        18          0          0          0          0         80   exit.o
         6          0          0          0          0        152   heapauxi.o
         0          0          0          0          0          0   indicate_semi.o
         2          0          0          0          0          0   libinit.o
         6          0          0          0          0          0   libinit2.o
         2          0          0          0          0          0   libshutdown.o
         2          0          0          0          0          0   libshutdown2.o
         8          4          0          0         96         68   libspace.o
       240          0          0          0          0        100   lludivv7m.o
        78          0          0          0          0         80   rt_memclr_w.o
         2          0          0          0          0          0   rtexit.o
        10          0          0          0          0          0   rtexit2.o
        12          4          0          0          0         68   sys_exit.o
        74          0          0          0          0         80   sys_stackheap_outer.o
         2          0          0          0          0         68   use_no_semi.o
        26          0          0          0          0        116   fpinit.o

    ----------------------------------------------------------------------
       670         16          0          0         96        880   Library Totals
         8          0          0          0          0          0   (incl. Padding)

    ----------------------------------------------------------------------

      Code (inc. data)   RO Data    RW Data    ZI Data      Debug   Library Name

       636         16          0          0         96        764   c_w.l
        26          0          0          0          0        116   fz_wm.l

    ----------------------------------------------------------------------
       670         16          0          0         96        880   Library Totals

    ----------------------------------------------------------------------

==============================================================================


      Code (inc. data)   RO Data    RW Data    ZI Data      Debug   

     11954        140        994         16      19424     178557   Grand Totals
     11954        140        994         16      19424     178557   ELF Image Totals
     11954        140        994         16          0          0   ROM Totals

==============================================================================

    Total RO  Size (Code + RO Data)                12948 (  12.64kB)
    Total RW  Size (RW Data + ZI Data)             19440 (  18.98kB)
    Total ROM Size (Code + RO Data + RW Data)      12964 (  12.66kB)

==============================================================================

